Archive member included to satisfy reference by file (symbol)

/usr/lib/gcc/arm-none-eabi/9.2.1/thumb/v6-m/nofp/libgcc.a(_dvmd_tls.o)
                              CMakeFiles/lcd.dir/home/savaobay/pico/pico-sdk/src/rp2_common/pico_divider/divider.S.obj (__aeabi_idiv0)
/usr/lib/gcc/arm-none-eabi/9.2.1/../../../arm-none-eabi/lib/thumb/v6-m/nofp/libg.a(lib_a-atexit.o)
                              /usr/lib/gcc/arm-none-eabi/9.2.1/../../../arm-none-eabi/lib/thumb/v6-m/nofp/crt0.o (atexit)
/usr/lib/gcc/arm-none-eabi/9.2.1/../../../arm-none-eabi/lib/thumb/v6-m/nofp/libg.a(lib_a-calloc.o)
                              CMakeFiles/lcd.dir/home/savaobay/pico/pico-sdk/src/rp2_common/pico_malloc/pico_malloc.c.obj (calloc)
/usr/lib/gcc/arm-none-eabi/9.2.1/../../../arm-none-eabi/lib/thumb/v6-m/nofp/libg.a(lib_a-callocr.o)
                              /usr/lib/gcc/arm-none-eabi/9.2.1/../../../arm-none-eabi/lib/thumb/v6-m/nofp/libg.a(lib_a-calloc.o) (_calloc_r)
/usr/lib/gcc/arm-none-eabi/9.2.1/../../../arm-none-eabi/lib/thumb/v6-m/nofp/libg.a(lib_a-ctype_.o)
                              CMakeFiles/lcd.dir/home/savaobay/pico/pico-sdk/lib/tinyusb/src/tusb.c.obj (_ctype_)
/usr/lib/gcc/arm-none-eabi/9.2.1/../../../arm-none-eabi/lib/thumb/v6-m/nofp/libg.a(lib_a-fini.o)
                              /usr/lib/gcc/arm-none-eabi/9.2.1/../../../arm-none-eabi/lib/thumb/v6-m/nofp/crt0.o (__libc_fini_array)
/usr/lib/gcc/arm-none-eabi/9.2.1/../../../arm-none-eabi/lib/thumb/v6-m/nofp/libg.a(lib_a-impure.o)
                              /usr/lib/gcc/arm-none-eabi/9.2.1/../../../arm-none-eabi/lib/thumb/v6-m/nofp/libg.a(lib_a-calloc.o) (_impure_ptr)
/usr/lib/gcc/arm-none-eabi/9.2.1/../../../arm-none-eabi/lib/thumb/v6-m/nofp/libg.a(lib_a-init.o)
                              /usr/lib/gcc/arm-none-eabi/9.2.1/../../../arm-none-eabi/lib/thumb/v6-m/nofp/crt0.o (__libc_init_array)
/usr/lib/gcc/arm-none-eabi/9.2.1/../../../arm-none-eabi/lib/thumb/v6-m/nofp/libg.a(lib_a-malloc.o)
                              CMakeFiles/lcd.dir/home/savaobay/pico/pico-sdk/src/rp2_common/pico_malloc/pico_malloc.c.obj (malloc)
/usr/lib/gcc/arm-none-eabi/9.2.1/../../../arm-none-eabi/lib/thumb/v6-m/nofp/libg.a(lib_a-mallocr.o)
                              /usr/lib/gcc/arm-none-eabi/9.2.1/../../../arm-none-eabi/lib/thumb/v6-m/nofp/libg.a(lib_a-callocr.o) (_malloc_r)
/usr/lib/gcc/arm-none-eabi/9.2.1/../../../arm-none-eabi/lib/thumb/v6-m/nofp/libg.a(lib_a-mlock.o)
                              /usr/lib/gcc/arm-none-eabi/9.2.1/../../../arm-none-eabi/lib/thumb/v6-m/nofp/libg.a(lib_a-mallocr.o) (__malloc_lock)
/usr/lib/gcc/arm-none-eabi/9.2.1/../../../arm-none-eabi/lib/thumb/v6-m/nofp/libg.a(lib_a-sbrkr.o)
                              /usr/lib/gcc/arm-none-eabi/9.2.1/../../../arm-none-eabi/lib/thumb/v6-m/nofp/libg.a(lib_a-mallocr.o) (_sbrk_r)
/usr/lib/gcc/arm-none-eabi/9.2.1/../../../arm-none-eabi/lib/thumb/v6-m/nofp/libg.a(lib_a-strlen-stub.o)
                              CMakeFiles/lcd.dir/main.c.obj (strlen)
/usr/lib/gcc/arm-none-eabi/9.2.1/../../../arm-none-eabi/lib/thumb/v6-m/nofp/libg.a(lib_a-__atexit.o)
                              /usr/lib/gcc/arm-none-eabi/9.2.1/../../../arm-none-eabi/lib/thumb/v6-m/nofp/libg.a(lib_a-atexit.o) (__register_exitproc)
/usr/lib/gcc/arm-none-eabi/9.2.1/../../../arm-none-eabi/lib/thumb/v6-m/nofp/libg.a(lib_a-freer.o)
                              /usr/lib/gcc/arm-none-eabi/9.2.1/../../../arm-none-eabi/lib/thumb/v6-m/nofp/libg.a(lib_a-malloc.o) (_free_r)
/usr/lib/gcc/arm-none-eabi/9.2.1/../../../arm-none-eabi/lib/thumb/v6-m/nofp/libg.a(lib_a-reent.o)
                              /usr/lib/gcc/arm-none-eabi/9.2.1/../../../arm-none-eabi/lib/thumb/v6-m/nofp/libg.a(lib_a-sbrkr.o) (errno)

Allocating common symbols
Common symbol       size              file

sf_table            0x100             CMakeFiles/lcd.dir/home/savaobay/pico/pico-sdk/src/rp2_common/pico_float/float_init_rom.c.obj
errno               0x4               /usr/lib/gcc/arm-none-eabi/9.2.1/../../../arm-none-eabi/lib/thumb/v6-m/nofp/libg.a(lib_a-reent.o)
_usbd_qdef_buf      0xc0              CMakeFiles/lcd.dir/home/savaobay/pico/pico-sdk/lib/tinyusb/src/device/usbd.c.obj
sf_clz_func         0x4               CMakeFiles/lcd.dir/home/savaobay/pico/pico-sdk/src/rp2_common/pico_float/float_init_rom.c.obj
sd_table            0x100             CMakeFiles/lcd.dir/home/savaobay/pico/pico-sdk/src/rp2_common/pico_double/double_init_rom.c.obj
uart_char_to_line_feed
                    0x4               CMakeFiles/lcd.dir/home/savaobay/pico/pico-sdk/src/rp2_common/hardware_uart/uart.c.obj

Discarded input sections

 .text          0x0000000000000000        0x0 /usr/lib/gcc/arm-none-eabi/9.2.1/thumb/v6-m/nofp/crti.o
 .data          0x0000000000000000        0x0 /usr/lib/gcc/arm-none-eabi/9.2.1/thumb/v6-m/nofp/crti.o
 .bss           0x0000000000000000        0x0 /usr/lib/gcc/arm-none-eabi/9.2.1/thumb/v6-m/nofp/crti.o
[...]
Memory Configuration

Name             Origin             Length             Attributes
FLASH            0x0000000010000000 0x0000000000200000 xr
RAM              0x0000000020000000 0x0000000000040000 xrw
SCRATCH_X        0x0000000020040000 0x0000000000001000 xrw
SCRATCH_Y        0x0000000020041000 0x0000000000001000 xrw
*default*        0x0000000000000000 0xffffffffffffffff

Linker script and memory map

LOAD /usr/lib/gcc/arm-none-eabi/9.2.1/thumb/v6-m/nofp/crti.o
LOAD /usr/lib/gcc/arm-none-eabi/9.2.1/thumb/v6-m/nofp/crtbegin.o
LOAD /usr/lib/gcc/arm-none-eabi/9.2.1/../../../arm-none-eabi/lib/thumb/v6-m/nofp/crt0.o

.flash_begin    0x0000000010000000        0x0
                0x0000000010000000                __flash_binary_start = .

.boot2          0x0000000010000000      0x100
                0x0000000010000000                __boot2_start__ = .
 *(.boot2)
 .boot2         0x0000000010000000      0x100 /tmp/ccVZW89K.o
                0x0000000010000100                __boot2_end__ = .
                0x0000000000000001                ASSERT (((__boot2_end__ - __boot2_start__) == 0x100), ERROR: Pico second stage bootloader must be 256 bytes in size)

.text           0x0000000010000100     0x41f8
                0x0000000010000100                __logical_binary_start = .
 *(.vectors)
 .vectors       0x0000000010000100       0xd4 CMakeFiles/lcd.dir/home/savaobay/pico/pico-sdk/src/rp2_common/pico_standard_link/crt0.S.obj
                0x0000000010000100                __vectors
                0x00000000100001c0                isr_invalid
                0x00000000100001c2                isr_nmi
                0x00000000100001c4                isr_hardfault
                0x00000000100001c6                isr_svcall
                0x00000000100001c8                isr_pendsv
                0x00000000100001ca                isr_systick
                0x00000000100001cc                isr_irq30
                0x00000000100001cc                __unhandled_user_irq
                0x00000000100001cc                isr_irq13
                0x00000000100001cc                isr_irq27
                0x00000000100001cc                isr_irq31
                0x00000000100001cc                isr_irq5
                0x00000000100001cc                isr_irq11
                0x00000000100001cc                isr_irq23
                0x00000000100001cc                isr_irq18
                0x00000000100001cc                isr_irq28
                0x00000000100001cc                isr_irq19
                0x00000000100001cc                isr_irq0
                0x00000000100001cc                isr_irq6
                0x00000000100001cc                isr_irq22
                0x00000000100001cc                isr_irq17
                0x00000000100001cc                isr_irq14
                0x00000000100001cc                isr_irq2
                0x00000000100001cc                isr_irq10
                0x00000000100001cc                isr_irq8
                0x00000000100001cc                isr_irq24
                0x00000000100001cc                isr_irq1
                0x00000000100001cc                isr_irq7
                0x00000000100001cc                isr_irq21
                0x00000000100001cc                isr_irq20
                0x00000000100001cc                isr_irq15
                0x00000000100001cc                isr_irq25
                0x00000000100001cc                isr_irq4
                0x00000000100001cc                isr_irq16
                0x00000000100001cc                isr_irq29
                0x00000000100001cc                isr_irq26
                0x00000000100001cc                isr_irq3
                0x00000000100001cc                isr_irq12
                0x00000000100001cc                isr_irq9
                0x00000000100001d2                unhandled_user_irq_num_in_r0
 *(.binary_info_header)
 .binary_info_header
                0x00000000100001d4       0x14 CMakeFiles/lcd.dir/home/savaobay/pico/pico-sdk/src/rp2_common/pico_standard_link/crt0.S.obj
                0x00000000100001e8                __binary_info_header_end = .
 *(.reset)
 .reset         0x00000000100001e8       0xa8 CMakeFiles/lcd.dir/home/savaobay/pico/pico-sdk/src/rp2_common/pico_standard_link/crt0.S.obj
                0x00000000100001e8                _entry_point
                0x0000000010000266                __get_current_exception
 .reset         0x0000000010000290       0x30 CMakeFiles/lcd.dir/home/savaobay/pico/pico-sdk/src/rp2_common/pico_standard_link/binary_info.c.obj
 *(.init)
 .init          0x00000000100002c0        0x4 /usr/lib/gcc/arm-none-eabi/9.2.1/thumb/v6-m/nofp/crti.o
                0x00000000100002c0                _init
 *(EXCLUDE_FILE(*libm.a: *libc.a:*lib_a-mem*.o *libgcc.a:) .text*)
 .text          0x00000000100002c4       0x98 /usr/lib/gcc/arm-none-eabi/9.2.1/thumb/v6-m/nofp/crtbegin.o
 .text.main     0x000000001000035c       0x80 CMakeFiles/lcd.dir/main.c.obj
                0x000000001000035c                main
 .text.i2c_write_byte
                0x00000000100003dc       0x20 CMakeFiles/lcd.dir/lcd_1602_i2c.c.obj
                0x00000000100003dc                i2c_write_byte
 .text.lcd_toggle_enable
                0x00000000100003fc       0x38 CMakeFiles/lcd.dir/lcd_1602_i2c.c.obj
                0x00000000100003fc                lcd_toggle_enable
 .text.lcd_send_byte
                0x0000000010000434       0x38 CMakeFiles/lcd.dir/lcd_1602_i2c.c.obj
                0x0000000010000434                lcd_send_byte
 .text.lcd_clear
                0x000000001000046c        0xc CMakeFiles/lcd.dir/lcd_1602_i2c.c.obj
                0x000000001000046c                lcd_clear
 .text.lcd_set_cursor
                0x0000000010000478       0x1a CMakeFiles/lcd.dir/lcd_1602_i2c.c.obj
                0x0000000010000478                lcd_set_cursor
 .text.lcd_string
                0x0000000010000492       0x16 CMakeFiles/lcd.dir/lcd_1602_i2c.c.obj
                0x0000000010000492                lcd_string
 .text.lcd_init
                0x00000000100004a8       0x40 CMakeFiles/lcd.dir/lcd_1602_i2c.c.obj
                0x00000000100004a8                lcd_init
 .text.gpio_set_function
                0x00000000100004e8       0x30 CMakeFiles/lcd.dir/home/savaobay/pico/pico-sdk/src/rp2_common/hardware_gpio/gpio.c.obj
                0x00000000100004e8                gpio_set_function
 .text.gpio_set_pulls
                0x0000000010000518       0x34 CMakeFiles/lcd.dir/home/savaobay/pico/pico-sdk/src/rp2_common/hardware_gpio/gpio.c.obj
                0x0000000010000518                gpio_set_pulls
 .text.hw_claim_lock
                0x000000001000054c       0x18 CMakeFiles/lcd.dir/home/savaobay/pico/pico-sdk/src/rp2_common/hardware_claim/claim.c.obj
                0x000000001000054c                hw_claim_lock
 .text.hw_claim_unlock
                0x0000000010000564       0x14 CMakeFiles/lcd.dir/home/savaobay/pico/pico-sdk/src/rp2_common/hardware_claim/claim.c.obj
                0x0000000010000564                hw_claim_unlock
 .text.hw_claim_or_assert
                0x0000000010000578       0x36 CMakeFiles/lcd.dir/home/savaobay/pico/pico-sdk/src/rp2_common/hardware_claim/claim.c.obj
                0x0000000010000578                hw_claim_or_assert
 *fill*         0x00000000100005ae        0x2 
 .text.spin_locks_reset
                0x00000000100005b0       0x20 CMakeFiles/lcd.dir/home/savaobay/pico/pico-sdk/src/rp2_common/hardware_sync/sync.c.obj
                0x00000000100005b0                spin_locks_reset
 .text.next_striped_spin_lock_num
                0x00000000100005d0       0x1c CMakeFiles/lcd.dir/home/savaobay/pico/pico-sdk/src/rp2_common/hardware_sync/sync.c.obj
                0x00000000100005d0                next_striped_spin_lock_num
 .text.running_on_fpga
                0x00000000100005ec       0x14 CMakeFiles/lcd.dir/home/savaobay/pico/pico-sdk/src/rp2_common/pico_platform/platform.c.obj
                0x00000000100005ec                running_on_fpga
 .text.sev_callback
                0x0000000010000600        0x8 CMakeFiles/lcd.dir/home/savaobay/pico/pico-sdk/src/common/pico_time/time.c.obj
 .text.alarm_pool_post_alloc_init
                0x0000000010000608       0x40 CMakeFiles/lcd.dir/home/savaobay/pico/pico-sdk/src/common/pico_time/time.c.obj
 .text.timer_pool_entry_comparator
                0x0000000010000648       0x78 CMakeFiles/lcd.dir/home/savaobay/pico/pico-sdk/src/common/pico_time/time.c.obj
                0x0000000010000648                timer_pool_entry_comparator
 .text.ph_add_child_node
                0x00000000100006c0       0xa4 CMakeFiles/lcd.dir/home/savaobay/pico/pico-sdk/src/common/pico_time/time.c.obj
 .text.ph_merge_nodes
                0x0000000010000764       0x3e CMakeFiles/lcd.dir/home/savaobay/pico/pico-sdk/src/common/pico_time/time.c.obj
 *fill*         0x00000000100007a2        0x2 
 .text.add_alarm_under_lock
                0x00000000100007a4      0x174 CMakeFiles/lcd.dir/home/savaobay/pico/pico-sdk/src/common/pico_time/time.c.obj
 .text.alarm_pool_alarm_callback
                0x0000000010000918      0x308 CMakeFiles/lcd.dir/home/savaobay/pico/pico-sdk/src/common/pico_time/time.c.obj
 .text.alarm_pool_init_default
                0x0000000010000c20       0x2c CMakeFiles/lcd.dir/home/savaobay/pico/pico-sdk/src/common/pico_time/time.c.obj
                0x0000000010000c20                alarm_pool_init_default
 .text.alarm_pool_get_default
                0x0000000010000c4c       0x2c CMakeFiles/lcd.dir/home/savaobay/pico/pico-sdk/src/common/pico_time/time.c.obj
                0x0000000010000c4c                alarm_pool_get_default
 .text.alarm_pool_add_alarm_at
                0x0000000010000c78      0x140 CMakeFiles/lcd.dir/home/savaobay/pico/pico-sdk/src/common/pico_time/time.c.obj
                0x0000000010000c78                alarm_pool_add_alarm_at
 .text.sleep_until
                0x0000000010000db8       0xa0 CMakeFiles/lcd.dir/home/savaobay/pico/pico-sdk/src/common/pico_time/time.c.obj
                0x0000000010000db8                sleep_until
 .text.sleep_us
                0x0000000010000e58       0x2e CMakeFiles/lcd.dir/home/savaobay/pico/pico-sdk/src/common/pico_time/time.c.obj
                0x0000000010000e58                sleep_us
 .text.sleep_ms
                0x0000000010000e86       0x14 CMakeFiles/lcd.dir/home/savaobay/pico/pico-sdk/src/common/pico_time/time.c.obj
                0x0000000010000e86                sleep_ms
 *fill*         0x0000000010000e9a        0x2 
 .text.hardware_alarm_irq_handler
                0x0000000010000e9c       0x8c CMakeFiles/lcd.dir/home/savaobay/pico/pico-sdk/src/rp2_common/hardware_timer/timer.c.obj
 .text.hardware_alarm_claim
                0x0000000010000f28       0x18 CMakeFiles/lcd.dir/home/savaobay/pico/pico-sdk/src/rp2_common/hardware_timer/timer.c.obj
                0x0000000010000f28                hardware_alarm_claim
 .text.time_us_64
                0x0000000010000f40       0x18 CMakeFiles/lcd.dir/home/savaobay/pico/pico-sdk/src/rp2_common/hardware_timer/timer.c.obj
                0x0000000010000f40                time_us_64
 .text.busy_wait_until
                0x0000000010000f58       0x24 CMakeFiles/lcd.dir/home/savaobay/pico/pico-sdk/src/rp2_common/hardware_timer/timer.c.obj
                0x0000000010000f58                busy_wait_until
 .text.hardware_alarm_set_callback
                0x0000000010000f7c       0x90 CMakeFiles/lcd.dir/home/savaobay/pico/pico-sdk/src/rp2_common/hardware_timer/timer.c.obj
                0x0000000010000f7c                hardware_alarm_set_callback
 .text.hardware_alarm_set_target
                0x000000001000100c       0xc8 CMakeFiles/lcd.dir/home/savaobay/pico/pico-sdk/src/rp2_common/hardware_timer/timer.c.obj
                0x000000001000100c                hardware_alarm_set_target
 .text.hardware_alarm_cancel
                0x00000000100010d4       0x40 CMakeFiles/lcd.dir/home/savaobay/pico/pico-sdk/src/rp2_common/hardware_timer/timer.c.obj
                0x00000000100010d4                hardware_alarm_cancel
 .text.lock_init
                0x0000000010001114       0x10 CMakeFiles/lcd.dir/home/savaobay/pico/pico-sdk/src/common/pico_sync/lock_core.c.obj
                0x0000000010001114                lock_init
 .text.mutex_init
                0x0000000010001124       0x1a CMakeFiles/lcd.dir/home/savaobay/pico/pico-sdk/src/common/pico_sync/mutex.c.obj
                0x0000000010001124                mutex_init
 *fill*         0x000000001000113e        0x2 
 .text.ph_add_child_node
                0x0000000010001140       0xa4 CMakeFiles/lcd.dir/home/savaobay/pico/pico-sdk/src/common/pico_util/pheap.c.obj
 .text.ph_merge_nodes
                0x00000000100011e4       0x3e CMakeFiles/lcd.dir/home/savaobay/pico/pico-sdk/src/common/pico_util/pheap.c.obj
 *fill*         0x0000000010001222        0x2 
 .text.ph_clear
                0x0000000010001224       0x70 CMakeFiles/lcd.dir/home/savaobay/pico/pico-sdk/src/common/pico_util/pheap.c.obj
                0x0000000010001224                ph_clear
 .text.ph_post_alloc_init
                0x0000000010001294        0xe CMakeFiles/lcd.dir/home/savaobay/pico/pico-sdk/src/common/pico_util/pheap.c.obj
                0x0000000010001294                ph_post_alloc_init
 *fill*         0x00000000100012a2        0x2 
 .text.ph_merge_two_pass
                0x00000000100012a4       0xa8 CMakeFiles/lcd.dir/home/savaobay/pico/pico-sdk/src/common/pico_util/pheap.c.obj
                0x00000000100012a4                ph_merge_two_pass
 .text.ph_remove_any_head
                0x000000001000134c      0x108 CMakeFiles/lcd.dir/home/savaobay/pico/pico-sdk/src/common/pico_util/pheap.c.obj
 .text.ph_remove_head
                0x0000000010001454       0x14 CMakeFiles/lcd.dir/home/savaobay/pico/pico-sdk/src/common/pico_util/pheap.c.obj
                0x0000000010001454                ph_remove_head
 .text.ph_remove_and_free_node
                0x0000000010001468       0xf8 CMakeFiles/lcd.dir/home/savaobay/pico/pico-sdk/src/common/pico_util/pheap.c.obj
                0x0000000010001468                ph_remove_and_free_node
 .text.runtime_init
                0x0000000010001560       0xcc CMakeFiles/lcd.dir/home/savaobay/pico/pico-sdk/src/rp2_common/pico_runtime/runtime.c.obj
                0x0000000010001560                runtime_init
 .text._exit    0x000000001000162c        0x4 CMakeFiles/lcd.dir/home/savaobay/pico/pico-sdk/src/rp2_common/pico_runtime/runtime.c.obj
                0x000000001000162c                _exit
 .text.exit     0x0000000010001630        0x6 CMakeFiles/lcd.dir/home/savaobay/pico/pico-sdk/src/rp2_common/pico_runtime/runtime.c.obj
                0x0000000010001630                exit
 *fill*         0x0000000010001636        0x2 
 .text.__assert_func
                0x0000000010001638       0x3c CMakeFiles/lcd.dir/home/savaobay/pico/pico-sdk/src/rp2_common/pico_runtime/runtime.c.obj
                0x0000000010001638                __assert_func
 .text.panic    0x0000000010001674       0x30 CMakeFiles/lcd.dir/home/savaobay/pico/pico-sdk/src/rp2_common/pico_runtime/runtime.c.obj
                0x0000000010001674                panic
 .text.clock_configure
                0x00000000100016a4       0xe8 CMakeFiles/lcd.dir/home/savaobay/pico/pico-sdk/src/rp2_common/hardware_clocks/clocks.c.obj
                0x00000000100016a4                clock_configure
 .text.clocks_init
                0x000000001000178c      0x124 CMakeFiles/lcd.dir/home/savaobay/pico/pico-sdk/src/rp2_common/hardware_clocks/clocks.c.obj
                0x000000001000178c                clocks_init
 .text.clock_get_hz
                0x00000000100018b0        0xc CMakeFiles/lcd.dir/home/savaobay/pico/pico-sdk/src/rp2_common/hardware_clocks/clocks.c.obj
                0x00000000100018b0                clock_get_hz
 .text.watchdog_start_tick
                0x00000000100018bc       0x10 CMakeFiles/lcd.dir/home/savaobay/pico/pico-sdk/src/rp2_common/hardware_watchdog/watchdog.c.obj
                0x00000000100018bc                watchdog_start_tick
 .text.xosc_init
                0x00000000100018cc       0x28 CMakeFiles/lcd.dir/home/savaobay/pico/pico-sdk/src/rp2_common/hardware_xosc/xosc.c.obj
                0x00000000100018cc                xosc_init
 .text.pll_init
                0x00000000100018f4       0xd0 CMakeFiles/lcd.dir/home/savaobay/pico/pico-sdk/src/rp2_common/hardware_pll/pll.c.obj
                0x00000000100018f4                pll_init
 .text.set_raw_irq_handler_and_unlock
                0x00000000100019c4       0x28 CMakeFiles/lcd.dir/home/savaobay/pico/pico-sdk/src/rp2_common/hardware_irq/irq.c.obj
 .text.make_branch
                0x00000000100019ec       0x34 CMakeFiles/lcd.dir/home/savaobay/pico/pico-sdk/src/rp2_common/hardware_irq/irq.c.obj
 .text.insert_branch_and_link
                0x0000000010001a20       0x40 CMakeFiles/lcd.dir/home/savaobay/pico/pico-sdk/src/rp2_common/hardware_irq/irq.c.obj
 .text.irq_is_enabled
                0x0000000010001a60       0x18 CMakeFiles/lcd.dir/home/savaobay/pico/pico-sdk/src/rp2_common/hardware_irq/irq.c.obj
                0x0000000010001a60                irq_is_enabled
 .text.irq_set_mask_enabled
                0x0000000010001a78       0x20 CMakeFiles/lcd.dir/home/savaobay/pico/pico-sdk/src/rp2_common/hardware_irq/irq.c.obj
                0x0000000010001a78                irq_set_mask_enabled
 .text.irq_set_enabled
                0x0000000010001a98        0xe CMakeFiles/lcd.dir/home/savaobay/pico/pico-sdk/src/rp2_common/hardware_irq/irq.c.obj
                0x0000000010001a98                irq_set_enabled
 *fill*         0x0000000010001aa6        0x2 
 .text.irq_get_vtable_handler
                0x0000000010001aa8       0x10 CMakeFiles/lcd.dir/home/savaobay/pico/pico-sdk/src/rp2_common/hardware_irq/irq.c.obj
                0x0000000010001aa8                irq_get_vtable_handler
 .text.irq_set_exclusive_handler
                0x0000000010001ab8       0x54 CMakeFiles/lcd.dir/home/savaobay/pico/pico-sdk/src/rp2_common/hardware_irq/irq.c.obj
                0x0000000010001ab8                irq_set_exclusive_handler
 .text.irq_remove_handler
                0x0000000010001b0c      0x1ac CMakeFiles/lcd.dir/home/savaobay/pico/pico-sdk/src/rp2_common/hardware_irq/irq.c.obj
                0x0000000010001b0c                irq_remove_handler
 .text.irq_set_priority
                0x0000000010001cb8       0x28 CMakeFiles/lcd.dir/home/savaobay/pico/pico-sdk/src/rp2_common/hardware_irq/irq.c.obj
                0x0000000010001cb8                irq_set_priority
 .text.irq_add_tail_to_free_list
                0x0000000010001ce0       0xf0 CMakeFiles/lcd.dir/home/savaobay/pico/pico-sdk/src/rp2_common/hardware_irq/irq.c.obj
                0x0000000010001ce0                irq_add_tail_to_free_list
 .text.irq_init_priorities
                0x0000000010001dd0       0x16 CMakeFiles/lcd.dir/home/savaobay/pico/pico-sdk/src/rp2_common/hardware_irq/irq.c.obj
                0x0000000010001dd0                irq_init_priorities
 .text._out_null
                0x0000000010001de6        0x2 CMakeFiles/lcd.dir/home/savaobay/pico/pico-sdk/src/rp2_common/pico_printf/printf.c.obj
 .text._out_fct
                0x0000000010001de8        0xe CMakeFiles/lcd.dir/home/savaobay/pico/pico-sdk/src/rp2_common/pico_printf/printf.c.obj
 .text._atoi    0x0000000010001df6       0x24 CMakeFiles/lcd.dir/home/savaobay/pico/pico-sdk/src/rp2_common/pico_printf/printf.c.obj
 .text._out_rev
                0x0000000010001e1a       0xae CMakeFiles/lcd.dir/home/savaobay/pico/pico-sdk/src/rp2_common/pico_printf/printf.c.obj
 .text._ntoa_format
                0x0000000010001ec8      0x110 CMakeFiles/lcd.dir/home/savaobay/pico/pico-sdk/src/rp2_common/pico_printf/printf.c.obj
 .text._ntoa_long
                0x0000000010001fd8       0xbc CMakeFiles/lcd.dir/home/savaobay/pico/pico-sdk/src/rp2_common/pico_printf/printf.c.obj
 .text._ntoa_long_long
                0x0000000010002094       0xe2 CMakeFiles/lcd.dir/home/savaobay/pico/pico-sdk/src/rp2_common/pico_printf/printf.c.obj
 *fill*         0x0000000010002176        0x2 
 .text._etoa    0x0000000010002178      0x40c CMakeFiles/lcd.dir/home/savaobay/pico/pico-sdk/src/rp2_common/pico_printf/printf.c.obj
 .text._ftoa    0x0000000010002584      0x354 CMakeFiles/lcd.dir/home/savaobay/pico/pico-sdk/src/rp2_common/pico_printf/printf.c.obj
 .text._vsnprintf
                0x00000000100028d8      0x628 CMakeFiles/lcd.dir/home/savaobay/pico/pico-sdk/src/rp2_common/pico_printf/printf.c.obj
 .text.vfctprintf
                0x0000000010002f00       0x20 CMakeFiles/lcd.dir/home/savaobay/pico/pico-sdk/src/rp2_common/pico_printf/printf.c.obj
                0x0000000010002f00                vfctprintf
 .text          0x0000000010002f20       0x10 CMakeFiles/lcd.dir/home/savaobay/pico/pico-sdk/src/rp2_common/pico_bit_ops/bit_ops_aeabi.S.obj
 .text.rom_func_lookup
                0x0000000010002f30       0x10 CMakeFiles/lcd.dir/home/savaobay/pico/pico-sdk/src/rp2_common/pico_bootrom/bootrom.c.obj
                0x0000000010002f30                rom_func_lookup
 .text.rom_data_lookup
                0x0000000010002f40       0x10 CMakeFiles/lcd.dir/home/savaobay/pico/pico-sdk/src/rp2_common/pico_bootrom/bootrom.c.obj
                0x0000000010002f40                rom_data_lookup
 .text.rom_funcs_lookup
                0x0000000010002f50       0x36 CMakeFiles/lcd.dir/home/savaobay/pico/pico-sdk/src/rp2_common/pico_bootrom/bootrom.c.obj
                0x0000000010002f50                rom_funcs_lookup
 *fill*         0x0000000010002f86        0x2 
 .text.__wrap___aeabi_idiv
                0x0000000010002f88       0x58 CMakeFiles/lcd.dir/home/savaobay/pico/pico-sdk/src/rp2_common/pico_divider/divider.S.obj
                0x0000000010002f88                __wrap___aeabi_idivmod
                0x0000000010002f88                divmod_s32s32
                0x0000000010002f88                div_s32s32
                0x0000000010002f88                __wrap___aeabi_idiv
                0x0000000010002f90                divmod_s32s32_unsafe
                0x0000000010002fbc                divmod_s32s32_savestate
 .text.__wrap___aeabi_uidiv
                0x0000000010002fe0       0x54 CMakeFiles/lcd.dir/home/savaobay/pico/pico-sdk/src/rp2_common/pico_divider/divider.S.obj
                0x0000000010002fe0                __wrap___aeabi_uidiv
                0x0000000010002fe0                __wrap___aeabi_uidivmod
                0x0000000010002fe0                div_u32u32
                0x0000000010002fe0                divmod_u32u32
                0x0000000010002fe8                divmod_u32u32_unsafe
                0x0000000010003010                divmod_u32u32_savestate
 .text.__wrap___aeabi_ldiv
                0x0000000010003034      0x430 CMakeFiles/lcd.dir/home/savaobay/pico/pico-sdk/src/rp2_common/pico_divider/divider.S.obj
                0x0000000010003034                div_s64s64
                0x0000000010003034                divmod_s64s64
                0x0000000010003034                __wrap___aeabi_ldivmod
                0x000000001000306c                div_u64u64
                0x000000001000306c                divmod_u64u64
                0x000000001000306c                __wrap___aeabi_uldivmod
                0x000000001000307c                divmod_u64u64_savestate
                0x00000000100030a4                divmod_s64s64_unsafe
                0x000000001000312c                divmod_u64u64_unsafe
 .text.__wrap___aeabi_darithmetic
                0x0000000010003464       0x54 CMakeFiles/lcd.dir/home/savaobay/pico/pico-sdk/src/rp2_common/pico_double/double_aeabi.S.obj
                0x0000000010003464                __wrap___aeabi_drsub
                0x000000001000346a                __wrap___aeabi_dsub
                0x000000001000347c                __wrap___aeabi_dadd
                0x000000001000348e                __wrap___aeabi_ddiv
                0x00000000100034a0                __wrap___aeabi_dmul
 .text.__wrap___aeabi_cdcmple
                0x00000000100034b8       0x6c CMakeFiles/lcd.dir/home/savaobay/pico/pico-sdk/src/rp2_common/pico_double/double_aeabi.S.obj
                0x00000000100034b8                __wrap___aeabi_cdrcmple
                0x00000000100034c8                __wrap___aeabi_cdcmple
                0x00000000100034c8                __wrap___aeabi_cdcmpeq
 .text.__wrap___aeabi_dcmplt
                0x0000000010003524        0xc CMakeFiles/lcd.dir/home/savaobay/pico/pico-sdk/src/rp2_common/pico_double/double_aeabi.S.obj
                0x0000000010003524                __wrap___aeabi_dcmplt
 .text.__wrap___aeabi_dcmple
                0x0000000010003530       0x10 CMakeFiles/lcd.dir/home/savaobay/pico/pico-sdk/src/rp2_common/pico_double/double_aeabi.S.obj
                0x0000000010003530                __wrap___aeabi_dcmple
 .text.__wrap___aeabi_dcmpge
                0x0000000010003540       0x10 CMakeFiles/lcd.dir/home/savaobay/pico/pico-sdk/src/rp2_common/pico_double/double_aeabi.S.obj
                0x0000000010003540                __wrap___aeabi_dcmpge
 .text.__wrap___aeabi_dcmpgt
                0x0000000010003550        0xa CMakeFiles/lcd.dir/home/savaobay/pico/pico-sdk/src/rp2_common/pico_double/double_aeabi.S.obj
                0x0000000010003550                __wrap___aeabi_dcmpgt
 .text.__wrap___aeabi_dcmpun
                0x000000001000355a       0x1c CMakeFiles/lcd.dir/home/savaobay/pico/pico-sdk/src/rp2_common/pico_double/double_aeabi.S.obj
                0x000000001000355a                __wrap___aeabi_dcmpun
 *fill*         0x0000000010003576        0x2 
 .text.__wrap___aeabi_i2d
                0x0000000010003578       0x38 CMakeFiles/lcd.dir/home/savaobay/pico/pico-sdk/src/rp2_common/pico_double/double_aeabi.S.obj
                0x0000000010003578                __wrap___aeabi_ui2d
                0x0000000010003580                __wrap___aeabi_i2d
 .text.__wrap___aeabi_d2iz
                0x00000000100035b0       0x48 CMakeFiles/lcd.dir/home/savaobay/pico/pico-sdk/src/rp2_common/pico_double/double_aeabi.S.obj
                0x00000000100035b0                __wrap___aeabi_d2iz
                0x00000000100035b0                double2int_z
 .text.__wrap___aeabi_d2uiz
                0x00000000100035f8       0x18 CMakeFiles/lcd.dir/home/savaobay/pico/pico-sdk/src/rp2_common/pico_double/double_aeabi.S.obj
                0x00000000100035f8                double2uint
                0x00000000100035f8                __wrap___aeabi_d2uiz
 .text.__aeabi_double_init
                0x0000000010003610       0xb4 CMakeFiles/lcd.dir/home/savaobay/pico/pico-sdk/src/rp2_common/pico_double/double_init_rom.c.obj
                0x0000000010003610                __aeabi_double_init
 .text.double_table_shim_on_use_helper
                0x00000000100036c4       0x34 CMakeFiles/lcd.dir/home/savaobay/pico/pico-sdk/src/rp2_common/pico_double/double_v1_rom_shim.S.obj
                0x00000000100036c4                double_table_shim_on_use_helper
 .text.__wrap___aeabi_dsub
                0x00000000100036f8       0x10 CMakeFiles/lcd.dir/home/savaobay/pico/pico-sdk/src/rp2_common/pico_double/double_v1_rom_shim.S.obj
                0x00000000100036f8                drsub_shim
                0x00000000100036fe                dsub_shim
 .text.dadd_shim
                0x0000000010003708      0x15c CMakeFiles/lcd.dir/home/savaobay/pico/pico-sdk/src/rp2_common/pico_double/double_v1_rom_shim.S.obj
                0x0000000010003708                dadd_shim
 .text.dmul_shim
                0x0000000010003864      0x15c CMakeFiles/lcd.dir/home/savaobay/pico/pico-sdk/src/rp2_common/pico_double/double_v1_rom_shim.S.obj
                0x0000000010003864                dmul_shim
 .text.ddiv_shim
                0x00000000100039c0      0x1b0 CMakeFiles/lcd.dir/home/savaobay/pico/pico-sdk/src/rp2_common/pico_double/double_v1_rom_shim.S.obj
                0x00000000100039c0                ddiv_shim
 .text.dcordic_rot_step
                0x0000000010003b70       0x7c CMakeFiles/lcd.dir/home/savaobay/pico/pico-sdk/src/rp2_common/pico_double/double_v1_rom_shim.S.obj
                0x0000000010003b70                dcordic_rot_step
 .text.double2uint_shim
                0x0000000010003bec        0xe CMakeFiles/lcd.dir/home/savaobay/pico/pico-sdk/src/rp2_common/pico_double/double_v1_rom_shim.S.obj
                0x0000000010003bec                double2uint_shim
                0x0000000010003bee                double2ufix_shim
 *fill*         0x0000000010003bfa        0x2 
 .text.double2uint64_shim
                0x0000000010003bfc       0x6c CMakeFiles/lcd.dir/home/savaobay/pico/pico-sdk/src/rp2_common/pico_double/double_v1_rom_shim.S.obj
                0x0000000010003bfc                double2uint64_shim
                0x0000000010003bfe                double2ufix64_shim
                0x0000000010003c18                d2fix_a
 .text.dunpacks
                0x0000000010003c68       0x3c CMakeFiles/lcd.dir/home/savaobay/pico/pico-sdk/src/rp2_common/pico_double/double_v1_rom_shim.S.obj
                0x0000000010003c68                dunpacks
 .text.__aeabi_lmul
                0x0000000010003ca4       0x32 CMakeFiles/lcd.dir/home/savaobay/pico/pico-sdk/src/rp2_common/pico_int64_ops/pico_int64_ops_aeabi.S.obj
                0x0000000010003ca4                __wrap___aeabi_lmul
 *fill*         0x0000000010003cd6        0x2 
 .text.__aeabi_float_init
                0x0000000010003cd8       0xfc CMakeFiles/lcd.dir/home/savaobay/pico/pico-sdk/src/rp2_common/pico_float/float_init_rom.c.obj
                0x0000000010003cd8                __aeabi_float_init
 .text.float_table_shim_on_use_helper
                0x0000000010003dd4       0x34 CMakeFiles/lcd.dir/home/savaobay/pico/pico-sdk/src/rp2_common/pico_float/float_v1_rom_shim.S.obj
                0x0000000010003dd4                float_table_shim_on_use_helper
 .text          0x0000000010003e08       0x10 CMakeFiles/lcd.dir/home/savaobay/pico/pico-sdk/src/rp2_common/pico_mem_ops/mem_ops_aeabi.S.obj
                0x0000000010003e08                __aeabi_mem_init
 .text.memset   0x0000000010003e18        0xc CMakeFiles/lcd.dir/home/savaobay/pico/pico-sdk/src/rp2_common/pico_mem_ops/mem_ops_aeabi.S.obj
                0x0000000010003e18                __wrap_memset
 .text.memcpy   0x0000000010003e24        0xc CMakeFiles/lcd.dir/home/savaobay/pico/pico-sdk/src/rp2_common/pico_mem_ops/mem_ops_aeabi.S.obj
                0x0000000010003e24                __wrap___aeabi_memcpy
                0x0000000010003e24                __wrap_memcpy
 .text.stdio_out_chars_crlf
                0x0000000010003e30       0x80 CMakeFiles/lcd.dir/home/savaobay/pico/pico-sdk/src/rp2_common/pico_stdio/stdio.c.obj
 .text.stdio_stack_buffer_flush
                0x0000000010003eb0       0x44 CMakeFiles/lcd.dir/home/savaobay/pico/pico-sdk/src/rp2_common/pico_stdio/stdio.c.obj
 .text.stdio_buffered_printer
                0x0000000010003ef4       0x20 CMakeFiles/lcd.dir/home/savaobay/pico/pico-sdk/src/rp2_common/pico_stdio/stdio.c.obj
 .text.stdout_serialize_begin
                0x0000000010003f14       0x2c CMakeFiles/lcd.dir/home/savaobay/pico/pico-sdk/src/rp2_common/pico_stdio/stdio.c.obj
                0x0000000010003f14                stdout_serialize_begin
 .text.stdout_serialize_end
                0x0000000010003f40       0x10 CMakeFiles/lcd.dir/home/savaobay/pico/pico-sdk/src/rp2_common/pico_stdio/stdio.c.obj
                0x0000000010003f40                stdout_serialize_end
 .text.stdio_put_string
                0x0000000010003f50       0x84 CMakeFiles/lcd.dir/home/savaobay/pico/pico-sdk/src/rp2_common/pico_stdio/stdio.c.obj
 .text.stdio_flush
                0x0000000010003fd4       0x20 CMakeFiles/lcd.dir/home/savaobay/pico/pico-sdk/src/rp2_common/pico_stdio/stdio.c.obj
                0x0000000010003fd4                stdio_flush
 .text.__wrap_puts
                0x0000000010003ff4       0x1c CMakeFiles/lcd.dir/home/savaobay/pico/pico-sdk/src/rp2_common/pico_stdio/stdio.c.obj
                0x0000000010003ff4                __wrap_puts
 .text.__wrap_vprintf
                0x0000000010004010       0x44 CMakeFiles/lcd.dir/home/savaobay/pico/pico-sdk/src/rp2_common/pico_stdio/stdio.c.obj
                0x0000000010004010                __wrap_vprintf
 .text.__wrap_printf
                0x0000000010004054       0x18 CMakeFiles/lcd.dir/home/savaobay/pico/pico-sdk/src/rp2_common/pico_stdio/stdio.c.obj
                0x0000000010004054                __wrap_printf
 .text.i2c_write_blocking_internal
                0x000000001000406c       0xf6 CMakeFiles/lcd.dir/home/savaobay/pico/pico-sdk/src/rp2_common/hardware_i2c/i2c.c.obj
 .text.i2c_set_baudrate
                0x0000000010004162       0x68 CMakeFiles/lcd.dir/home/savaobay/pico/pico-sdk/src/rp2_common/hardware_i2c/i2c.c.obj
                0x0000000010004162                i2c_set_baudrate
 *fill*         0x00000000100041ca        0x2 
 .text.i2c_init
                0x00000000100041cc       0x54 CMakeFiles/lcd.dir/home/savaobay/pico/pico-sdk/src/rp2_common/hardware_i2c/i2c.c.obj
                0x00000000100041cc                i2c_init
 .text.i2c_write_blocking
                0x0000000010004220       0x18 CMakeFiles/lcd.dir/home/savaobay/pico/pico-sdk/src/rp2_common/hardware_i2c/i2c.c.obj
                0x0000000010004220                i2c_write_blocking
 .text          0x0000000010004238       0x68 /usr/lib/gcc/arm-none-eabi/9.2.1/../../../arm-none-eabi/lib/thumb/v6-m/nofp/libg.a(lib_a-strlen-stub.o)
                0x0000000010004238                strlen
 *(.fini)
 .fini          0x00000000100042a0        0x4 /usr/lib/gcc/arm-none-eabi/9.2.1/thumb/v6-m/nofp/crti.o
                0x00000000100042a0                _fini
 *fill*         0x00000000100042a4        0x4 
 .fini.__stub   0x00000000100042a8       0x50 linker stubs
 *crtbegin.o(.ctors)
 *crtbegin?.o(.ctors)
 *(EXCLUDE_FILE(*crtend.o *crtend?.o) .ctors)
 *(SORT_BY_NAME(.ctors.*))
 *(.ctors)
 *crtbegin.o(.dtors)
 *crtbegin?.o(.dtors)
 *(EXCLUDE_FILE(*crtend.o *crtend?.o) .dtors)
 *(SORT_BY_NAME(.dtors.*))
 *(.dtors)
 *(.eh_frame*)
 .eh_frame      0x00000000100042f8        0x0 /usr/lib/gcc/arm-none-eabi/9.2.1/thumb/v6-m/nofp/crtbegin.o
                0x00000000100042f8                . = ALIGN (0x4)

.glue_7         0x00000000100042f8        0x0
 .glue_7        0x00000000100042f8        0x0 linker stubs

.glue_7t        0x00000000100042f8        0x0
 .glue_7t       0x00000000100042f8        0x0 linker stubs

.vfp11_veneer   0x00000000100042f8        0x0
 .vfp11_veneer  0x00000000100042f8        0x0 linker stubs

.v4_bx          0x00000000100042f8        0x0
 .v4_bx         0x00000000100042f8        0x0 linker stubs

.iplt           0x00000000100042f8        0x0
 .iplt          0x00000000100042f8        0x0 /usr/lib/gcc/arm-none-eabi/9.2.1/thumb/v6-m/nofp/crtbegin.o

.rodata         0x00000000100042f8      0xda8
 *(EXCLUDE_FILE(*libm.a: *libc.a:*lib_a-mem*.o *libgcc.a:) .rodata*)
 .rodata.str1.4
                0x00000000100042f8       0x8c CMakeFiles/lcd.dir/main.c.obj
 .rodata.__bi_42.6282
                0x0000000010004384        0x8 CMakeFiles/lcd.dir/main.c.obj
 .rodata.message.6284
                0x000000001000438c       0x28 CMakeFiles/lcd.dir/main.c.obj
 .rodata.repeating_timer_callback.str1.4
                0x00000000100043b4       0x4d CMakeFiles/lcd.dir/home/savaobay/pico/pico-sdk/src/common/pico_time/time.c.obj
 *fill*         0x0000000010004401        0x3 
 .rodata.timer_pool_entry_comparator.str1.4
                0x0000000010004404       0x22 CMakeFiles/lcd.dir/home/savaobay/pico/pico-sdk/src/common/pico_time/time.c.obj
 *fill*         0x0000000010004426        0x2 
 .rodata.ph_add_child_node.str1.4
                0x0000000010004428       0x96 CMakeFiles/lcd.dir/home/savaobay/pico/pico-sdk/src/common/pico_time/time.c.obj
 *fill*         0x00000000100044be        0x2 
 .rodata.add_alarm_under_lock.str1.4
                0x00000000100044c0       0x28 CMakeFiles/lcd.dir/home/savaobay/pico/pico-sdk/src/common/pico_time/time.c.obj
                                         0x2b (size before relaxing)
 .rodata.alarm_pool_alarm_callback.str1.4
                0x00000000100044e8       0x82 CMakeFiles/lcd.dir/home/savaobay/pico/pico-sdk/src/common/pico_time/time.c.obj
 *fill*         0x000000001000456a        0x2 
 .rodata.alarm_pool_get_default.str1.4
                0x000000001000456c       0x21 CMakeFiles/lcd.dir/home/savaobay/pico/pico-sdk/src/common/pico_time/time.c.obj
 *fill*         0x000000001000458d        0x3 
 .rodata.sleep_until.str1.4
                0x0000000010004590       0x4d CMakeFiles/lcd.dir/home/savaobay/pico/pico-sdk/src/common/pico_time/time.c.obj
 *fill*         0x00000000100045dd        0x3 
 .rodata.__func__.5929
                0x00000000100045e0        0xc CMakeFiles/lcd.dir/home/savaobay/pico/pico-sdk/src/common/pico_time/time.c.obj
 .rodata.__func__.5936
                0x00000000100045ec       0x12 CMakeFiles/lcd.dir/home/savaobay/pico/pico-sdk/src/common/pico_time/time.c.obj
 *fill*         0x00000000100045fe        0x2 
 .rodata.__func__.5952
                0x0000000010004600        0xf CMakeFiles/lcd.dir/home/savaobay/pico/pico-sdk/src/common/pico_time/time.c.obj
 *fill*         0x000000001000460f        0x1 
 .rodata.__func__.5974
                0x0000000010004610        0xd CMakeFiles/lcd.dir/home/savaobay/pico/pico-sdk/src/common/pico_time/time.c.obj
 *fill*         0x000000001000461d        0x3 
 .rodata.__func__.6094
                0x0000000010004620        0xa CMakeFiles/lcd.dir/home/savaobay/pico/pico-sdk/src/common/pico_time/time.c.obj
 *fill*         0x000000001000462a        0x2 
 .rodata.__func__.6099
                0x000000001000462c       0x12 CMakeFiles/lcd.dir/home/savaobay/pico/pico-sdk/src/common/pico_time/time.c.obj
 *fill*         0x000000001000463e        0x2 
 .rodata.__func__.6114
                0x0000000010004640       0x17 CMakeFiles/lcd.dir/home/savaobay/pico/pico-sdk/src/common/pico_time/time.c.obj
 *fill*         0x0000000010004657        0x1 
 .rodata.__func__.6125
                0x0000000010004658       0x15 CMakeFiles/lcd.dir/home/savaobay/pico/pico-sdk/src/common/pico_time/time.c.obj
 *fill*         0x000000001000466d        0x3 
 .rodata.__func__.6142
                0x0000000010004670       0x1a CMakeFiles/lcd.dir/home/savaobay/pico/pico-sdk/src/common/pico_time/time.c.obj
 *fill*         0x000000001000468a        0x2 
 .rodata.hardware_alarm_claim.str1.4
                0x000000001000468c       0x22 CMakeFiles/lcd.dir/home/savaobay/pico/pico-sdk/src/rp2_common/hardware_timer/timer.c.obj
 *fill*         0x00000000100046ae        0x2 
 .rodata.hardware_alarm_set_target.str1.4
                0x00000000100046b0       0x67 CMakeFiles/lcd.dir/home/savaobay/pico/pico-sdk/src/rp2_common/hardware_timer/timer.c.obj
 *fill*         0x0000000010004717        0x1 
 .rodata.__func__.4532
                0x0000000010004718       0x1a CMakeFiles/lcd.dir/home/savaobay/pico/pico-sdk/src/rp2_common/hardware_timer/timer.c.obj
 *fill*         0x0000000010004732        0x2 
 .rodata.str1.4
                0x0000000010004734       0x60 CMakeFiles/lcd.dir/home/savaobay/pico/pico-sdk/src/common/pico_sync/mutex.c.obj
 .rodata.__func__.4588
                0x0000000010004794       0x15 CMakeFiles/lcd.dir/home/savaobay/pico/pico-sdk/src/common/pico_sync/mutex.c.obj
 *fill*         0x00000000100047a9        0x3 
 .rodata.__func__.4616
                0x00000000100047ac        0xb CMakeFiles/lcd.dir/home/savaobay/pico/pico-sdk/src/common/pico_sync/mutex.c.obj
 .rodata.ph_add_child_node.str1.4
                0x00000000100047b7       0x96 CMakeFiles/lcd.dir/home/savaobay/pico/pico-sdk/src/common/pico_util/pheap.c.obj
 *fill*         0x00000000100047b7        0x1 
 .rodata.ph_remove_any_head.str1.4
                0x00000000100047b8       0x90 CMakeFiles/lcd.dir/home/savaobay/pico/pico-sdk/src/common/pico_util/pheap.c.obj
 .rodata.ph_remove_and_free_node.str1.4
                0x0000000010004848       0x26 CMakeFiles/lcd.dir/home/savaobay/pico/pico-sdk/src/common/pico_util/pheap.c.obj
 *fill*         0x000000001000486e        0x2 
 .rodata.__func__.5705
                0x0000000010004870        0xc CMakeFiles/lcd.dir/home/savaobay/pico/pico-sdk/src/common/pico_util/pheap.c.obj
 .rodata.__func__.5712
                0x000000001000487c       0x12 CMakeFiles/lcd.dir/home/savaobay/pico/pico-sdk/src/common/pico_util/pheap.c.obj
 *fill*         0x000000001000488e        0x2 
 .rodata.__func__.5798
                0x0000000010004890       0x13 CMakeFiles/lcd.dir/home/savaobay/pico/pico-sdk/src/common/pico_util/pheap.c.obj
 *fill*         0x00000000100048a3        0x1 
 .rodata.__func__.5816
                0x00000000100048a4       0x18 CMakeFiles/lcd.dir/home/savaobay/pico/pico-sdk/src/common/pico_util/pheap.c.obj
 .rodata.__assert_func.str1.4
                0x00000000100048bc       0x3f CMakeFiles/lcd.dir/home/savaobay/pico/pico-sdk/src/rp2_common/pico_runtime/runtime.c.obj
                                         0x43 (size before relaxing)
 *fill*         0x00000000100048fb        0x1 
 .rodata.panic.str1.4
                0x00000000100048fc       0x12 CMakeFiles/lcd.dir/home/savaobay/pico/pico-sdk/src/rp2_common/pico_runtime/runtime.c.obj
 *fill*         0x000000001000490e        0x2 
 .rodata.clock_configure.str1.4
                0x0000000010004910       0x59 CMakeFiles/lcd.dir/home/savaobay/pico/pico-sdk/src/rp2_common/hardware_clocks/clocks.c.obj
 *fill*         0x0000000010004969        0x3 
 .rodata.__func__.4652
                0x000000001000496c       0x10 CMakeFiles/lcd.dir/home/savaobay/pico/pico-sdk/src/rp2_common/hardware_clocks/clocks.c.obj
 .rodata.pll_init.str1.4
                0x000000001000497c       0xdb CMakeFiles/lcd.dir/home/savaobay/pico/pico-sdk/src/rp2_common/hardware_pll/pll.c.obj
 *fill*         0x0000000010004a57        0x1 
 .rodata.__func__.4382
                0x0000000010004a58        0x9 CMakeFiles/lcd.dir/home/savaobay/pico/pico-sdk/src/rp2_common/hardware_pll/pll.c.obj
 *fill*         0x0000000010004a61        0x3 
 .rodata.make_branch.str1.4
                0x0000000010004a64       0x4f CMakeFiles/lcd.dir/home/savaobay/pico/pico-sdk/src/rp2_common/hardware_irq/irq.c.obj
 *fill*         0x0000000010004ab3        0x1 
 .rodata.irq_set_exclusive_handler.str1.4
                0x0000000010004ab4       0x36 CMakeFiles/lcd.dir/home/savaobay/pico/pico-sdk/src/rp2_common/hardware_irq/irq.c.obj
 *fill*         0x0000000010004aea        0x2 
 .rodata.irq_add_shared_handler.str1.4
                0x0000000010004aec       0xd9 CMakeFiles/lcd.dir/home/savaobay/pico/pico-sdk/src/rp2_common/hardware_irq/irq.c.obj
 *fill*         0x0000000010004bc5        0x3 
 .rodata.irq_remove_handler.str1.4
                0x0000000010004bc8       0x2a CMakeFiles/lcd.dir/home/savaobay/pico/pico-sdk/src/rp2_common/hardware_irq/irq.c.obj
 *fill*         0x0000000010004bf2        0x2 
 .rodata.irq_add_tail_to_free_list.str1.4
                0x0000000010004bf4       0x32 CMakeFiles/lcd.dir/home/savaobay/pico/pico-sdk/src/rp2_common/hardware_irq/irq.c.obj
                                         0x3a (size before relaxing)
 *fill*         0x0000000010004c26        0x2 
 .rodata.__func__.4492
                0x0000000010004c28       0x1a CMakeFiles/lcd.dir/home/savaobay/pico/pico-sdk/src/rp2_common/hardware_irq/irq.c.obj
 *fill*         0x0000000010004c42        0x2 
 .rodata.__func__.4506
                0x0000000010004c44        0xc CMakeFiles/lcd.dir/home/savaobay/pico/pico-sdk/src/rp2_common/hardware_irq/irq.c.obj
 .rodata.__func__.4514
                0x0000000010004c50       0x17 CMakeFiles/lcd.dir/home/savaobay/pico/pico-sdk/src/rp2_common/hardware_irq/irq.c.obj
 *fill*         0x0000000010004c67        0x1 
 .rodata.__func__.4518
                0x0000000010004c68        0xf CMakeFiles/lcd.dir/home/savaobay/pico/pico-sdk/src/rp2_common/hardware_irq/irq.c.obj
 *fill*         0x0000000010004c77        0x1 
 .rodata.__func__.4557
                0x0000000010004c78       0x13 CMakeFiles/lcd.dir/home/savaobay/pico/pico-sdk/src/rp2_common/hardware_irq/irq.c.obj
 *fill*         0x0000000010004c8b        0x1 
 .rodata.__func__.4576
                0x0000000010004c8c       0x1a CMakeFiles/lcd.dir/home/savaobay/pico/pico-sdk/src/rp2_common/hardware_irq/irq.c.obj
 *fill*         0x0000000010004ca6        0x2 
 .rodata._ftoa.str1.4
                0x0000000010004ca8       0x15 CMakeFiles/lcd.dir/home/savaobay/pico/pico-sdk/src/rp2_common/pico_printf/printf.c.obj
 *fill*         0x0000000010004cbd        0x3 
 .rodata._vsnprintf
                0x0000000010004cc0      0x1e0 CMakeFiles/lcd.dir/home/savaobay/pico/pico-sdk/src/rp2_common/pico_printf/printf.c.obj
 .rodata.pow10.5419
                0x0000000010004ea0       0x50 CMakeFiles/lcd.dir/home/savaobay/pico/pico-sdk/src/rp2_common/pico_printf/printf.c.obj
 .rodata.__aeabi_double_init.str1.4
                0x0000000010004ef0       0xaa CMakeFiles/lcd.dir/home/savaobay/pico/pico-sdk/src/rp2_common/pico_double/double_init_rom.c.obj
 *fill*         0x0000000010004f9a        0x2 
 .rodata.__func__.4665
                0x0000000010004f9c       0x14 CMakeFiles/lcd.dir/home/savaobay/pico/pico-sdk/src/rp2_common/pico_double/double_init_rom.c.obj
 .rodata.__aeabi_float_init.str1.4
                0x0000000010004fb0       0x7c CMakeFiles/lcd.dir/home/savaobay/pico/pico-sdk/src/rp2_common/pico_float/float_init_rom.c.obj
                                         0x80 (size before relaxing)
 .rodata.__func__.4667
                0x000000001000502c       0x13 CMakeFiles/lcd.dir/home/savaobay/pico/pico-sdk/src/rp2_common/pico_float/float_init_rom.c.obj
 *fill*         0x000000001000503f        0x1 
 .rodata.str1.4
                0x0000000010005040       0x38 CMakeFiles/lcd.dir/home/savaobay/pico/pico-sdk/src/rp2_common/pico_standard_link/binary_info.c.obj
 .rodata.__bi_40
                0x0000000010005078        0xc CMakeFiles/lcd.dir/home/savaobay/pico/pico-sdk/src/rp2_common/pico_standard_link/binary_info.c.obj
 .rodata.__bi_71
                0x0000000010005084        0xc CMakeFiles/lcd.dir/home/savaobay/pico/pico-sdk/src/rp2_common/pico_standard_link/binary_info.c.obj
 .rodata.__bi_77
                0x0000000010005090        0xc CMakeFiles/lcd.dir/home/savaobay/pico/pico-sdk/src/rp2_common/pico_standard_link/binary_info.c.obj
 .rodata.crlf_str.5847
                0x000000001000509c        0x2 CMakeFiles/lcd.dir/home/savaobay/pico/pico-sdk/src/rp2_common/pico_stdio/stdio.c.obj
                0x00000000100050a0                . = ALIGN (0x4)
 *fill*         0x000000001000509e        0x2 
 *(SORT_BY_ALIGNMENT(SORT_BY_NAME(.flashdata*)))
                0x00000000100050a0                . = ALIGN (0x4)

.rel.dyn        0x00000000100050a0        0x0
 .rel.iplt      0x00000000100050a0        0x0 /usr/lib/gcc/arm-none-eabi/9.2.1/thumb/v6-m/nofp/crtbegin.o

.ARM.extab
 *(.ARM.extab* .gnu.linkonce.armextab.*)
                0x00000000100050a0                __exidx_start = .

.ARM.exidx
 *(.ARM.exidx* .gnu.linkonce.armexidx.*)
                0x00000000100050a0                __exidx_end = .
                0x00000000100050a0                . = ALIGN (0x4)
                0x00000000100050a0                __binary_info_start = .

.binary_info    0x00000000100050a0       0x20
 *(.binary_info.keep.*)
 .binary_info.keep.__bi_ptr42
                0x00000000100050a0        0x4 CMakeFiles/lcd.dir/main.c.obj
 .binary_info.keep.__bi_ptr18
                0x00000000100050a4        0x4 CMakeFiles/lcd.dir/home/savaobay/pico/pico-sdk/src/rp2_common/pico_standard_link/binary_info.c.obj
 .binary_info.keep.__bi_ptr26
                0x00000000100050a8        0x4 CMakeFiles/lcd.dir/home/savaobay/pico/pico-sdk/src/rp2_common/pico_standard_link/binary_info.c.obj
 .binary_info.keep.__bi_ptr34
                0x00000000100050ac        0x4 CMakeFiles/lcd.dir/home/savaobay/pico/pico-sdk/src/rp2_common/pico_standard_link/binary_info.c.obj
 .binary_info.keep.__bi_ptr40
                0x00000000100050b0        0x4 CMakeFiles/lcd.dir/home/savaobay/pico/pico-sdk/src/rp2_common/pico_standard_link/binary_info.c.obj
 .binary_info.keep.__bi_ptr46
                0x00000000100050b4        0x4 CMakeFiles/lcd.dir/home/savaobay/pico/pico-sdk/src/rp2_common/pico_standard_link/binary_info.c.obj
 .binary_info.keep.__bi_ptr71
                0x00000000100050b8        0x4 CMakeFiles/lcd.dir/home/savaobay/pico/pico-sdk/src/rp2_common/pico_standard_link/binary_info.c.obj
 .binary_info.keep.__bi_ptr77
                0x00000000100050bc        0x4 CMakeFiles/lcd.dir/home/savaobay/pico/pico-sdk/src/rp2_common/pico_standard_link/binary_info.c.obj
 *(.binary_info.*)
                0x00000000100050c0                __binary_info_end = .
                0x00000000100050c0                . = ALIGN (0x4)
                0x00000000100050c0                __etext = .

.ram_vector_table
                0x0000000020000000       0xc0
 *(.ram_vector_table)
 .ram_vector_table
                0x0000000020000000       0xc0 CMakeFiles/lcd.dir/home/savaobay/pico/pico-sdk/src/rp2_common/pico_runtime/runtime.c.obj
                0x0000000020000000                ram_vector_table

.data           0x00000000200000c0      0x1d4 load address 0x00000000100050c0
                0x00000000200000c0                __data_start__ = .
 *(vtable)
 *(.time_critical*)
 .time_critical.mutex_enter_blocking
                0x00000000200000c0       0x64 CMakeFiles/lcd.dir/home/savaobay/pico/pico-sdk/src/common/pico_sync/mutex.c.obj
                0x00000000200000c0                mutex_enter_blocking
 .time_critical.mutex_try_enter
                0x0000000020000124       0x48 CMakeFiles/lcd.dir/home/savaobay/pico/pico-sdk/src/common/pico_sync/mutex.c.obj
                0x0000000020000124                mutex_try_enter
 .time_critical.mutex_exit
                0x000000002000016c       0x4c CMakeFiles/lcd.dir/home/savaobay/pico/pico-sdk/src/common/pico_sync/mutex.c.obj
                0x000000002000016c                mutex_exit
 *(.text*)
 .text          0x00000000200001b8        0x4 /usr/lib/gcc/arm-none-eabi/9.2.1/thumb/v6-m/nofp/libgcc.a(_dvmd_tls.o)
                0x00000000200001b8                __aeabi_ldiv0
                0x00000000200001b8                __aeabi_idiv0
 *fill*         0x00000000200001bc        0x4 
 .text.__stub   0x00000000200001c0       0x10 linker stubs
                0x00000000200001d0                . = ALIGN (0x4)
 *(.rodata*)
                0x00000000200001d0                . = ALIGN (0x4)
 *(.data*)
 .data.striped_spin_lock_num
                0x00000000200001d0        0x1 CMakeFiles/lcd.dir/home/savaobay/pico/pico-sdk/src/rp2_common/hardware_sync/sync.c.obj
 *fill*         0x00000000200001d1        0x3 
 .data.default_alarm_pool
                0x00000000200001d4       0x18 CMakeFiles/lcd.dir/home/savaobay/pico/pico-sdk/src/common/pico_time/time.c.obj
 .data.default_alarm_pool_heap
                0x00000000200001ec       0x10 CMakeFiles/lcd.dir/home/savaobay/pico/pico-sdk/src/common/pico_time/time.c.obj
 .data          0x00000000200001fc       0x48 CMakeFiles/lcd.dir/home/savaobay/pico/pico-sdk/src/rp2_common/hardware_irq/irq_handler_chain.S.obj
                0x00000000200001fc                irq_handler_chain_slots
                0x000000002000022c                irq_handler_chain_first_slot
                0x0000000020000236                irq_handler_chain_remove_tail
 *fill*         0x0000000020000244        0xc 
 .data.aeabi_bits_funcs
                0x0000000020000250       0x10 CMakeFiles/lcd.dir/home/savaobay/pico/pico-sdk/src/rp2_common/pico_bit_ops/bit_ops_aeabi.S.obj
                0x0000000020000250                aeabi_bits_funcs
                0x0000000020000260                aeabi_bits_funcs_end
 .data.aeabi_mem_funcs
                0x0000000020000260       0x10 CMakeFiles/lcd.dir/home/savaobay/pico/pico-sdk/src/rp2_common/pico_mem_ops/mem_ops_aeabi.S.obj
                0x0000000020000260                aeabi_mem_funcs
                0x0000000020000270                aeabi_mem_funcs_end
 .data.i2c0_inst
                0x0000000020000270        0x8 CMakeFiles/lcd.dir/home/savaobay/pico/pico-sdk/src/rp2_common/hardware_i2c/i2c.c.obj
                0x0000000020000270                i2c0_inst
                0x0000000020000278                . = ALIGN (0x4)
 *(.after_data.*)
                0x0000000020000278                . = ALIGN (0x4)
                0x0000000020000278                PROVIDE (__mutex_array_start = .)
 *(SORT_BY_NAME(.mutex_array.*))
 *(.mutex_array)
 .mutex_array   0x0000000020000278        0x8 CMakeFiles/lcd.dir/home/savaobay/pico/pico-sdk/src/rp2_common/pico_stdio/stdio.c.obj
                0x0000000020000280                PROVIDE (__mutex_array_end = .)
                0x0000000020000280                . = ALIGN (0x4)
                0x0000000020000280                PROVIDE (__preinit_array_start = .)
 *(SORT_BY_NAME(.preinit_array.*))
 .preinit_array.00001
                0x0000000020000280        0x4 CMakeFiles/lcd.dir/home/savaobay/pico/pico-sdk/src/rp2_common/pico_mem_ops/mem_ops_aeabi.S.obj
 .preinit_array.00010
                0x0000000020000284        0x4 CMakeFiles/lcd.dir/home/savaobay/pico/pico-sdk/src/rp2_common/pico_bit_ops/bit_ops_aeabi.S.obj
 .preinit_array.00020
                0x0000000020000288        0x4 CMakeFiles/lcd.dir/home/savaobay/pico/pico-sdk/src/rp2_common/pico_double/double_aeabi.S.obj
 .preinit_array.00020
                0x000000002000028c        0x4 CMakeFiles/lcd.dir/home/savaobay/pico/pico-sdk/src/rp2_common/pico_float/float_aeabi.S.obj
 *(.preinit_array)
                0x0000000020000290                PROVIDE (__preinit_array_end = .)
                0x0000000020000290                . = ALIGN (0x4)
                0x0000000020000290                PROVIDE (__init_array_start = .)
 *(SORT_BY_NAME(.init_array.*))
 *(.init_array)
 .init_array    0x0000000020000290        0x4 /usr/lib/gcc/arm-none-eabi/9.2.1/thumb/v6-m/nofp/crtbegin.o
                0x0000000020000294                PROVIDE (__init_array_end = .)
                0x0000000020000294                . = ALIGN (0x4)
                0x0000000020000294                PROVIDE (__fini_array_start = .)
 *(SORT_BY_NAME(.fini_array.*))
 *(.fini_array)
                0x0000000020000294                PROVIDE (__fini_array_end = .)
 *(.jcr)
                0x0000000020000294                . = ALIGN (0x4)
                0x0000000020000294                __data_end__ = .

.tm_clone_table
                0x0000000020000294        0x0 load address 0x0000000010005294
 .tm_clone_table
                0x0000000020000294        0x0 /usr/lib/gcc/arm-none-eabi/9.2.1/thumb/v6-m/nofp/crtbegin.o
 .tm_clone_table
                0x0000000020000294        0x0 /usr/lib/gcc/arm-none-eabi/9.2.1/thumb/v6-m/nofp/crtend.o

.igot.plt       0x0000000020000294        0x0 load address 0x0000000010005294
 .igot.plt      0x0000000020000294        0x0 /usr/lib/gcc/arm-none-eabi/9.2.1/thumb/v6-m/nofp/crtbegin.o

.uninitialized_data
                0x0000000020000294        0x0 load address 0x0000000010005294
                0x0000000020000294                . = ALIGN (0x4)
 *(.uninitialized_data*)

.scratch_x      0x0000000020040000        0x0 load address 0x0000000010005294
                0x0000000020040000                __scratch_x_start__ = .
 *(.scratch_x.*)
                0x0000000020040000                . = ALIGN (0x4)
                0x0000000020040000                __scratch_x_end__ = .
                0x0000000010005294                __scratch_x_source__ = LOADADDR (.scratch_x)

.scratch_y      0x0000000020041000        0x0 load address 0x0000000010005294
                0x0000000020041000                __scratch_y_start__ = .
 *(.scratch_y.*)
                0x0000000020041000                . = ALIGN (0x4)
                0x0000000020041000                __scratch_y_end__ = .
                0x0000000010005294                __scratch_y_source__ = LOADADDR (.scratch_y)

.bss            0x0000000020000298      0x3c4
                0x0000000020000298                . = ALIGN (0x4)
                0x0000000020000298                __bss_start__ = .
 *(SORT_BY_ALIGNMENT(SORT_BY_NAME(.bss*)))
 .bss.default_alarm_pool_entries
                0x0000000020000298      0x100 CMakeFiles/lcd.dir/home/savaobay/pico/pico-sdk/src/common/pico_time/time.c.obj
 .bss           0x0000000020000398       0x1c /usr/lib/gcc/arm-none-eabi/9.2.1/thumb/v6-m/nofp/crtbegin.o
 .bss.alarm_callbacks
                0x00000000200003b4       0x10 CMakeFiles/lcd.dir/home/savaobay/pico/pico-sdk/src/rp2_common/hardware_timer/timer.c.obj
 .bss.configured_freq
                0x00000000200003c4       0x28 CMakeFiles/lcd.dir/home/savaobay/pico/pico-sdk/src/rp2_common/hardware_clocks/clocks.c.obj
 .bss.default_alarm_pool_entry_ids_high
                0x00000000200003ec       0x10 CMakeFiles/lcd.dir/home/savaobay/pico/pico-sdk/src/common/pico_time/time.c.obj
 .bss.default_alarm_pool_heap_nodes
                0x00000000200003fc       0x30 CMakeFiles/lcd.dir/home/savaobay/pico/pico-sdk/src/common/pico_time/time.c.obj
 .bss.drivers   0x000000002000042c        0x4 CMakeFiles/lcd.dir/home/savaobay/pico/pico-sdk/src/rp2_common/pico_stdio/stdio.c.obj
 .bss.filter    0x0000000020000430        0x4 CMakeFiles/lcd.dir/home/savaobay/pico/pico-sdk/src/rp2_common/pico_stdio/stdio.c.obj
 .bss.pools     0x0000000020000434       0x10 CMakeFiles/lcd.dir/home/savaobay/pico/pico-sdk/src/common/pico_time/time.c.obj
 .bss.target_hi
                0x0000000020000444       0x10 CMakeFiles/lcd.dir/home/savaobay/pico/pico-sdk/src/rp2_common/hardware_timer/timer.c.obj
 .bss.claimed   0x0000000020000454        0x1 CMakeFiles/lcd.dir/home/savaobay/pico/pico-sdk/src/rp2_common/hardware_timer/timer.c.obj
 .bss.irq_hander_chain_free_slot_head
                0x0000000020000455        0x1 CMakeFiles/lcd.dir/home/savaobay/pico/pico-sdk/src/rp2_common/hardware_irq/irq.c.obj
 .bss.timer_callbacks_pending
                0x0000000020000456        0x1 CMakeFiles/lcd.dir/home/savaobay/pico/pico-sdk/src/rp2_common/hardware_timer/timer.c.obj
 *(COMMON)
 *fill*         0x0000000020000457        0x1 
 COMMON         0x0000000020000458      0x100 CMakeFiles/lcd.dir/home/savaobay/pico/pico-sdk/src/rp2_common/pico_double/double_init_rom.c.obj
                0x0000000020000458                sd_table
 COMMON         0x0000000020000558      0x104 CMakeFiles/lcd.dir/home/savaobay/pico/pico-sdk/src/rp2_common/pico_float/float_init_rom.c.obj
                0x0000000020000558                sf_table
                0x0000000020000658                sf_clz_func
                0x000000002000065c                . = ALIGN (0x4)
                0x000000002000065c                __bss_end__ = .

.heap           0x000000002000065c      0x800
                0x000000002000065c                __end__ = .
                0x000000002000065c                end = __end__
 *(.heap*)
 .heap          0x000000002000065c      0x800 CMakeFiles/lcd.dir/home/savaobay/pico/pico-sdk/src/rp2_common/pico_standard_link/crt0.S.obj
                0x0000000020000e5c                __HeapLimit = .

.stack1_dummy   0x0000000020040000        0x0
 *(.stack1*)

.stack_dummy    0x0000000020041000      0x800
 *(.stack*)
 .stack         0x0000000020041000      0x800 CMakeFiles/lcd.dir/home/savaobay/pico/pico-sdk/src/rp2_common/pico_standard_link/crt0.S.obj

.flash_end      0x0000000010005294        0x0
                0x0000000010005294                __flash_binary_end = .
                0x0000000020040000                __StackLimit = (ORIGIN (RAM) + LENGTH (RAM))
                0x0000000020041000                __StackOneTop = (ORIGIN (SCRATCH_X) + LENGTH (SCRATCH_X))
                0x0000000020042000                __StackTop = (ORIGIN (SCRATCH_Y) + LENGTH (SCRATCH_Y))
                0x0000000020041000                __StackOneBottom = (__StackOneTop - SIZEOF (.stack1_dummy))
                0x0000000020041800                __StackBottom = (__StackTop - SIZEOF (.stack_dummy))
                0x0000000020042000                PROVIDE (__stack = __StackTop)
                0x0000000000000001                ASSERT ((__StackLimit >= __HeapLimit), region RAM overflowed)
                0x0000000000000001                ASSERT (((__binary_info_header_end - __logical_binary_start) <= 0x100), Binary info must be in first 256 bytes of the binary)
LOAD CMakeFiles/lcd.dir/main.c.obj
LOAD CMakeFiles/lcd.dir/lcd_1602_i2c.c.obj
LOAD CMakeFiles/lcd.dir/home/savaobay/pico/pico-sdk/src/rp2_common/pico_stdlib/stdlib.c.obj
LOAD CMakeFiles/lcd.dir/home/savaobay/pico/pico-sdk/src/rp2_common/hardware_gpio/gpio.c.obj
LOAD CMakeFiles/lcd.dir/home/savaobay/pico/pico-sdk/src/rp2_common/hardware_claim/claim.c.obj
LOAD CMakeFiles/lcd.dir/home/savaobay/pico/pico-sdk/src/rp2_common/hardware_sync/sync.c.obj
LOAD CMakeFiles/lcd.dir/home/savaobay/pico/pico-sdk/src/rp2_common/pico_platform/platform.c.obj
LOAD CMakeFiles/lcd.dir/home/savaobay/pico/pico-sdk/src/rp2_common/hardware_uart/uart.c.obj
LOAD CMakeFiles/lcd.dir/home/savaobay/pico/pico-sdk/src/rp2_common/hardware_divider/divider.S.obj
LOAD CMakeFiles/lcd.dir/home/savaobay/pico/pico-sdk/src/common/pico_time/time.c.obj
LOAD CMakeFiles/lcd.dir/home/savaobay/pico/pico-sdk/src/common/pico_time/timeout_helper.c.obj
LOAD CMakeFiles/lcd.dir/home/savaobay/pico/pico-sdk/src/rp2_common/hardware_timer/timer.c.obj
LOAD CMakeFiles/lcd.dir/home/savaobay/pico/pico-sdk/src/common/pico_sync/sem.c.obj
LOAD CMakeFiles/lcd.dir/home/savaobay/pico/pico-sdk/src/common/pico_sync/lock_core.c.obj
LOAD CMakeFiles/lcd.dir/home/savaobay/pico/pico-sdk/src/common/pico_sync/mutex.c.obj
LOAD CMakeFiles/lcd.dir/home/savaobay/pico/pico-sdk/src/common/pico_sync/critical_section.c.obj
LOAD CMakeFiles/lcd.dir/home/savaobay/pico/pico-sdk/src/common/pico_util/datetime.c.obj
LOAD CMakeFiles/lcd.dir/home/savaobay/pico/pico-sdk/src/common/pico_util/pheap.c.obj
LOAD CMakeFiles/lcd.dir/home/savaobay/pico/pico-sdk/src/common/pico_util/queue.c.obj
LOAD CMakeFiles/lcd.dir/home/savaobay/pico/pico-sdk/src/rp2_common/pico_runtime/runtime.c.obj
LOAD CMakeFiles/lcd.dir/home/savaobay/pico/pico-sdk/src/rp2_common/hardware_clocks/clocks.c.obj
LOAD CMakeFiles/lcd.dir/home/savaobay/pico/pico-sdk/src/rp2_common/hardware_watchdog/watchdog.c.obj
LOAD CMakeFiles/lcd.dir/home/savaobay/pico/pico-sdk/src/rp2_common/hardware_xosc/xosc.c.obj
LOAD CMakeFiles/lcd.dir/home/savaobay/pico/pico-sdk/src/rp2_common/hardware_pll/pll.c.obj
LOAD CMakeFiles/lcd.dir/home/savaobay/pico/pico-sdk/src/rp2_common/hardware_vreg/vreg.c.obj
LOAD CMakeFiles/lcd.dir/home/savaobay/pico/pico-sdk/src/rp2_common/hardware_irq/irq.c.obj
LOAD CMakeFiles/lcd.dir/home/savaobay/pico/pico-sdk/src/rp2_common/hardware_irq/irq_handler_chain.S.obj
LOAD CMakeFiles/lcd.dir/home/savaobay/pico/pico-sdk/src/rp2_common/pico_printf/printf.c.obj
LOAD CMakeFiles/lcd.dir/home/savaobay/pico/pico-sdk/src/rp2_common/pico_bit_ops/bit_ops_aeabi.S.obj
LOAD CMakeFiles/lcd.dir/home/savaobay/pico/pico-sdk/src/rp2_common/pico_bootrom/bootrom.c.obj
LOAD CMakeFiles/lcd.dir/home/savaobay/pico/pico-sdk/src/rp2_common/pico_divider/divider.S.obj
LOAD CMakeFiles/lcd.dir/home/savaobay/pico/pico-sdk/src/rp2_common/pico_double/double_aeabi.S.obj
LOAD CMakeFiles/lcd.dir/home/savaobay/pico/pico-sdk/src/rp2_common/pico_double/double_init_rom.c.obj
LOAD CMakeFiles/lcd.dir/home/savaobay/pico/pico-sdk/src/rp2_common/pico_double/double_math.c.obj
LOAD CMakeFiles/lcd.dir/home/savaobay/pico/pico-sdk/src/rp2_common/pico_double/double_v1_rom_shim.S.obj
LOAD CMakeFiles/lcd.dir/home/savaobay/pico/pico-sdk/src/rp2_common/pico_int64_ops/pico_int64_ops_aeabi.S.obj
LOAD CMakeFiles/lcd.dir/home/savaobay/pico/pico-sdk/src/rp2_common/pico_float/float_aeabi.S.obj
LOAD CMakeFiles/lcd.dir/home/savaobay/pico/pico-sdk/src/rp2_common/pico_float/float_init_rom.c.obj
LOAD CMakeFiles/lcd.dir/home/savaobay/pico/pico-sdk/src/rp2_common/pico_float/float_math.c.obj
LOAD CMakeFiles/lcd.dir/home/savaobay/pico/pico-sdk/src/rp2_common/pico_float/float_v1_rom_shim.S.obj
LOAD CMakeFiles/lcd.dir/home/savaobay/pico/pico-sdk/src/rp2_common/pico_malloc/pico_malloc.c.obj
LOAD CMakeFiles/lcd.dir/home/savaobay/pico/pico-sdk/src/rp2_common/pico_mem_ops/mem_ops_aeabi.S.obj
LOAD CMakeFiles/lcd.dir/home/savaobay/pico/pico-sdk/src/rp2_common/pico_standard_link/crt0.S.obj
LOAD CMakeFiles/lcd.dir/home/savaobay/pico/pico-sdk/src/rp2_common/pico_standard_link/new_delete.cpp.obj
LOAD CMakeFiles/lcd.dir/home/savaobay/pico/pico-sdk/src/rp2_common/pico_standard_link/binary_info.c.obj
LOAD CMakeFiles/lcd.dir/home/savaobay/pico/pico-sdk/src/rp2_common/pico_stdio/stdio.c.obj
LOAD CMakeFiles/lcd.dir/home/savaobay/pico/pico-sdk/src/rp2_common/pico_stdio_usb/reset_interface.c.obj
LOAD CMakeFiles/lcd.dir/home/savaobay/pico/pico-sdk/src/rp2_common/pico_stdio_usb/stdio_usb.c.obj
LOAD CMakeFiles/lcd.dir/home/savaobay/pico/pico-sdk/src/rp2_common/pico_stdio_usb/stdio_usb_descriptors.c.obj
LOAD CMakeFiles/lcd.dir/home/savaobay/pico/pico-sdk/lib/tinyusb/src/portable/raspberrypi/rp2040/dcd_rp2040.c.obj
LOAD CMakeFiles/lcd.dir/home/savaobay/pico/pico-sdk/lib/tinyusb/src/portable/raspberrypi/rp2040/rp2040_usb.c.obj
LOAD CMakeFiles/lcd.dir/home/savaobay/pico/pico-sdk/lib/tinyusb/src/device/usbd.c.obj
LOAD CMakeFiles/lcd.dir/home/savaobay/pico/pico-sdk/lib/tinyusb/src/device/usbd_control.c.obj
LOAD CMakeFiles/lcd.dir/home/savaobay/pico/pico-sdk/lib/tinyusb/src/class/audio/audio_device.c.obj
LOAD CMakeFiles/lcd.dir/home/savaobay/pico/pico-sdk/lib/tinyusb/src/class/cdc/cdc_device.c.obj
LOAD CMakeFiles/lcd.dir/home/savaobay/pico/pico-sdk/lib/tinyusb/src/class/dfu/dfu_rt_device.c.obj
LOAD CMakeFiles/lcd.dir/home/savaobay/pico/pico-sdk/lib/tinyusb/src/class/hid/hid_device.c.obj
LOAD CMakeFiles/lcd.dir/home/savaobay/pico/pico-sdk/lib/tinyusb/src/class/midi/midi_device.c.obj
LOAD CMakeFiles/lcd.dir/home/savaobay/pico/pico-sdk/lib/tinyusb/src/class/msc/msc_device.c.obj
LOAD CMakeFiles/lcd.dir/home/savaobay/pico/pico-sdk/lib/tinyusb/src/class/net/net_device.c.obj
LOAD CMakeFiles/lcd.dir/home/savaobay/pico/pico-sdk/lib/tinyusb/src/class/usbtmc/usbtmc_device.c.obj
LOAD CMakeFiles/lcd.dir/home/savaobay/pico/pico-sdk/lib/tinyusb/src/class/vendor/vendor_device.c.obj
LOAD CMakeFiles/lcd.dir/home/savaobay/pico/pico-sdk/lib/tinyusb/src/tusb.c.obj
LOAD CMakeFiles/lcd.dir/home/savaobay/pico/pico-sdk/lib/tinyusb/src/common/tusb_fifo.c.obj
LOAD CMakeFiles/lcd.dir/home/savaobay/pico/pico-sdk/src/rp2_common/pico_fix/rp2040_usb_device_enumeration/rp2040_usb_device_enumeration.c.obj
LOAD CMakeFiles/lcd.dir/home/savaobay/pico/pico-sdk/src/rp2_common/hardware_i2c/i2c.c.obj
LOAD /tmp/ccVZW89K.o
LOAD /usr/lib/gcc/arm-none-eabi/9.2.1/../../../arm-none-eabi/lib/thumb/v6-m/nofp/libstdc++.a
LOAD /usr/lib/gcc/arm-none-eabi/9.2.1/../../../arm-none-eabi/lib/thumb/v6-m/nofp/libm.a
START GROUP
LOAD /usr/lib/gcc/arm-none-eabi/9.2.1/thumb/v6-m/nofp/libgcc.a
LOAD /usr/lib/gcc/arm-none-eabi/9.2.1/../../../arm-none-eabi/lib/thumb/v6-m/nofp/libg.a
LOAD /usr/lib/gcc/arm-none-eabi/9.2.1/../../../arm-none-eabi/lib/thumb/v6-m/nofp/libc.a
END GROUP
START GROUP
LOAD /usr/lib/gcc/arm-none-eabi/9.2.1/thumb/v6-m/nofp/libgcc.a
LOAD /usr/lib/gcc/arm-none-eabi/9.2.1/../../../arm-none-eabi/lib/thumb/v6-m/nofp/libc.a
LOAD /usr/lib/gcc/arm-none-eabi/9.2.1/../../../arm-none-eabi/lib/thumb/v6-m/nofp/libnosys.a
END GROUP
LOAD /usr/lib/gcc/arm-none-eabi/9.2.1/thumb/v6-m/nofp/crtend.o
LOAD /usr/lib/gcc/arm-none-eabi/9.2.1/thumb/v6-m/nofp/crtn.o
OUTPUT(lcd.elf elf32-littlearm)
LOAD linker stubs

.ARM.attributes
                0x0000000000000000       0x28
 .ARM.attributes
                0x0000000000000000       0x1e /usr/lib/gcc/arm-none-eabi/9.2.1/thumb/v6-m/nofp/crti.o
 .ARM.attributes
                0x000000000000001e       0x2c /usr/lib/gcc/arm-none-eabi/9.2.1/thumb/v6-m/nofp/crtbegin.o
 .ARM.attributes
                0x000000000000004a       0x2b CMakeFiles/lcd.dir/main.c.obj
 .ARM.attributes
                0x0000000000000075       0x2b CMakeFiles/lcd.dir/lcd_1602_i2c.c.obj
 .ARM.attributes
                0x00000000000000a0       0x2b CMakeFiles/lcd.dir/home/savaobay/pico/pico-sdk/src/rp2_common/hardware_gpio/gpio.c.obj
 .ARM.attributes
                0x00000000000000cb       0x2b CMakeFiles/lcd.dir/home/savaobay/pico/pico-sdk/src/rp2_common/hardware_claim/claim.c.obj
 .ARM.attributes
                0x00000000000000f6       0x2b CMakeFiles/lcd.dir/home/savaobay/pico/pico-sdk/src/rp2_common/hardware_sync/sync.c.obj
 .ARM.attributes
                0x0000000000000121       0x2b CMakeFiles/lcd.dir/home/savaobay/pico/pico-sdk/src/rp2_common/pico_platform/platform.c.obj
 .ARM.attributes
                0x000000000000014c       0x2b CMakeFiles/lcd.dir/home/savaobay/pico/pico-sdk/src/common/pico_time/time.c.obj
 .ARM.attributes
                0x0000000000000177       0x2b CMakeFiles/lcd.dir/home/savaobay/pico/pico-sdk/src/rp2_common/hardware_timer/timer.c.obj
 .ARM.attributes
                0x00000000000001a2       0x2b CMakeFiles/lcd.dir/home/savaobay/pico/pico-sdk/src/common/pico_sync/lock_core.c.obj
 .ARM.attributes
                0x00000000000001cd       0x2b CMakeFiles/lcd.dir/home/savaobay/pico/pico-sdk/src/common/pico_sync/mutex.c.obj
 .ARM.attributes
                0x00000000000001f8       0x2b CMakeFiles/lcd.dir/home/savaobay/pico/pico-sdk/src/common/pico_util/pheap.c.obj
 .ARM.attributes
                0x0000000000000223       0x2b CMakeFiles/lcd.dir/home/savaobay/pico/pico-sdk/src/rp2_common/pico_runtime/runtime.c.obj
 .ARM.attributes
                0x000000000000024e       0x2b CMakeFiles/lcd.dir/home/savaobay/pico/pico-sdk/src/rp2_common/hardware_clocks/clocks.c.obj
 .ARM.attributes
                0x0000000000000279       0x2b CMakeFiles/lcd.dir/home/savaobay/pico/pico-sdk/src/rp2_common/hardware_watchdog/watchdog.c.obj
 .ARM.attributes
                0x00000000000002a4       0x2b CMakeFiles/lcd.dir/home/savaobay/pico/pico-sdk/src/rp2_common/hardware_xosc/xosc.c.obj
 .ARM.attributes
                0x00000000000002cf       0x2b CMakeFiles/lcd.dir/home/savaobay/pico/pico-sdk/src/rp2_common/hardware_pll/pll.c.obj
 .ARM.attributes
                0x00000000000002fa       0x2b CMakeFiles/lcd.dir/home/savaobay/pico/pico-sdk/src/rp2_common/hardware_irq/irq.c.obj
 .ARM.attributes
                0x0000000000000325       0x22 CMakeFiles/lcd.dir/home/savaobay/pico/pico-sdk/src/rp2_common/hardware_irq/irq_handler_chain.S.obj
 .ARM.attributes
                0x0000000000000347       0x2b CMakeFiles/lcd.dir/home/savaobay/pico/pico-sdk/src/rp2_common/pico_printf/printf.c.obj
 .ARM.attributes
                0x0000000000000372       0x22 CMakeFiles/lcd.dir/home/savaobay/pico/pico-sdk/src/rp2_common/pico_bit_ops/bit_ops_aeabi.S.obj
 .ARM.attributes
                0x0000000000000394       0x2b CMakeFiles/lcd.dir/home/savaobay/pico/pico-sdk/src/rp2_common/pico_bootrom/bootrom.c.obj
 .ARM.attributes
                0x00000000000003bf       0x22 CMakeFiles/lcd.dir/home/savaobay/pico/pico-sdk/src/rp2_common/pico_divider/divider.S.obj
 .ARM.attributes
                0x00000000000003e1       0x22 CMakeFiles/lcd.dir/home/savaobay/pico/pico-sdk/src/rp2_common/pico_double/double_aeabi.S.obj
 .ARM.attributes
                0x0000000000000403       0x2b CMakeFiles/lcd.dir/home/savaobay/pico/pico-sdk/src/rp2_common/pico_double/double_init_rom.c.obj
 .ARM.attributes
                0x000000000000042e       0x22 CMakeFiles/lcd.dir/home/savaobay/pico/pico-sdk/src/rp2_common/pico_double/double_v1_rom_shim.S.obj
 .ARM.attributes
                0x0000000000000450       0x22 CMakeFiles/lcd.dir/home/savaobay/pico/pico-sdk/src/rp2_common/pico_int64_ops/pico_int64_ops_aeabi.S.obj
 .ARM.attributes
                0x0000000000000472       0x22 CMakeFiles/lcd.dir/home/savaobay/pico/pico-sdk/src/rp2_common/pico_float/float_aeabi.S.obj
 .ARM.attributes
                0x0000000000000494       0x2b CMakeFiles/lcd.dir/home/savaobay/pico/pico-sdk/src/rp2_common/pico_float/float_init_rom.c.obj
 .ARM.attributes
                0x00000000000004bf       0x22 CMakeFiles/lcd.dir/home/savaobay/pico/pico-sdk/src/rp2_common/pico_float/float_v1_rom_shim.S.obj
 .ARM.attributes
                0x00000000000004e1       0x22 CMakeFiles/lcd.dir/home/savaobay/pico/pico-sdk/src/rp2_common/pico_mem_ops/mem_ops_aeabi.S.obj
 .ARM.attributes
                0x0000000000000503       0x22 CMakeFiles/lcd.dir/home/savaobay/pico/pico-sdk/src/rp2_common/pico_standard_link/crt0.S.obj
 .ARM.attributes
                0x0000000000000525       0x32 CMakeFiles/lcd.dir/home/savaobay/pico/pico-sdk/src/rp2_common/pico_standard_link/binary_info.c.obj
 .ARM.attributes
                0x0000000000000557       0x2b CMakeFiles/lcd.dir/home/savaobay/pico/pico-sdk/src/rp2_common/pico_stdio/stdio.c.obj
 .ARM.attributes
                0x0000000000000582       0x2b CMakeFiles/lcd.dir/home/savaobay/pico/pico-sdk/src/rp2_common/hardware_i2c/i2c.c.obj
 .ARM.attributes
                0x00000000000005ad       0x22 /tmp/ccVZW89K.o
 .ARM.attributes
                0x00000000000005cf       0x1e /usr/lib/gcc/arm-none-eabi/9.2.1/thumb/v6-m/nofp/libgcc.a(_dvmd_tls.o)
 .ARM.attributes
                0x00000000000005ed       0x2c /usr/lib/gcc/arm-none-eabi/9.2.1/../../../arm-none-eabi/lib/thumb/v6-m/nofp/libg.a(lib_a-strlen-stub.o)
 .ARM.attributes
                0x0000000000000619       0x2c /usr/lib/gcc/arm-none-eabi/9.2.1/thumb/v6-m/nofp/crtend.o

.comment        0x0000000000000000       0xa7
 .comment       0x0000000000000000       0x59 /usr/lib/gcc/arm-none-eabi/9.2.1/thumb/v6-m/nofp/crtbegin.o
                                         0x5a (size before relaxing)
 .comment       0x0000000000000059       0x5a CMakeFiles/lcd.dir/main.c.obj
 .comment       0x0000000000000059       0x5a CMakeFiles/lcd.dir/lcd_1602_i2c.c.obj
 .comment       0x0000000000000059       0x5a CMakeFiles/lcd.dir/home/savaobay/pico/pico-sdk/src/rp2_common/hardware_gpio/gpio.c.obj
 .comment       0x0000000000000059       0x5a CMakeFiles/lcd.dir/home/savaobay/pico/pico-sdk/src/rp2_common/hardware_claim/claim.c.obj
 .comment       0x0000000000000059       0x5a CMakeFiles/lcd.dir/home/savaobay/pico/pico-sdk/src/rp2_common/hardware_sync/sync.c.obj
 .comment       0x0000000000000059       0x5a CMakeFiles/lcd.dir/home/savaobay/pico/pico-sdk/src/rp2_common/pico_platform/platform.c.obj
 .comment       0x0000000000000059       0x5a CMakeFiles/lcd.dir/home/savaobay/pico/pico-sdk/src/common/pico_time/time.c.obj
 .comment       0x0000000000000059       0x5a CMakeFiles/lcd.dir/home/savaobay/pico/pico-sdk/src/rp2_common/hardware_timer/timer.c.obj
 .comment       0x0000000000000059       0x5a CMakeFiles/lcd.dir/home/savaobay/pico/pico-sdk/src/common/pico_sync/lock_core.c.obj
 .comment       0x0000000000000059       0x5a CMakeFiles/lcd.dir/home/savaobay/pico/pico-sdk/src/common/pico_sync/mutex.c.obj
 .comment       0x0000000000000059       0x5a CMakeFiles/lcd.dir/home/savaobay/pico/pico-sdk/src/common/pico_util/pheap.c.obj
 .comment       0x0000000000000059       0x5a CMakeFiles/lcd.dir/home/savaobay/pico/pico-sdk/src/rp2_common/pico_runtime/runtime.c.obj
 .comment       0x0000000000000059       0x5a CMakeFiles/lcd.dir/home/savaobay/pico/pico-sdk/src/rp2_common/hardware_clocks/clocks.c.obj
 .comment       0x0000000000000059       0x5a CMakeFiles/lcd.dir/home/savaobay/pico/pico-sdk/src/rp2_common/hardware_watchdog/watchdog.c.obj
 .comment       0x0000000000000059       0x5a CMakeFiles/lcd.dir/home/savaobay/pico/pico-sdk/src/rp2_common/hardware_xosc/xosc.c.obj
 .comment       0x0000000000000059       0x5a CMakeFiles/lcd.dir/home/savaobay/pico/pico-sdk/src/rp2_common/hardware_pll/pll.c.obj
 .comment       0x0000000000000059       0x5a CMakeFiles/lcd.dir/home/savaobay/pico/pico-sdk/src/rp2_common/hardware_irq/irq.c.obj
 .comment       0x0000000000000059       0x5a CMakeFiles/lcd.dir/home/savaobay/pico/pico-sdk/src/rp2_common/pico_printf/printf.c.obj
 .comment       0x0000000000000059       0x5a CMakeFiles/lcd.dir/home/savaobay/pico/pico-sdk/src/rp2_common/pico_bootrom/bootrom.c.obj
 .comment       0x0000000000000059       0x5a CMakeFiles/lcd.dir/home/savaobay/pico/pico-sdk/src/rp2_common/pico_double/double_init_rom.c.obj
 .comment       0x0000000000000059       0x5a CMakeFiles/lcd.dir/home/savaobay/pico/pico-sdk/src/rp2_common/pico_float/float_init_rom.c.obj
 .comment       0x0000000000000059       0x5a CMakeFiles/lcd.dir/home/savaobay/pico/pico-sdk/src/rp2_common/pico_standard_link/binary_info.c.obj
 .comment       0x0000000000000059       0x5a CMakeFiles/lcd.dir/home/savaobay/pico/pico-sdk/src/rp2_common/pico_stdio/stdio.c.obj
 .comment       0x0000000000000059       0x5a CMakeFiles/lcd.dir/home/savaobay/pico/pico-sdk/src/rp2_common/hardware_i2c/i2c.c.obj
 .comment       0x0000000000000059       0x4e /usr/lib/gcc/arm-none-eabi/9.2.1/../../../arm-none-eabi/lib/thumb/v6-m/nofp/libg.a(lib_a-strlen-stub.o)
                                         0x4f (size before relaxing)
 .comment       0x00000000000000a7       0x5a /usr/lib/gcc/arm-none-eabi/9.2.1/thumb/v6-m/nofp/crtend.o

.debug_info     0x0000000000000000    0x16f12
 .debug_info    0x0000000000000000      0xf85 CMakeFiles/lcd.dir/main.c.obj
 .debug_info    0x0000000000000f85     0x110a CMakeFiles/lcd.dir/lcd_1602_i2c.c.obj
 .debug_info    0x000000000000208f     0x1111 CMakeFiles/lcd.dir/home/savaobay/pico/pico-sdk/src/rp2_common/hardware_gpio/gpio.c.obj
 .debug_info    0x00000000000031a0      0x608 CMakeFiles/lcd.dir/home/savaobay/pico/pico-sdk/src/rp2_common/hardware_claim/claim.c.obj
 .debug_info    0x00000000000037a8      0x48d CMakeFiles/lcd.dir/home/savaobay/pico/pico-sdk/src/rp2_common/hardware_sync/sync.c.obj
 .debug_info    0x0000000000003c35      0x1cb CMakeFiles/lcd.dir/home/savaobay/pico/pico-sdk/src/rp2_common/pico_platform/platform.c.obj
 .debug_info    0x0000000000003e00     0x3a37 CMakeFiles/lcd.dir/home/savaobay/pico/pico-sdk/src/common/pico_time/time.c.obj
 .debug_info    0x0000000000007837      0xee7 CMakeFiles/lcd.dir/home/savaobay/pico/pico-sdk/src/rp2_common/hardware_timer/timer.c.obj
 .debug_info    0x000000000000871e      0x16f CMakeFiles/lcd.dir/home/savaobay/pico/pico-sdk/src/common/pico_sync/lock_core.c.obj
 .debug_info    0x000000000000888d      0xcac CMakeFiles/lcd.dir/home/savaobay/pico/pico-sdk/src/common/pico_sync/mutex.c.obj
 .debug_info    0x0000000000009539     0x1aa5 CMakeFiles/lcd.dir/home/savaobay/pico/pico-sdk/src/common/pico_util/pheap.c.obj
 .debug_info    0x000000000000afde     0x122c CMakeFiles/lcd.dir/home/savaobay/pico/pico-sdk/src/rp2_common/pico_runtime/runtime.c.obj
 .debug_info    0x000000000000c20a     0x1007 CMakeFiles/lcd.dir/home/savaobay/pico/pico-sdk/src/rp2_common/hardware_clocks/clocks.c.obj
 .debug_info    0x000000000000d211      0xd2c CMakeFiles/lcd.dir/home/savaobay/pico/pico-sdk/src/rp2_common/hardware_watchdog/watchdog.c.obj
 .debug_info    0x000000000000df3d      0x1fc CMakeFiles/lcd.dir/home/savaobay/pico/pico-sdk/src/rp2_common/hardware_xosc/xosc.c.obj
 .debug_info    0x000000000000e139      0x37d CMakeFiles/lcd.dir/home/savaobay/pico/pico-sdk/src/rp2_common/hardware_pll/pll.c.obj
 .debug_info    0x000000000000e4b6     0x18a5 CMakeFiles/lcd.dir/home/savaobay/pico/pico-sdk/src/rp2_common/hardware_irq/irq.c.obj
 .debug_info    0x000000000000fd5b       0x26 CMakeFiles/lcd.dir/home/savaobay/pico/pico-sdk/src/rp2_common/hardware_irq/irq_handler_chain.S.obj
 .debug_info    0x000000000000fd81     0x1fbf CMakeFiles/lcd.dir/home/savaobay/pico/pico-sdk/src/rp2_common/pico_printf/printf.c.obj
 .debug_info    0x0000000000011d40       0x22 CMakeFiles/lcd.dir/home/savaobay/pico/pico-sdk/src/rp2_common/pico_bit_ops/bit_ops_aeabi.S.obj
 .debug_info    0x0000000000011d62      0x20d CMakeFiles/lcd.dir/home/savaobay/pico/pico-sdk/src/rp2_common/pico_bootrom/bootrom.c.obj
 .debug_info    0x0000000000011f6f       0x22 CMakeFiles/lcd.dir/home/savaobay/pico/pico-sdk/src/rp2_common/pico_divider/divider.S.obj
 .debug_info    0x0000000000011f91       0x22 CMakeFiles/lcd.dir/home/savaobay/pico/pico-sdk/src/rp2_common/pico_double/double_aeabi.S.obj
 .debug_info    0x0000000000011fb3      0xaf9 CMakeFiles/lcd.dir/home/savaobay/pico/pico-sdk/src/rp2_common/pico_double/double_init_rom.c.obj
 .debug_info    0x0000000000012aac       0x22 CMakeFiles/lcd.dir/home/savaobay/pico/pico-sdk/src/rp2_common/pico_double/double_v1_rom_shim.S.obj
 .debug_info    0x0000000000012ace       0x26 CMakeFiles/lcd.dir/home/savaobay/pico/pico-sdk/src/rp2_common/pico_int64_ops/pico_int64_ops_aeabi.S.obj
 .debug_info    0x0000000000012af4       0x22 CMakeFiles/lcd.dir/home/savaobay/pico/pico-sdk/src/rp2_common/pico_float/float_aeabi.S.obj
 .debug_info    0x0000000000012b16      0xb42 CMakeFiles/lcd.dir/home/savaobay/pico/pico-sdk/src/rp2_common/pico_float/float_init_rom.c.obj
 .debug_info    0x0000000000013658       0x22 CMakeFiles/lcd.dir/home/savaobay/pico/pico-sdk/src/rp2_common/pico_float/float_v1_rom_shim.S.obj
 .debug_info    0x000000000001367a       0x22 CMakeFiles/lcd.dir/home/savaobay/pico/pico-sdk/src/rp2_common/pico_mem_ops/mem_ops_aeabi.S.obj
 .debug_info    0x000000000001369c       0x22 CMakeFiles/lcd.dir/home/savaobay/pico/pico-sdk/src/rp2_common/pico_standard_link/crt0.S.obj
 .debug_info    0x00000000000136be      0x2c6 CMakeFiles/lcd.dir/home/savaobay/pico/pico-sdk/src/rp2_common/pico_standard_link/binary_info.c.obj
 .debug_info    0x0000000000013984     0x1857 CMakeFiles/lcd.dir/home/savaobay/pico/pico-sdk/src/rp2_common/pico_stdio/stdio.c.obj
 .debug_info    0x00000000000151db     0x139e CMakeFiles/lcd.dir/home/savaobay/pico/pico-sdk/src/rp2_common/hardware_i2c/i2c.c.obj
 .debug_info    0x0000000000016579       0x26 /usr/lib/gcc/arm-none-eabi/9.2.1/thumb/v6-m/nofp/libgcc.a(_dvmd_tls.o)
 .debug_info    0x000000000001659f      0x973 /usr/lib/gcc/arm-none-eabi/9.2.1/../../../arm-none-eabi/lib/thumb/v6-m/nofp/libg.a(lib_a-strlen-stub.o)

.debug_abbrev   0x0000000000000000     0x483c
 .debug_abbrev  0x0000000000000000      0x2dc CMakeFiles/lcd.dir/main.c.obj
 .debug_abbrev  0x00000000000002dc      0x2ea CMakeFiles/lcd.dir/lcd_1602_i2c.c.obj
 .debug_abbrev  0x00000000000005c6      0x2f1 CMakeFiles/lcd.dir/home/savaobay/pico/pico-sdk/src/rp2_common/hardware_gpio/gpio.c.obj
 .debug_abbrev  0x00000000000008b7      0x249 CMakeFiles/lcd.dir/home/savaobay/pico/pico-sdk/src/rp2_common/hardware_claim/claim.c.obj
 .debug_abbrev  0x0000000000000b00      0x1f8 CMakeFiles/lcd.dir/home/savaobay/pico/pico-sdk/src/rp2_common/hardware_sync/sync.c.obj
 .debug_abbrev  0x0000000000000cf8       0xeb CMakeFiles/lcd.dir/home/savaobay/pico/pico-sdk/src/rp2_common/pico_platform/platform.c.obj
 .debug_abbrev  0x0000000000000de3      0x5fd CMakeFiles/lcd.dir/home/savaobay/pico/pico-sdk/src/common/pico_time/time.c.obj
 .debug_abbrev  0x00000000000013e0      0x308 CMakeFiles/lcd.dir/home/savaobay/pico/pico-sdk/src/rp2_common/hardware_timer/timer.c.obj
 .debug_abbrev  0x00000000000016e8      0x114 CMakeFiles/lcd.dir/home/savaobay/pico/pico-sdk/src/common/pico_sync/lock_core.c.obj
 .debug_abbrev  0x00000000000017fc      0x30d CMakeFiles/lcd.dir/home/savaobay/pico/pico-sdk/src/common/pico_sync/mutex.c.obj
 .debug_abbrev  0x0000000000001b09      0x3ad CMakeFiles/lcd.dir/home/savaobay/pico/pico-sdk/src/common/pico_util/pheap.c.obj
 .debug_abbrev  0x0000000000001eb6      0x424 CMakeFiles/lcd.dir/home/savaobay/pico/pico-sdk/src/rp2_common/pico_runtime/runtime.c.obj
 .debug_abbrev  0x00000000000022da      0x399 CMakeFiles/lcd.dir/home/savaobay/pico/pico-sdk/src/rp2_common/hardware_clocks/clocks.c.obj
 .debug_abbrev  0x0000000000002673      0x2d8 CMakeFiles/lcd.dir/home/savaobay/pico/pico-sdk/src/rp2_common/hardware_watchdog/watchdog.c.obj
 .debug_abbrev  0x000000000000294b      0x12c CMakeFiles/lcd.dir/home/savaobay/pico/pico-sdk/src/rp2_common/hardware_xosc/xosc.c.obj
 .debug_abbrev  0x0000000000002a77      0x1d3 CMakeFiles/lcd.dir/home/savaobay/pico/pico-sdk/src/rp2_common/hardware_pll/pll.c.obj
 .debug_abbrev  0x0000000000002c4a      0x48b CMakeFiles/lcd.dir/home/savaobay/pico/pico-sdk/src/rp2_common/hardware_irq/irq.c.obj
 .debug_abbrev  0x00000000000030d5       0x14 CMakeFiles/lcd.dir/home/savaobay/pico/pico-sdk/src/rp2_common/hardware_irq/irq_handler_chain.S.obj
 .debug_abbrev  0x00000000000030e9      0x4a1 CMakeFiles/lcd.dir/home/savaobay/pico/pico-sdk/src/rp2_common/pico_printf/printf.c.obj
 .debug_abbrev  0x000000000000358a       0x12 CMakeFiles/lcd.dir/home/savaobay/pico/pico-sdk/src/rp2_common/pico_bit_ops/bit_ops_aeabi.S.obj
 .debug_abbrev  0x000000000000359c       0xf8 CMakeFiles/lcd.dir/home/savaobay/pico/pico-sdk/src/rp2_common/pico_bootrom/bootrom.c.obj
 .debug_abbrev  0x0000000000003694       0x12 CMakeFiles/lcd.dir/home/savaobay/pico/pico-sdk/src/rp2_common/pico_divider/divider.S.obj
 .debug_abbrev  0x00000000000036a6       0x12 CMakeFiles/lcd.dir/home/savaobay/pico/pico-sdk/src/rp2_common/pico_double/double_aeabi.S.obj
 .debug_abbrev  0x00000000000036b8      0x2af CMakeFiles/lcd.dir/home/savaobay/pico/pico-sdk/src/rp2_common/pico_double/double_init_rom.c.obj
 .debug_abbrev  0x0000000000003967       0x12 CMakeFiles/lcd.dir/home/savaobay/pico/pico-sdk/src/rp2_common/pico_double/double_v1_rom_shim.S.obj
 .debug_abbrev  0x0000000000003979       0x14 CMakeFiles/lcd.dir/home/savaobay/pico/pico-sdk/src/rp2_common/pico_int64_ops/pico_int64_ops_aeabi.S.obj
 .debug_abbrev  0x000000000000398d       0x12 CMakeFiles/lcd.dir/home/savaobay/pico/pico-sdk/src/rp2_common/pico_float/float_aeabi.S.obj
 .debug_abbrev  0x000000000000399f      0x2c2 CMakeFiles/lcd.dir/home/savaobay/pico/pico-sdk/src/rp2_common/pico_float/float_init_rom.c.obj
 .debug_abbrev  0x0000000000003c61       0x12 CMakeFiles/lcd.dir/home/savaobay/pico/pico-sdk/src/rp2_common/pico_float/float_v1_rom_shim.S.obj
 .debug_abbrev  0x0000000000003c73       0x12 CMakeFiles/lcd.dir/home/savaobay/pico/pico-sdk/src/rp2_common/pico_mem_ops/mem_ops_aeabi.S.obj
 .debug_abbrev  0x0000000000003c85       0x12 CMakeFiles/lcd.dir/home/savaobay/pico/pico-sdk/src/rp2_common/pico_standard_link/crt0.S.obj
 .debug_abbrev  0x0000000000003c97       0xad CMakeFiles/lcd.dir/home/savaobay/pico/pico-sdk/src/rp2_common/pico_standard_link/binary_info.c.obj
 .debug_abbrev  0x0000000000003d44      0x547 CMakeFiles/lcd.dir/home/savaobay/pico/pico-sdk/src/rp2_common/pico_stdio/stdio.c.obj
 .debug_abbrev  0x000000000000428b      0x3b5 CMakeFiles/lcd.dir/home/savaobay/pico/pico-sdk/src/rp2_common/hardware_i2c/i2c.c.obj
 .debug_abbrev  0x0000000000004640       0x14 /usr/lib/gcc/arm-none-eabi/9.2.1/thumb/v6-m/nofp/libgcc.a(_dvmd_tls.o)
 .debug_abbrev  0x0000000000004654      0x1e8 /usr/lib/gcc/arm-none-eabi/9.2.1/../../../arm-none-eabi/lib/thumb/v6-m/nofp/libg.a(lib_a-strlen-stub.o)

.debug_loc      0x0000000000000000     0xc6ec
 .debug_loc     0x0000000000000000       0x64 CMakeFiles/lcd.dir/main.c.obj
 .debug_loc     0x0000000000000064      0x19e CMakeFiles/lcd.dir/lcd_1602_i2c.c.obj
 .debug_loc     0x0000000000000202      0xafe CMakeFiles/lcd.dir/home/savaobay/pico/pico-sdk/src/rp2_common/hardware_gpio/gpio.c.obj
 .debug_loc     0x0000000000000d00      0x44a CMakeFiles/lcd.dir/home/savaobay/pico/pico-sdk/src/rp2_common/hardware_claim/claim.c.obj
 .debug_loc     0x000000000000114a      0x1d7 CMakeFiles/lcd.dir/home/savaobay/pico/pico-sdk/src/rp2_common/hardware_sync/sync.c.obj
 .debug_loc     0x0000000000001321       0xe9 CMakeFiles/lcd.dir/home/savaobay/pico/pico-sdk/src/rp2_common/pico_platform/platform.c.obj
 .debug_loc     0x000000000000140a     0x2c8f CMakeFiles/lcd.dir/home/savaobay/pico/pico-sdk/src/common/pico_time/time.c.obj
 .debug_loc     0x0000000000004099      0x7ed CMakeFiles/lcd.dir/home/savaobay/pico/pico-sdk/src/rp2_common/hardware_timer/timer.c.obj
 .debug_loc     0x0000000000004886       0x60 CMakeFiles/lcd.dir/home/savaobay/pico/pico-sdk/src/common/pico_sync/lock_core.c.obj
 .debug_loc     0x00000000000048e6      0x6bd CMakeFiles/lcd.dir/home/savaobay/pico/pico-sdk/src/common/pico_sync/mutex.c.obj
 .debug_loc     0x0000000000004fa3     0x1412 CMakeFiles/lcd.dir/home/savaobay/pico/pico-sdk/src/common/pico_util/pheap.c.obj
 .debug_loc     0x00000000000063b5      0x3c2 CMakeFiles/lcd.dir/home/savaobay/pico/pico-sdk/src/rp2_common/pico_runtime/runtime.c.obj
 .debug_loc     0x0000000000006777      0x890 CMakeFiles/lcd.dir/home/savaobay/pico/pico-sdk/src/rp2_common/hardware_clocks/clocks.c.obj
 .debug_loc     0x0000000000007007      0x267 CMakeFiles/lcd.dir/home/savaobay/pico/pico-sdk/src/rp2_common/hardware_watchdog/watchdog.c.obj
 .debug_loc     0x000000000000726e       0x71 CMakeFiles/lcd.dir/home/savaobay/pico/pico-sdk/src/rp2_common/hardware_xosc/xosc.c.obj
 .debug_loc     0x00000000000072df      0x22d CMakeFiles/lcd.dir/home/savaobay/pico/pico-sdk/src/rp2_common/hardware_pll/pll.c.obj
 .debug_loc     0x000000000000750c     0x11a8 CMakeFiles/lcd.dir/home/savaobay/pico/pico-sdk/src/rp2_common/hardware_irq/irq.c.obj
 .debug_loc     0x00000000000086b4     0x210c CMakeFiles/lcd.dir/home/savaobay/pico/pico-sdk/src/rp2_common/pico_printf/printf.c.obj
 .debug_loc     0x000000000000a7c0      0x16f CMakeFiles/lcd.dir/home/savaobay/pico/pico-sdk/src/rp2_common/pico_bootrom/bootrom.c.obj
 .debug_loc     0x000000000000a92f       0x59 CMakeFiles/lcd.dir/home/savaobay/pico/pico-sdk/src/rp2_common/pico_double/double_init_rom.c.obj
 .debug_loc     0x000000000000a988       0x73 CMakeFiles/lcd.dir/home/savaobay/pico/pico-sdk/src/rp2_common/pico_float/float_init_rom.c.obj
 .debug_loc     0x000000000000a9fb      0xa31 CMakeFiles/lcd.dir/home/savaobay/pico/pico-sdk/src/rp2_common/pico_stdio/stdio.c.obj
 .debug_loc     0x000000000000b42c     0x121d CMakeFiles/lcd.dir/home/savaobay/pico/pico-sdk/src/rp2_common/hardware_i2c/i2c.c.obj
 .debug_loc     0x000000000000c649       0xa3 /usr/lib/gcc/arm-none-eabi/9.2.1/../../../arm-none-eabi/lib/thumb/v6-m/nofp/libg.a(lib_a-strlen-stub.o)

.debug_aranges  0x0000000000000000      0xd48
 .debug_aranges
                0x0000000000000000       0x20 CMakeFiles/lcd.dir/main.c.obj
 .debug_aranges
                0x0000000000000020       0x50 CMakeFiles/lcd.dir/lcd_1602_i2c.c.obj
 .debug_aranges
                0x0000000000000070       0xa0 CMakeFiles/lcd.dir/home/savaobay/pico/pico-sdk/src/rp2_common/hardware_gpio/gpio.c.obj
 .debug_aranges
                0x0000000000000110       0x48 CMakeFiles/lcd.dir/home/savaobay/pico/pico-sdk/src/rp2_common/hardware_claim/claim.c.obj
 .debug_aranges
                0x0000000000000158       0x50 CMakeFiles/lcd.dir/home/savaobay/pico/pico-sdk/src/rp2_common/hardware_sync/sync.c.obj
 .debug_aranges
                0x00000000000001a8       0x28 CMakeFiles/lcd.dir/home/savaobay/pico/pico-sdk/src/rp2_common/pico_platform/platform.c.obj
 .debug_aranges
                0x00000000000001d0       0xd0 CMakeFiles/lcd.dir/home/savaobay/pico/pico-sdk/src/common/pico_time/time.c.obj
 .debug_aranges
                0x00000000000002a0       0x68 CMakeFiles/lcd.dir/home/savaobay/pico/pico-sdk/src/rp2_common/hardware_timer/timer.c.obj
 .debug_aranges
                0x0000000000000308       0x20 CMakeFiles/lcd.dir/home/savaobay/pico/pico-sdk/src/common/pico_sync/lock_core.c.obj
 .debug_aranges
                0x0000000000000328       0x48 CMakeFiles/lcd.dir/home/savaobay/pico/pico-sdk/src/common/pico_sync/mutex.c.obj
 .debug_aranges
                0x0000000000000370       0x78 CMakeFiles/lcd.dir/home/savaobay/pico/pico-sdk/src/common/pico_util/pheap.c.obj
 .debug_aranges
                0x00000000000003e8       0x60 CMakeFiles/lcd.dir/home/savaobay/pico/pico-sdk/src/rp2_common/pico_runtime/runtime.c.obj
 .debug_aranges
                0x0000000000000448       0x70 CMakeFiles/lcd.dir/home/savaobay/pico/pico-sdk/src/rp2_common/hardware_clocks/clocks.c.obj
 .debug_aranges
                0x00000000000004b8       0x50 CMakeFiles/lcd.dir/home/savaobay/pico/pico-sdk/src/rp2_common/hardware_watchdog/watchdog.c.obj
 .debug_aranges
                0x0000000000000508       0x30 CMakeFiles/lcd.dir/home/savaobay/pico/pico-sdk/src/rp2_common/hardware_xosc/xosc.c.obj
 .debug_aranges
                0x0000000000000538       0x28 CMakeFiles/lcd.dir/home/savaobay/pico/pico-sdk/src/rp2_common/hardware_pll/pll.c.obj
 .debug_aranges
                0x0000000000000560       0x90 CMakeFiles/lcd.dir/home/savaobay/pico/pico-sdk/src/rp2_common/hardware_irq/irq.c.obj
 .debug_aranges
                0x00000000000005f0       0x20 CMakeFiles/lcd.dir/home/savaobay/pico/pico-sdk/src/rp2_common/hardware_irq/irq_handler_chain.S.obj
 .debug_aranges
                0x0000000000000610       0x90 CMakeFiles/lcd.dir/home/savaobay/pico/pico-sdk/src/rp2_common/pico_printf/printf.c.obj
 .debug_aranges
                0x00000000000006a0       0x68 CMakeFiles/lcd.dir/home/savaobay/pico/pico-sdk/src/rp2_common/pico_bit_ops/bit_ops_aeabi.S.obj
 .debug_aranges
                0x0000000000000708       0x30 CMakeFiles/lcd.dir/home/savaobay/pico/pico-sdk/src/rp2_common/pico_bootrom/bootrom.c.obj
 .debug_aranges
                0x0000000000000738       0x40 CMakeFiles/lcd.dir/home/savaobay/pico/pico-sdk/src/rp2_common/pico_divider/divider.S.obj
 .debug_aranges
                0x0000000000000778      0x140 CMakeFiles/lcd.dir/home/savaobay/pico/pico-sdk/src/rp2_common/pico_double/double_aeabi.S.obj
 .debug_aranges
                0x00000000000008b8       0x20 CMakeFiles/lcd.dir/home/savaobay/pico/pico-sdk/src/rp2_common/pico_double/double_init_rom.c.obj
 .debug_aranges
                0x00000000000008d8       0xc8 CMakeFiles/lcd.dir/home/savaobay/pico/pico-sdk/src/rp2_common/pico_double/double_v1_rom_shim.S.obj
 .debug_aranges
                0x00000000000009a0       0x20 CMakeFiles/lcd.dir/home/savaobay/pico/pico-sdk/src/rp2_common/pico_int64_ops/pico_int64_ops_aeabi.S.obj
 .debug_aranges
                0x00000000000009c0      0x130 CMakeFiles/lcd.dir/home/savaobay/pico/pico-sdk/src/rp2_common/pico_float/float_aeabi.S.obj
 .debug_aranges
                0x0000000000000af0       0x20 CMakeFiles/lcd.dir/home/savaobay/pico/pico-sdk/src/rp2_common/pico_float/float_init_rom.c.obj
 .debug_aranges
                0x0000000000000b10       0x50 CMakeFiles/lcd.dir/home/savaobay/pico/pico-sdk/src/rp2_common/pico_float/float_v1_rom_shim.S.obj
 .debug_aranges