Archive member included to satisfy reference by file (symbol)

/usr/lib/gcc/arm-none-eabi/9.2.1/thumb/v6-m/nofp/libgcc.a(_dvmd_tls.o)
                              CMakeFiles/i2cscan.dir/home/savaobay/pico/pico-sdk/src/rp2_common/pico_divider/divider.S.obj (__aeabi_idiv0)
/usr/lib/gcc/arm-none-eabi/9.2.1/../../../arm-none-eabi/lib/thumb/v6-m/nofp/libg.a(lib_a-atexit.o)
                              /usr/lib/gcc/arm-none-eabi/9.2.1/../../../arm-none-eabi/lib/thumb/v6-m/nofp/crt0.o (atexit)
/usr/lib/gcc/arm-none-eabi/9.2.1/../../../arm-none-eabi/lib/thumb/v6-m/nofp/libg.a(lib_a-calloc.o)
                              CMakeFiles/i2cscan.dir/home/savaobay/pico/pico-sdk/src/rp2_common/pico_malloc/pico_malloc.c.obj (calloc)
/usr/lib/gcc/arm-none-eabi/9.2.1/../../../arm-none-eabi/lib/thumb/v6-m/nofp/libg.a(lib_a-callocr.o)
                              /usr/lib/gcc/arm-none-eabi/9.2.1/../../../arm-none-eabi/lib/thumb/v6-m/nofp/libg.a(lib_a-calloc.o) (_calloc_r)
/usr/lib/gcc/arm-none-eabi/9.2.1/../../../arm-none-eabi/lib/thumb/v6-m/nofp/libg.a(lib_a-ctype_.o)
                              CMakeFiles/i2cscan.dir/home/savaobay/pico/pico-sdk/lib/tinyusb/src/tusb.c.obj (_ctype_)
/usr/lib/gcc/arm-none-eabi/9.2.1/../../../arm-none-eabi/lib/thumb/v6-m/nofp/libg.a(lib_a-fini.o)
                              /usr/lib/gcc/arm-none-eabi/9.2.1/../../../arm-none-eabi/lib/thumb/v6-m/nofp/crt0.o (__libc_fini_array)
/usr/lib/gcc/arm-none-eabi/9.2.1/../../../arm-none-eabi/lib/thumb/v6-m/nofp/libg.a(lib_a-impure.o)
                              /usr/lib/gcc/arm-none-eabi/9.2.1/../../../arm-none-eabi/lib/thumb/v6-m/nofp/libg.a(lib_a-calloc.o) (_impure_ptr)
/usr/lib/gcc/arm-none-eabi/9.2.1/../../../arm-none-eabi/lib/thumb/v6-m/nofp/libg.a(lib_a-init.o)
                              /usr/lib/gcc/arm-none-eabi/9.2.1/../../../arm-none-eabi/lib/thumb/v6-m/nofp/crt0.o (__libc_init_array)
/usr/lib/gcc/arm-none-eabi/9.2.1/../../../arm-none-eabi/lib/thumb/v6-m/nofp/libg.a(lib_a-malloc.o)
                              CMakeFiles/i2cscan.dir/home/savaobay/pico/pico-sdk/src/rp2_common/pico_malloc/pico_malloc.c.obj (malloc)
/usr/lib/gcc/arm-none-eabi/9.2.1/../../../arm-none-eabi/lib/thumb/v6-m/nofp/libg.a(lib_a-mallocr.o)
                              /usr/lib/gcc/arm-none-eabi/9.2.1/../../../arm-none-eabi/lib/thumb/v6-m/nofp/libg.a(lib_a-callocr.o) (_malloc_r)
/usr/lib/gcc/arm-none-eabi/9.2.1/../../../arm-none-eabi/lib/thumb/v6-m/nofp/libg.a(lib_a-mlock.o)
                              /usr/lib/gcc/arm-none-eabi/9.2.1/../../../arm-none-eabi/lib/thumb/v6-m/nofp/libg.a(lib_a-mallocr.o) (__malloc_lock)
/usr/lib/gcc/arm-none-eabi/9.2.1/../../../arm-none-eabi/lib/thumb/v6-m/nofp/libg.a(lib_a-sbrkr.o)
                              /usr/lib/gcc/arm-none-eabi/9.2.1/../../../arm-none-eabi/lib/thumb/v6-m/nofp/libg.a(lib_a-mallocr.o) (_sbrk_r)
/usr/lib/gcc/arm-none-eabi/9.2.1/../../../arm-none-eabi/lib/thumb/v6-m/nofp/libg.a(lib_a-strlen-stub.o)
                              CMakeFiles/i2cscan.dir/home/savaobay/pico/pico-sdk/src/rp2_common/pico_stdio/stdio.c.obj (strlen)
/usr/lib/gcc/arm-none-eabi/9.2.1/../../../arm-none-eabi/lib/thumb/v6-m/nofp/libg.a(lib_a-__atexit.o)
                              /usr/lib/gcc/arm-none-eabi/9.2.1/../../../arm-none-eabi/lib/thumb/v6-m/nofp/libg.a(lib_a-atexit.o) (__register_exitproc)
/usr/lib/gcc/arm-none-eabi/9.2.1/../../../arm-none-eabi/lib/thumb/v6-m/nofp/libg.a(lib_a-freer.o)
                              /usr/lib/gcc/arm-none-eabi/9.2.1/../../../arm-none-eabi/lib/thumb/v6-m/nofp/libg.a(lib_a-malloc.o) (_free_r)
/usr/lib/gcc/arm-none-eabi/9.2.1/../../../arm-none-eabi/lib/thumb/v6-m/nofp/libg.a(lib_a-reent.o)
                              /usr/lib/gcc/arm-none-eabi/9.2.1/../../../arm-none-eabi/lib/thumb/v6-m/nofp/libg.a(lib_a-sbrkr.o) (errno)

Allocating common symbols
Common symbol       size              file

sf_table            0x100             CMakeFiles/i2cscan.dir/home/savaobay/pico/pico-sdk/src/rp2_common/pico_float/float_init_rom.c.obj
errno               0x4               /usr/lib/gcc/arm-none-eabi/9.2.1/../../../arm-none-eabi/lib/thumb/v6-m/nofp/libg.a(lib_a-reent.o)
_usbd_qdef_buf      0xc0              CMakeFiles/i2cscan.dir/home/savaobay/pico/pico-sdk/lib/tinyusb/src/device/usbd.c.obj
sf_clz_func         0x4               CMakeFiles/i2cscan.dir/home/savaobay/pico/pico-sdk/src/rp2_common/pico_float/float_init_rom.c.obj
sd_table            0x100             CMakeFiles/i2cscan.dir/home/savaobay/pico/pico-sdk/src/rp2_common/pico_double/double_init_rom.c.obj
uart_char_to_line_feed
                    0x4               CMakeFiles/i2cscan.dir/home/savaobay/pico/pico-sdk/src/rp2_common/hardware_uart/uart.c.obj

Discarded input sections

 .text          0x0000000000000000        0x0 /usr/lib/gcc/arm-none-eabi/9.2.1/thumb/v6-m/nofp/crti.o
 .data          0x0000000000000000        0x0 /usr/lib/gcc/arm-none-eabi/9.2.1/thumb/v6-m/nofp/crti.o
[...]
Memory Configuration

Name             Origin             Length             Attributes
FLASH            0x0000000010000000 0x0000000000200000 xr
RAM              0x0000000020000000 0x0000000000040000 xrw
SCRATCH_X        0x0000000020040000 0x0000000000001000 xrw
SCRATCH_Y        0x0000000020041000 0x0000000000001000 xrw
*default*        0x0000000000000000 0xffffffffffffffff

Linker script and memory map

LOAD /usr/lib/gcc/arm-none-eabi/9.2.1/thumb/v6-m/nofp/crti.o
LOAD /usr/lib/gcc/arm-none-eabi/9.2.1/thumb/v6-m/nofp/crtbegin.o
LOAD /usr/lib/gcc/arm-none-eabi/9.2.1/../../../arm-none-eabi/lib/thumb/v6-m/nofp/crt0.o

.flash_begin    0x0000000010000000        0x0
                0x0000000010000000                __flash_binary_start = .

.boot2          0x0000000010000000      0x100
                0x0000000010000000                __boot2_start__ = .
 *(.boot2)
 .boot2         0x0000000010000000      0x100 /tmp/ccmaRJbP.o
                0x0000000010000100                __boot2_end__ = .
                0x0000000000000001                ASSERT (((__boot2_end__ - __boot2_start__) == 0x100), ERROR: Pico second stage bootloader must be 256 bytes in size)

.text           0x0000000010000100     0x6a80
                0x0000000010000100                __logical_binary_start = .
 *(.vectors)
 .vectors       0x0000000010000100       0xd4 CMakeFiles/i2cscan.dir/home/savaobay/pico/pico-sdk/src/rp2_common/pico_standard_link/crt0.S.obj
                0x0000000010000100                __vectors
                0x00000000100001c0                isr_invalid
                0x00000000100001c2                isr_nmi
                0x00000000100001c4                isr_hardfault
                0x00000000100001c6                isr_svcall
                0x00000000100001c8                isr_pendsv
                0x00000000100001ca                isr_systick
                0x00000000100001cc                isr_irq30
                0x00000000100001cc                __unhandled_user_irq
                0x00000000100001cc                isr_irq13
                0x00000000100001cc                isr_irq27
                0x00000000100001cc                isr_irq31
                0x00000000100001cc                isr_irq5
                0x00000000100001cc                isr_irq11
                0x00000000100001cc                isr_irq23
                0x00000000100001cc                isr_irq18
                0x00000000100001cc                isr_irq28
                0x00000000100001cc                isr_irq19
                0x00000000100001cc                isr_irq0
                0x00000000100001cc                isr_irq6
                0x00000000100001cc                isr_irq22
                0x00000000100001cc                isr_irq17
                0x00000000100001cc                isr_irq14
                0x00000000100001cc                isr_irq2
                0x00000000100001cc                isr_irq10
                0x00000000100001cc                isr_irq8
                0x00000000100001cc                isr_irq24
                0x00000000100001cc                isr_irq1
                0x00000000100001cc                isr_irq7
                0x00000000100001cc                isr_irq21
                0x00000000100001cc                isr_irq20
                0x00000000100001cc                isr_irq15
                0x00000000100001cc                isr_irq25
                0x00000000100001cc                isr_irq4
                0x00000000100001cc                isr_irq16
                0x00000000100001cc                isr_irq29
                0x00000000100001cc                isr_irq26
                0x00000000100001cc                isr_irq3
                0x00000000100001cc                isr_irq12
                0x00000000100001cc                isr_irq9
                0x00000000100001d2                unhandled_user_irq_num_in_r0
 *(.binary_info_header)
 .binary_info_header
                0x00000000100001d4       0x14 CMakeFiles/i2cscan.dir/home/savaobay/pico/pico-sdk/src/rp2_common/pico_standard_link/crt0.S.obj
                0x00000000100001e8                __binary_info_header_end = .
 *(.reset)
 .reset         0x00000000100001e8       0xa8 CMakeFiles/i2cscan.dir/home/savaobay/pico/pico-sdk/src/rp2_common/pico_standard_link/crt0.S.obj
                0x00000000100001e8                _entry_point
                0x0000000010000266                __get_current_exception
 .reset         0x0000000010000290       0x30 CMakeFiles/i2cscan.dir/home/savaobay/pico/pico-sdk/src/rp2_common/pico_standard_link/binary_info.c.obj
 *(.init)
 .init          0x00000000100002c0        0x4 /usr/lib/gcc/arm-none-eabi/9.2.1/thumb/v6-m/nofp/crti.o
                0x00000000100002c0                _init
 *(EXCLUDE_FILE(*libm.a: *libc.a:*lib_a-mem*.o *libgcc.a:) .text*)
 .text          0x00000000100002c4       0x98 /usr/lib/gcc/arm-none-eabi/9.2.1/thumb/v6-m/nofp/crtbegin.o
 .text.reserved_addr
                0x000000001000035c       0x1a CMakeFiles/i2cscan.dir/main.c.obj
                0x000000001000035c                reserved_addr
 *fill*         0x0000000010000376        0x2 
 .text.main     0x0000000010000378       0xd8 CMakeFiles/i2cscan.dir/main.c.obj
                0x0000000010000378                main
 .text.gpio_set_function
                0x0000000010000450       0x30 CMakeFiles/i2cscan.dir/home/savaobay/pico/pico-sdk/src/rp2_common/hardware_gpio/gpio.c.obj
                0x0000000010000450                gpio_set_function
 .text.gpio_set_pulls
                0x0000000010000480       0x34 CMakeFiles/i2cscan.dir/home/savaobay/pico/pico-sdk/src/rp2_common/hardware_gpio/gpio.c.obj
                0x0000000010000480                gpio_set_pulls
 .text.hw_claim_lock
                0x00000000100004b4       0x18 CMakeFiles/i2cscan.dir/home/savaobay/pico/pico-sdk/src/rp2_common/hardware_claim/claim.c.obj
                0x00000000100004b4                hw_claim_lock
 .text.hw_claim_unlock
                0x00000000100004cc       0x14 CMakeFiles/i2cscan.dir/home/savaobay/pico/pico-sdk/src/rp2_common/hardware_claim/claim.c.obj
                0x00000000100004cc                hw_claim_unlock
 .text.hw_claim_or_assert
                0x00000000100004e0       0x36 CMakeFiles/i2cscan.dir/home/savaobay/pico/pico-sdk/src/rp2_common/hardware_claim/claim.c.obj
                0x00000000100004e0                hw_claim_or_assert
 .text.hw_claim_unused_from_range
                0x0000000010000516       0x58 CMakeFiles/i2cscan.dir/home/savaobay/pico/pico-sdk/src/rp2_common/hardware_claim/claim.c.obj
                0x0000000010000516                hw_claim_unused_from_range
 *fill*         0x000000001000056e        0x2 
 .text.spin_locks_reset
                0x0000000010000570       0x20 CMakeFiles/i2cscan.dir/home/savaobay/pico/pico-sdk/src/rp2_common/hardware_sync/sync.c.obj
                0x0000000010000570                spin_locks_reset
 .text.next_striped_spin_lock_num
                0x0000000010000590       0x1c CMakeFiles/i2cscan.dir/home/savaobay/pico/pico-sdk/src/rp2_common/hardware_sync/sync.c.obj
                0x0000000010000590                next_striped_spin_lock_num
 .text.spin_lock_claim_unused
                0x00000000100005ac       0x20 CMakeFiles/i2cscan.dir/home/savaobay/pico/pico-sdk/src/rp2_common/hardware_sync/sync.c.obj
                0x00000000100005ac                spin_lock_claim_unused
 .text.running_on_fpga
                0x00000000100005cc       0x14 CMakeFiles/i2cscan.dir/home/savaobay/pico/pico-sdk/src/rp2_common/pico_platform/platform.c.obj
                0x00000000100005cc                running_on_fpga
 .text.sev_callback
                0x00000000100005e0        0x8 CMakeFiles/i2cscan.dir/home/savaobay/pico/pico-sdk/src/common/pico_time/time.c.obj
 .text.alarm_pool_post_alloc_init
                0x00000000100005e8       0x40 CMakeFiles/i2cscan.dir/home/savaobay/pico/pico-sdk/src/common/pico_time/time.c.obj
 .text.timer_pool_entry_comparator
                0x0000000010000628       0x78 CMakeFiles/i2cscan.dir/home/savaobay/pico/pico-sdk/src/common/pico_time/time.c.obj
                0x0000000010000628                timer_pool_entry_comparator
 .text.ph_add_child_node
                0x00000000100006a0       0xa4 CMakeFiles/i2cscan.dir/home/savaobay/pico/pico-sdk/src/common/pico_time/time.c.obj
 .text.ph_merge_nodes
                0x0000000010000744       0x3e CMakeFiles/i2cscan.dir/home/savaobay/pico/pico-sdk/src/common/pico_time/time.c.obj
 *fill*         0x0000000010000782        0x2 
 .text.add_alarm_under_lock
                0x0000000010000784      0x174 CMakeFiles/i2cscan.dir/home/savaobay/pico/pico-sdk/src/common/pico_time/time.c.obj
 .text.alarm_pool_alarm_callback
                0x00000000100008f8      0x308 CMakeFiles/i2cscan.dir/home/savaobay/pico/pico-sdk/src/common/pico_time/time.c.obj
 .text.alarm_pool_init_default
                0x0000000010000c00       0x2c CMakeFiles/i2cscan.dir/home/savaobay/pico/pico-sdk/src/common/pico_time/time.c.obj
                0x0000000010000c00                alarm_pool_init_default
 .text.alarm_pool_get_default
                0x0000000010000c2c       0x2c CMakeFiles/i2cscan.dir/home/savaobay/pico/pico-sdk/src/common/pico_time/time.c.obj
                0x0000000010000c2c                alarm_pool_get_default
 .text.alarm_pool_add_alarm_at
                0x0000000010000c58      0x140 CMakeFiles/i2cscan.dir/home/savaobay/pico/pico-sdk/src/common/pico_time/time.c.obj
                0x0000000010000c58                alarm_pool_add_alarm_at
 .text.alarm_pool_cancel_alarm
                0x0000000010000d98       0xec CMakeFiles/i2cscan.dir/home/savaobay/pico/pico-sdk/src/common/pico_time/time.c.obj
                0x0000000010000d98                alarm_pool_cancel_alarm
 .text.best_effort_wfe_or_timeout
                0x0000000010000e84       0x80 CMakeFiles/i2cscan.dir/home/savaobay/pico/pico-sdk/src/common/pico_time/time.c.obj
                0x0000000010000e84                best_effort_wfe_or_timeout
 .text.hardware_alarm_irq_handler
                0x0000000010000f04       0x8c CMakeFiles/i2cscan.dir/home/savaobay/pico/pico-sdk/src/rp2_common/hardware_timer/timer.c.obj
 .text.hardware_alarm_claim
                0x0000000010000f90       0x18 CMakeFiles/i2cscan.dir/home/savaobay/pico/pico-sdk/src/rp2_common/hardware_timer/timer.c.obj
                0x0000000010000f90                hardware_alarm_claim
 .text.time_us_64
                0x0000000010000fa8       0x18 CMakeFiles/i2cscan.dir/home/savaobay/pico/pico-sdk/src/rp2_common/hardware_timer/timer.c.obj
                0x0000000010000fa8                time_us_64
 .text.hardware_alarm_set_callback
                0x0000000010000fc0       0x90 CMakeFiles/i2cscan.dir/home/savaobay/pico/pico-sdk/src/rp2_common/hardware_timer/timer.c.obj
                0x0000000010000fc0                hardware_alarm_set_callback
 .text.hardware_alarm_set_target
                0x0000000010001050       0xc8 CMakeFiles/i2cscan.dir/home/savaobay/pico/pico-sdk/src/rp2_common/hardware_timer/timer.c.obj
                0x0000000010001050                hardware_alarm_set_target
 .text.hardware_alarm_cancel
                0x0000000010001118       0x40 CMakeFiles/i2cscan.dir/home/savaobay/pico/pico-sdk/src/rp2_common/hardware_timer/timer.c.obj
                0x0000000010001118                hardware_alarm_cancel
 .text.lock_init
                0x0000000010001158       0x10 CMakeFiles/i2cscan.dir/home/savaobay/pico/pico-sdk/src/common/pico_sync/lock_core.c.obj
                0x0000000010001158                lock_init
 .text.mutex_init
                0x0000000010001168       0x1a CMakeFiles/i2cscan.dir/home/savaobay/pico/pico-sdk/src/common/pico_sync/mutex.c.obj
                0x0000000010001168                mutex_init
 .text.critical_section_init_with_lock_num
                0x0000000010001182        0xc CMakeFiles/i2cscan.dir/home/savaobay/pico/pico-sdk/src/common/pico_sync/critical_section.c.obj
                0x0000000010001182                critical_section_init_with_lock_num
 .text.critical_section_init
                0x000000001000118e       0x14 CMakeFiles/i2cscan.dir/home/savaobay/pico/pico-sdk/src/common/pico_sync/critical_section.c.obj
                0x000000001000118e                critical_section_init
 *fill*         0x00000000100011a2        0x2 
 .text.ph_add_child_node
                0x00000000100011a4       0xa4 CMakeFiles/i2cscan.dir/home/savaobay/pico/pico-sdk/src/common/pico_util/pheap.c.obj
 .text.ph_merge_nodes
                0x0000000010001248       0x3e CMakeFiles/i2cscan.dir/home/savaobay/pico/pico-sdk/src/common/pico_util/pheap.c.obj
 *fill*         0x0000000010001286        0x2 
 .text.ph_clear
                0x0000000010001288       0x70 CMakeFiles/i2cscan.dir/home/savaobay/pico/pico-sdk/src/common/pico_util/pheap.c.obj
                0x0000000010001288                ph_clear
 .text.ph_post_alloc_init
                0x00000000100012f8        0xe CMakeFiles/i2cscan.dir/home/savaobay/pico/pico-sdk/src/common/pico_util/pheap.c.obj
                0x00000000100012f8                ph_post_alloc_init
 *fill*         0x0000000010001306        0x2 
 .text.ph_merge_two_pass
                0x0000000010001308       0xa8 CMakeFiles/i2cscan.dir/home/savaobay/pico/pico-sdk/src/common/pico_util/pheap.c.obj
                0x0000000010001308                ph_merge_two_pass
 .text.ph_remove_any_head
                0x00000000100013b0      0x108 CMakeFiles/i2cscan.dir/home/savaobay/pico/pico-sdk/src/common/pico_util/pheap.c.obj
 .text.ph_remove_head
                0x00000000100014b8       0x14 CMakeFiles/i2cscan.dir/home/savaobay/pico/pico-sdk/src/common/pico_util/pheap.c.obj
                0x00000000100014b8                ph_remove_head
 .text.ph_remove_and_free_node
                0x00000000100014cc       0xf8 CMakeFiles/i2cscan.dir/home/savaobay/pico/pico-sdk/src/common/pico_util/pheap.c.obj
                0x00000000100014cc                ph_remove_and_free_node
 .text.runtime_init
                0x00000000100015c4       0xcc CMakeFiles/i2cscan.dir/home/savaobay/pico/pico-sdk/src/rp2_common/pico_runtime/runtime.c.obj
                0x00000000100015c4                runtime_init
 .text._exit    0x0000000010001690        0x4 CMakeFiles/i2cscan.dir/home/savaobay/pico/pico-sdk/src/rp2_common/pico_runtime/runtime.c.obj
                0x0000000010001690                _exit
 .text.exit     0x0000000010001694        0x6 CMakeFiles/i2cscan.dir/home/savaobay/pico/pico-sdk/src/rp2_common/pico_runtime/runtime.c.obj
                0x0000000010001694                exit
 *fill*         0x000000001000169a        0x2 
 .text.__assert_func
                0x000000001000169c       0x3c CMakeFiles/i2cscan.dir/home/savaobay/pico/pico-sdk/src/rp2_common/pico_runtime/runtime.c.obj
                0x000000001000169c                __assert_func
 .text.panic    0x00000000100016d8       0x30 CMakeFiles/i2cscan.dir/home/savaobay/pico/pico-sdk/src/rp2_common/pico_runtime/runtime.c.obj
                0x00000000100016d8                panic
 .text.clock_configure
                0x0000000010001708       0xe8 CMakeFiles/i2cscan.dir/home/savaobay/pico/pico-sdk/src/rp2_common/hardware_clocks/clocks.c.obj
                0x0000000010001708                clock_configure
 .text.clocks_init
                0x00000000100017f0      0x124 CMakeFiles/i2cscan.dir/home/savaobay/pico/pico-sdk/src/rp2_common/hardware_clocks/clocks.c.obj
                0x00000000100017f0                clocks_init
 .text.clock_get_hz
                0x0000000010001914        0xc CMakeFiles/i2cscan.dir/home/savaobay/pico/pico-sdk/src/rp2_common/hardware_clocks/clocks.c.obj
                0x0000000010001914                clock_get_hz
 .text.watchdog_start_tick
                0x0000000010001920       0x10 CMakeFiles/i2cscan.dir/home/savaobay/pico/pico-sdk/src/rp2_common/hardware_watchdog/watchdog.c.obj
                0x0000000010001920                watchdog_start_tick
 .text.watchdog_update
                0x0000000010001930       0x14 CMakeFiles/i2cscan.dir/home/savaobay/pico/pico-sdk/src/rp2_common/hardware_watchdog/watchdog.c.obj
                0x0000000010001930                watchdog_update
 .text._watchdog_enable
                0x0000000010001944       0x70 CMakeFiles/i2cscan.dir/home/savaobay/pico/pico-sdk/src/rp2_common/hardware_watchdog/watchdog.c.obj
                0x0000000010001944                _watchdog_enable
 .text.watchdog_reboot
                0x00000000100019b4       0x48 CMakeFiles/i2cscan.dir/home/savaobay/pico/pico-sdk/src/rp2_common/hardware_watchdog/watchdog.c.obj
                0x00000000100019b4                watchdog_reboot
 .text.xosc_init
                0x00000000100019fc       0x28 CMakeFiles/i2cscan.dir/home/savaobay/pico/pico-sdk/src/rp2_common/hardware_xosc/xosc.c.obj
                0x00000000100019fc                xosc_init
 .text.pll_init
                0x0000000010001a24       0xd0 CMakeFiles/i2cscan.dir/home/savaobay/pico/pico-sdk/src/rp2_common/hardware_pll/pll.c.obj
                0x0000000010001a24                pll_init
 .text.set_raw_irq_handler_and_unlock
                0x0000000010001af4       0x28 CMakeFiles/i2cscan.dir/home/savaobay/pico/pico-sdk/src/rp2_common/hardware_irq/irq.c.obj
 .text.make_branch
                0x0000000010001b1c       0x34 CMakeFiles/i2cscan.dir/home/savaobay/pico/pico-sdk/src/rp2_common/hardware_irq/irq.c.obj
 .text.insert_branch_and_link
                0x0000000010001b50       0x40 CMakeFiles/i2cscan.dir/home/savaobay/pico/pico-sdk/src/rp2_common/hardware_irq/irq.c.obj
 .text.irq_is_enabled
                0x0000000010001b90       0x18 CMakeFiles/i2cscan.dir/home/savaobay/pico/pico-sdk/src/rp2_common/hardware_irq/irq.c.obj
                0x0000000010001b90                irq_is_enabled
 .text.irq_set_mask_enabled
                0x0000000010001ba8       0x20 CMakeFiles/i2cscan.dir/home/savaobay/pico/pico-sdk/src/rp2_common/hardware_irq/irq.c.obj
                0x0000000010001ba8                irq_set_mask_enabled
 .text.irq_set_enabled
                0x0000000010001bc8        0xe CMakeFiles/i2cscan.dir/home/savaobay/pico/pico-sdk/src/rp2_common/hardware_irq/irq.c.obj
                0x0000000010001bc8                irq_set_enabled
 *fill*         0x0000000010001bd6        0x2 
 .text.irq_set_pending
                0x0000000010001bd8       0x10 CMakeFiles/i2cscan.dir/home/savaobay/pico/pico-sdk/src/rp2_common/hardware_irq/irq.c.obj
                0x0000000010001bd8                irq_set_pending
 .text.irq_get_vtable_handler
                0x0000000010001be8       0x10 CMakeFiles/i2cscan.dir/home/savaobay/pico/pico-sdk/src/rp2_common/hardware_irq/irq.c.obj
                0x0000000010001be8                irq_get_vtable_handler
 .text.irq_set_exclusive_handler
                0x0000000010001bf8       0x54 CMakeFiles/i2cscan.dir/home/savaobay/pico/pico-sdk/src/rp2_common/hardware_irq/irq.c.obj
                0x0000000010001bf8                irq_set_exclusive_handler
 .text.irq_remove_handler
                0x0000000010001c4c      0x1ac CMakeFiles/i2cscan.dir/home/savaobay/pico/pico-sdk/src/rp2_common/hardware_irq/irq.c.obj
                0x0000000010001c4c                irq_remove_handler
 .text.irq_set_priority
                0x0000000010001df8       0x28 CMakeFiles/i2cscan.dir/home/savaobay/pico/pico-sdk/src/rp2_common/hardware_irq/irq.c.obj
                0x0000000010001df8                irq_set_priority
 .text.irq_add_tail_to_free_list
                0x0000000010001e20       0xf0 CMakeFiles/i2cscan.dir/home/savaobay/pico/pico-sdk/src/rp2_common/hardware_irq/irq.c.obj
                0x0000000010001e20                irq_add_tail_to_free_list
 .text.irq_init_priorities
                0x0000000010001f10       0x16 CMakeFiles/i2cscan.dir/home/savaobay/pico/pico-sdk/src/rp2_common/hardware_irq/irq.c.obj
                0x0000000010001f10                irq_init_priorities
 .text._out_null
                0x0000000010001f26        0x2 CMakeFiles/i2cscan.dir/home/savaobay/pico/pico-sdk/src/rp2_common/pico_printf/printf.c.obj
 .text._out_fct
                0x0000000010001f28        0xe CMakeFiles/i2cscan.dir/home/savaobay/pico/pico-sdk/src/rp2_common/pico_printf/printf.c.obj
 .text._atoi    0x0000000010001f36       0x24 CMakeFiles/i2cscan.dir/home/savaobay/pico/pico-sdk/src/rp2_common/pico_printf/printf.c.obj
 .text._out_rev
                0x0000000010001f5a       0xae CMakeFiles/i2cscan.dir/home/savaobay/pico/pico-sdk/src/rp2_common/pico_printf/printf.c.obj
 .text._ntoa_format
                0x0000000010002008      0x110 CMakeFiles/i2cscan.dir/home/savaobay/pico/pico-sdk/src/rp2_common/pico_printf/printf.c.obj
 .text._ntoa_long
                0x0000000010002118       0xbc CMakeFiles/i2cscan.dir/home/savaobay/pico/pico-sdk/src/rp2_common/pico_printf/printf.c.obj
 .text._ntoa_long_long
                0x00000000100021d4       0xe2 CMakeFiles/i2cscan.dir/home/savaobay/pico/pico-sdk/src/rp2_common/pico_printf/printf.c.obj
 *fill*         0x00000000100022b6        0x2 
 .text._etoa    0x00000000100022b8      0x40c CMakeFiles/i2cscan.dir/home/savaobay/pico/pico-sdk/src/rp2_common/pico_printf/printf.c.obj
 .text._ftoa    0x00000000100026c4      0x354 CMakeFiles/i2cscan.dir/home/savaobay/pico/pico-sdk/src/rp2_common/pico_printf/printf.c.obj
 .text._vsnprintf
                0x0000000010002a18      0x628 CMakeFiles/i2cscan.dir/home/savaobay/pico/pico-sdk/src/rp2_common/pico_printf/printf.c.obj
 .text.vfctprintf
                0x0000000010003040       0x20 CMakeFiles/i2cscan.dir/home/savaobay/pico/pico-sdk/src/rp2_common/pico_printf/printf.c.obj
                0x0000000010003040                vfctprintf
 .text          0x0000000010003060       0x10 CMakeFiles/i2cscan.dir/home/savaobay/pico/pico-sdk/src/rp2_common/pico_bit_ops/bit_ops_aeabi.S.obj
 .text.rom_func_lookup
                0x0000000010003070       0x10 CMakeFiles/i2cscan.dir/home/savaobay/pico/pico-sdk/src/rp2_common/pico_bootrom/bootrom.c.obj
                0x0000000010003070                rom_func_lookup
 .text.rom_data_lookup
                0x0000000010003080       0x10 CMakeFiles/i2cscan.dir/home/savaobay/pico/pico-sdk/src/rp2_common/pico_bootrom/bootrom.c.obj
                0x0000000010003080                rom_data_lookup
 .text.rom_funcs_lookup
                0x0000000010003090       0x36 CMakeFiles/i2cscan.dir/home/savaobay/pico/pico-sdk/src/rp2_common/pico_bootrom/bootrom.c.obj
                0x0000000010003090                rom_funcs_lookup
 *fill*         0x00000000100030c6        0x2 
 .text.__wrap___aeabi_idiv
                0x00000000100030c8       0x58 CMakeFiles/i2cscan.dir/home/savaobay/pico/pico-sdk/src/rp2_common/pico_divider/divider.S.obj
                0x00000000100030c8                __wrap___aeabi_idivmod
                0x00000000100030c8                divmod_s32s32
                0x00000000100030c8                div_s32s32
                0x00000000100030c8                __wrap___aeabi_idiv
                0x00000000100030d0                divmod_s32s32_unsafe
                0x00000000100030fc                divmod_s32s32_savestate
 .text.__wrap___aeabi_uidiv
                0x0000000010003120       0x54 CMakeFiles/i2cscan.dir/home/savaobay/pico/pico-sdk/src/rp2_common/pico_divider/divider.S.obj
                0x0000000010003120                __wrap___aeabi_uidiv
                0x0000000010003120                __wrap___aeabi_uidivmod
                0x0000000010003120                div_u32u32
                0x0000000010003120                divmod_u32u32
                0x0000000010003128                divmod_u32u32_unsafe
                0x0000000010003150                divmod_u32u32_savestate
 .text.__wrap___aeabi_ldiv
                0x0000000010003174      0x430 CMakeFiles/i2cscan.dir/home/savaobay/pico/pico-sdk/src/rp2_common/pico_divider/divider.S.obj
                0x0000000010003174                div_s64s64
                0x0000000010003174                divmod_s64s64
                0x0000000010003174                __wrap___aeabi_ldivmod
                0x00000000100031ac                div_u64u64
                0x00000000100031ac                divmod_u64u64
                0x00000000100031ac                __wrap___aeabi_uldivmod
                0x00000000100031bc                divmod_u64u64_savestate
                0x00000000100031e4                divmod_s64s64_unsafe
                0x000000001000326c                divmod_u64u64_unsafe
 .text.__wrap___aeabi_darithmetic
                0x00000000100035a4       0x54 CMakeFiles/i2cscan.dir/home/savaobay/pico/pico-sdk/src/rp2_common/pico_double/double_aeabi.S.obj
                0x00000000100035a4                __wrap___aeabi_drsub
                0x00000000100035aa                __wrap___aeabi_dsub
                0x00000000100035bc                __wrap___aeabi_dadd
                0x00000000100035ce                __wrap___aeabi_ddiv
                0x00000000100035e0                __wrap___aeabi_dmul
 .text.__wrap___aeabi_cdcmple
                0x00000000100035f8       0x6c CMakeFiles/i2cscan.dir/home/savaobay/pico/pico-sdk/src/rp2_common/pico_double/double_aeabi.S.obj
                0x00000000100035f8                __wrap___aeabi_cdrcmple
                0x0000000010003608                __wrap___aeabi_cdcmple
                0x0000000010003608                __wrap___aeabi_cdcmpeq
 .text.__wrap___aeabi_dcmplt
                0x0000000010003664        0xc CMakeFiles/i2cscan.dir/home/savaobay/pico/pico-sdk/src/rp2_common/pico_double/double_aeabi.S.obj
                0x0000000010003664                __wrap___aeabi_dcmplt
 .text.__wrap___aeabi_dcmple
                0x0000000010003670       0x10 CMakeFiles/i2cscan.dir/home/savaobay/pico/pico-sdk/src/rp2_common/pico_double/double_aeabi.S.obj
                0x0000000010003670                __wrap___aeabi_dcmple
 .text.__wrap___aeabi_dcmpge
                0x0000000010003680       0x10 CMakeFiles/i2cscan.dir/home/savaobay/pico/pico-sdk/src/rp2_common/pico_double/double_aeabi.S.obj
                0x0000000010003680                __wrap___aeabi_dcmpge
 .text.__wrap___aeabi_dcmpgt
                0x0000000010003690        0xa CMakeFiles/i2cscan.dir/home/savaobay/pico/pico-sdk/src/rp2_common/pico_double/double_aeabi.S.obj
                0x0000000010003690                __wrap___aeabi_dcmpgt
 .text.__wrap___aeabi_dcmpun
                0x000000001000369a       0x1c CMakeFiles/i2cscan.dir/home/savaobay/pico/pico-sdk/src/rp2_common/pico_double/double_aeabi.S.obj
                0x000000001000369a                __wrap___aeabi_dcmpun
 *fill*         0x00000000100036b6        0x2 
 .text.__wrap___aeabi_i2d
                0x00000000100036b8       0x38 CMakeFiles/i2cscan.dir/home/savaobay/pico/pico-sdk/src/rp2_common/pico_double/double_aeabi.S.obj
                0x00000000100036b8                __wrap___aeabi_ui2d
                0x00000000100036c0                __wrap___aeabi_i2d
 .text.__wrap___aeabi_d2iz
                0x00000000100036f0       0x48 CMakeFiles/i2cscan.dir/home/savaobay/pico/pico-sdk/src/rp2_common/pico_double/double_aeabi.S.obj
                0x00000000100036f0                __wrap___aeabi_d2iz
                0x00000000100036f0                double2int_z
 .text.__wrap___aeabi_d2uiz
                0x0000000010003738       0x18 CMakeFiles/i2cscan.dir/home/savaobay/pico/pico-sdk/src/rp2_common/pico_double/double_aeabi.S.obj
                0x0000000010003738                double2uint
                0x0000000010003738                __wrap___aeabi_d2uiz
 .text.__aeabi_double_init
                0x0000000010003750       0xb4 CMakeFiles/i2cscan.dir/home/savaobay/pico/pico-sdk/src/rp2_common/pico_double/double_init_rom.c.obj
                0x0000000010003750                __aeabi_double_init
 .text.double_table_shim_on_use_helper
                0x0000000010003804       0x34 CMakeFiles/i2cscan.dir/home/savaobay/pico/pico-sdk/src/rp2_common/pico_double/double_v1_rom_shim.S.obj
                0x0000000010003804                double_table_shim_on_use_helper
 .text.__wrap___aeabi_dsub
                0x0000000010003838       0x10 CMakeFiles/i2cscan.dir/home/savaobay/pico/pico-sdk/src/rp2_common/pico_double/double_v1_rom_shim.S.obj
                0x0000000010003838                drsub_shim
                0x000000001000383e                dsub_shim
 .text.dadd_shim
                0x0000000010003848      0x15c CMakeFiles/i2cscan.dir/home/savaobay/pico/pico-sdk/src/rp2_common/pico_double/double_v1_rom_shim.S.obj
                0x0000000010003848                dadd_shim
 .text.dmul_shim
                0x00000000100039a4      0x15c CMakeFiles/i2cscan.dir/home/savaobay/pico/pico-sdk/src/rp2_common/pico_double/double_v1_rom_shim.S.obj
                0x00000000100039a4                dmul_shim
 .text.ddiv_shim
                0x0000000010003b00      0x1b0 CMakeFiles/i2cscan.dir/home/savaobay/pico/pico-sdk/src/rp2_common/pico_double/double_v1_rom_shim.S.obj
                0x0000000010003b00                ddiv_shim
 .text.dcordic_rot_step
                0x0000000010003cb0       0x7c CMakeFiles/i2cscan.dir/home/savaobay/pico/pico-sdk/src/rp2_common/pico_double/double_v1_rom_shim.S.obj
                0x0000000010003cb0                dcordic_rot_step
 .text.double2uint_shim
                0x0000000010003d2c        0xe CMakeFiles/i2cscan.dir/home/savaobay/pico/pico-sdk/src/rp2_common/pico_double/double_v1_rom_shim.S.obj
                0x0000000010003d2c                double2uint_shim
                0x0000000010003d2e                double2ufix_shim
 *fill*         0x0000000010003d3a        0x2 
 .text.double2uint64_shim
                0x0000000010003d3c       0x6c CMakeFiles/i2cscan.dir/home/savaobay/pico/pico-sdk/src/rp2_common/pico_double/double_v1_rom_shim.S.obj
                0x0000000010003d3c                double2uint64_shim
                0x0000000010003d3e                double2ufix64_shim
                0x0000000010003d58                d2fix_a
 .text.dunpacks
                0x0000000010003da8       0x3c CMakeFiles/i2cscan.dir/home/savaobay/pico/pico-sdk/src/rp2_common/pico_double/double_v1_rom_shim.S.obj
                0x0000000010003da8                dunpacks
 .text.__aeabi_lmul
                0x0000000010003de4       0x32 CMakeFiles/i2cscan.dir/home/savaobay/pico/pico-sdk/src/rp2_common/pico_int64_ops/pico_int64_ops_aeabi.S.obj
                0x0000000010003de4                __wrap___aeabi_lmul
 *fill*         0x0000000010003e16        0x2 
 .text.__aeabi_float_init
                0x0000000010003e18       0xfc CMakeFiles/i2cscan.dir/home/savaobay/pico/pico-sdk/src/rp2_common/pico_float/float_init_rom.c.obj
                0x0000000010003e18                __aeabi_float_init
 .text.float_table_shim_on_use_helper
                0x0000000010003f14       0x34 CMakeFiles/i2cscan.dir/home/savaobay/pico/pico-sdk/src/rp2_common/pico_float/float_v1_rom_shim.S.obj
                0x0000000010003f14                float_table_shim_on_use_helper
 .text          0x0000000010003f48       0x10 CMakeFiles/i2cscan.dir/home/savaobay/pico/pico-sdk/src/rp2_common/pico_mem_ops/mem_ops_aeabi.S.obj
                0x0000000010003f48                __aeabi_mem_init
 .text.memset   0x0000000010003f58        0xc CMakeFiles/i2cscan.dir/home/savaobay/pico/pico-sdk/src/rp2_common/pico_mem_ops/mem_ops_aeabi.S.obj
                0x0000000010003f58                __wrap_memset
 .text.memcpy   0x0000000010003f64        0xc CMakeFiles/i2cscan.dir/home/savaobay/pico/pico-sdk/src/rp2_common/pico_mem_ops/mem_ops_aeabi.S.obj
                0x0000000010003f64                __wrap___aeabi_memcpy
                0x0000000010003f64                __wrap_memcpy
 .text.stdio_out_chars_crlf
                0x0000000010003f70       0x80 CMakeFiles/i2cscan.dir/home/savaobay/pico/pico-sdk/src/rp2_common/pico_stdio/stdio.c.obj
 .text.stdio_stack_buffer_flush
                0x0000000010003ff0       0x44 CMakeFiles/i2cscan.dir/home/savaobay/pico/pico-sdk/src/rp2_common/pico_stdio/stdio.c.obj
 .text.stdio_buffered_printer
                0x0000000010004034       0x20 CMakeFiles/i2cscan.dir/home/savaobay/pico/pico-sdk/src/rp2_common/pico_stdio/stdio.c.obj
 .text.stdout_serialize_begin
                0x0000000010004054       0x2c CMakeFiles/i2cscan.dir/home/savaobay/pico/pico-sdk/src/rp2_common/pico_stdio/stdio.c.obj
                0x0000000010004054                stdout_serialize_begin
 .text.stdout_serialize_end
                0x0000000010004080       0x10 CMakeFiles/i2cscan.dir/home/savaobay/pico/pico-sdk/src/rp2_common/pico_stdio/stdio.c.obj
                0x0000000010004080                stdout_serialize_end
 .text.stdio_put_string
                0x0000000010004090       0x84 CMakeFiles/i2cscan.dir/home/savaobay/pico/pico-sdk/src/rp2_common/pico_stdio/stdio.c.obj
 .text.stdio_set_driver_enabled
                0x0000000010004114       0x38 CMakeFiles/i2cscan.dir/home/savaobay/pico/pico-sdk/src/rp2_common/pico_stdio/stdio.c.obj
                0x0000000010004114                stdio_set_driver_enabled
 .text.stdio_flush
                0x000000001000414c       0x20 CMakeFiles/i2cscan.dir/home/savaobay/pico/pico-sdk/src/rp2_common/pico_stdio/stdio.c.obj
                0x000000001000414c                stdio_flush
 .text.__wrap_puts
                0x000000001000416c       0x1c CMakeFiles/i2cscan.dir/home/savaobay/pico/pico-sdk/src/rp2_common/pico_stdio/stdio.c.obj
                0x000000001000416c                __wrap_puts
 .text.__wrap_vprintf
                0x0000000010004188       0x44 CMakeFiles/i2cscan.dir/home/savaobay/pico/pico-sdk/src/rp2_common/pico_stdio/stdio.c.obj
                0x0000000010004188                __wrap_vprintf
 .text.__wrap_printf
                0x00000000100041cc       0x18 CMakeFiles/i2cscan.dir/home/savaobay/pico/pico-sdk/src/rp2_common/pico_stdio/stdio.c.obj
                0x00000000100041cc                __wrap_printf
 .text.stdio_init_all
                0x00000000100041e4        0x8 CMakeFiles/i2cscan.dir/home/savaobay/pico/pico-sdk/src/rp2_common/pico_stdio/stdio.c.obj
                0x00000000100041e4                stdio_init_all
 .text.resetd_init
                0x00000000100041ec        0x2 CMakeFiles/i2cscan.dir/home/savaobay/pico/pico-sdk/src/rp2_common/pico_stdio_usb/reset_interface.c.obj
 *fill*         0x00000000100041ee        0x2 
 .text.resetd_reset
                0x00000000100041f0        0xc CMakeFiles/i2cscan.dir/home/savaobay/pico/pico-sdk/src/rp2_common/pico_stdio_usb/reset_interface.c.obj
 .text.resetd_open
                0x00000000100041fc       0x34 CMakeFiles/i2cscan.dir/home/savaobay/pico/pico-sdk/src/rp2_common/pico_stdio_usb/reset_interface.c.obj
 .text.resetd_control_complete_cb
                0x0000000010004230        0x4 CMakeFiles/i2cscan.dir/home/savaobay/pico/pico-sdk/src/rp2_common/pico_stdio_usb/reset_interface.c.obj
 .text.resetd_xfer_cb
                0x0000000010004234        0x4 CMakeFiles/i2cscan.dir/home/savaobay/pico/pico-sdk/src/rp2_common/pico_stdio_usb/reset_interface.c.obj
 .text.resetd_control_request_cb
                0x0000000010004238       0x68 CMakeFiles/i2cscan.dir/home/savaobay/pico/pico-sdk/src/rp2_common/pico_stdio_usb/reset_interface.c.obj
 .text.usbd_app_driver_get_cb
                0x00000000100042a0        0xc CMakeFiles/i2cscan.dir/home/savaobay/pico/pico-sdk/src/rp2_common/pico_stdio_usb/reset_interface.c.obj
                0x00000000100042a0                usbd_app_driver_get_cb
 .text.tud_cdc_line_coding_cb
                0x00000000100042ac       0x34 CMakeFiles/i2cscan.dir/home/savaobay/pico/pico-sdk/src/rp2_common/pico_stdio_usb/reset_interface.c.obj
                0x00000000100042ac                tud_cdc_line_coding_cb
 .text.stdio_usb_in_chars
                0x00000000100042e0       0x70 CMakeFiles/i2cscan.dir/home/savaobay/pico/pico-sdk/src/rp2_common/pico_stdio_usb/stdio_usb.c.obj
                0x00000000100042e0                stdio_usb_in_chars
 .text.low_priority_worker_irq
                0x0000000010004350       0x20 CMakeFiles/i2cscan.dir/home/savaobay/pico/pico-sdk/src/rp2_common/pico_stdio_usb/stdio_usb.c.obj
 .text.stdio_usb_out_chars
                0x0000000010004370       0xd4 CMakeFiles/i2cscan.dir/home/savaobay/pico/pico-sdk/src/rp2_common/pico_stdio_usb/stdio_usb.c.obj
 .text.timer_task
                0x0000000010004444       0x10 CMakeFiles/i2cscan.dir/home/savaobay/pico/pico-sdk/src/rp2_common/pico_stdio_usb/stdio_usb.c.obj
 .text.stdio_usb_init
                0x0000000010004454       0x90 CMakeFiles/i2cscan.dir/home/savaobay/pico/pico-sdk/src/rp2_common/pico_stdio_usb/stdio_usb.c.obj
                0x0000000010004454                stdio_usb_init
 .text.tud_descriptor_device_cb
                0x00000000100044e4        0x8 CMakeFiles/i2cscan.dir/home/savaobay/pico/pico-sdk/src/rp2_common/pico_stdio_usb/stdio_usb_descriptors.c.obj
                0x00000000100044e4                tud_descriptor_device_cb
 .text.tud_descriptor_configuration_cb
                0x00000000100044ec        0x8 CMakeFiles/i2cscan.dir/home/savaobay/pico/pico-sdk/src/rp2_common/pico_stdio_usb/stdio_usb_descriptors.c.obj
                0x00000000100044ec                tud_descriptor_configuration_cb
 .text.tud_descriptor_string_cb
                0x00000000100044f4       0x50 CMakeFiles/i2cscan.dir/home/savaobay/pico/pico-sdk/src/rp2_common/pico_stdio_usb/stdio_usb_descriptors.c.obj
                0x00000000100044f4                tud_descriptor_string_cb
 .text.hw_endpoint_get_by_addr
                0x0000000010004544       0x1c CMakeFiles/i2cscan.dir/home/savaobay/pico/pico-sdk/lib/tinyusb/src/portable/raspberrypi/rp2040/dcd_rp2040.c.obj
 .text.reset_ep0
                0x0000000010004560       0x2c CMakeFiles/i2cscan.dir/home/savaobay/pico/pico-sdk/lib/tinyusb/src/portable/raspberrypi/rp2040/dcd_rp2040.c.obj
 .text._hw_endpoint_alloc
                0x000000001000458c       0x7c CMakeFiles/i2cscan.dir/home/savaobay/pico/pico-sdk/lib/tinyusb/src/portable/raspberrypi/rp2040/dcd_rp2040.c.obj
 .text._hw_endpoint_init
                0x0000000010004608       0xbc CMakeFiles/i2cscan.dir/home/savaobay/pico/pico-sdk/lib/tinyusb/src/portable/raspberrypi/rp2040/dcd_rp2040.c.obj
 .text.hw_endpoint_init
                0x00000000100046c4       0x18 CMakeFiles/i2cscan.dir/home/savaobay/pico/pico-sdk/lib/tinyusb/src/portable/raspberrypi/rp2040/dcd_rp2040.c.obj
 .text.hw_handle_buff_status
                0x00000000100046dc       0xbc CMakeFiles/i2cscan.dir/home/savaobay/pico/pico-sdk/lib/tinyusb/src/portable/raspberrypi/rp2040/dcd_rp2040.c.obj
 .text.dcd_rp2040_irq
                0x0000000010004798       0x8c CMakeFiles/i2cscan.dir/home/savaobay/pico/pico-sdk/lib/tinyusb/src/portable/raspberrypi/rp2040/dcd_rp2040.c.obj
 .text.hw_endpoint_xfer
                0x0000000010004824       0x18 CMakeFiles/i2cscan.dir/home/savaobay/pico/pico-sdk/lib/tinyusb/src/portable/raspberrypi/rp2040/dcd_rp2040.c.obj
 .text.ep0_0len_status
                0x000000001000483c       0x14 CMakeFiles/i2cscan.dir/home/savaobay/pico/pico-sdk/lib/tinyusb/src/portable/raspberrypi/rp2040/dcd_rp2040.c.obj
 .text._hw_endpoint_stall
                0x0000000010004850       0x54 CMakeFiles/i2cscan.dir/home/savaobay/pico/pico-sdk/lib/tinyusb/src/portable/raspberrypi/rp2040/dcd_rp2040.c.obj
 .text.hw_endpoint_stall
                0x00000000100048a4        0xc CMakeFiles/i2cscan.dir/home/savaobay/pico/pico-sdk/lib/tinyusb/src/portable/raspberrypi/rp2040/dcd_rp2040.c.obj
 .text._hw_endpoint_clear_stall
                0x00000000100048b0       0x34 CMakeFiles/i2cscan.dir/home/savaobay/pico/pico-sdk/lib/tinyusb/src/portable/raspberrypi/rp2040/dcd_rp2040.c.obj
 .text.hw_endpoint_clear_stall
                0x00000000100048e4        0xc CMakeFiles/i2cscan.dir/home/savaobay/pico/pico-sdk/lib/tinyusb/src/portable/raspberrypi/rp2040/dcd_rp2040.c.obj
 .text.dcd_int_enable
                0x00000000100048f0       0x2c CMakeFiles/i2cscan.dir/home/savaobay/pico/pico-sdk/lib/tinyusb/src/portable/raspberrypi/rp2040/dcd_rp2040.c.obj
                0x00000000100048f0                dcd_int_enable
 .text.dcd_set_address
                0x000000001000491c       0x30 CMakeFiles/i2cscan.dir/home/savaobay/pico/pico-sdk/lib/tinyusb/src/portable/raspberrypi/rp2040/dcd_rp2040.c.obj
                0x000000001000491c                dcd_set_address
 .text.dcd_connect
                0x000000001000494c       0x30 CMakeFiles/i2cscan.dir/home/savaobay/pico/pico-sdk/lib/tinyusb/src/portable/raspberrypi/rp2040/dcd_rp2040.c.obj
                0x000000001000494c                dcd_connect
 .text.dcd_init
                0x000000001000497c       0x90 CMakeFiles/i2cscan.dir/home/savaobay/pico/pico-sdk/lib/tinyusb/src/portable/raspberrypi/rp2040/dcd_rp2040.c.obj
                0x000000001000497c                dcd_init
 .text.dcd_edpt0_status_complete
                0x0000000010004a0c       0x44 CMakeFiles/i2cscan.dir/home/savaobay/pico/pico-sdk/lib/tinyusb/src/portable/raspberrypi/rp2040/dcd_rp2040.c.obj
                0x0000000010004a0c                dcd_edpt0_status_complete
 .text.dcd_edpt_open
                0x0000000010004a50       0x40 CMakeFiles/i2cscan.dir/home/savaobay/pico/pico-sdk/lib/tinyusb/src/portable/raspberrypi/rp2040/dcd_rp2040.c.obj
                0x0000000010004a50                dcd_edpt_open
 .text.dcd_edpt_xfer
                0x0000000010004a90       0x34 CMakeFiles/i2cscan.dir/home/savaobay/pico/pico-sdk/lib/tinyusb/src/portable/raspberrypi/rp2040/dcd_rp2040.c.obj
                0x0000000010004a90                dcd_edpt_xfer
 .text.dcd_edpt_stall
                0x0000000010004ac4       0x28 CMakeFiles/i2cscan.dir/home/savaobay/pico/pico-sdk/lib/tinyusb/src/portable/raspberrypi/rp2040/dcd_rp2040.c.obj
                0x0000000010004ac4                dcd_edpt_stall
 .text.dcd_edpt_clear_stall
                0x0000000010004aec       0x28 CMakeFiles/i2cscan.dir/home/savaobay/pico/pico-sdk/lib/tinyusb/src/portable/raspberrypi/rp2040/dcd_rp2040.c.obj
                0x0000000010004aec                dcd_edpt_clear_stall
 .text.rp2040_usb_init
                0x0000000010004b14       0x50 CMakeFiles/i2cscan.dir/home/savaobay/pico/pico-sdk/lib/tinyusb/src/portable/raspberrypi/rp2040/rp2040_usb.c.obj
                0x0000000010004b14                rp2040_usb_init
 .text.hw_endpoint_reset_transfer
                0x0000000010004b64       0x14 CMakeFiles/i2cscan.dir/home/savaobay/pico/pico-sdk/lib/tinyusb/src/portable/raspberrypi/rp2040/rp2040_usb.c.obj
                0x0000000010004b64                hw_endpoint_reset_transfer
 .text._hw_endpoint_buffer_control_update32
                0x0000000010004b78       0x54 CMakeFiles/i2cscan.dir/home/savaobay/pico/pico-sdk/lib/tinyusb/src/portable/raspberrypi/rp2040/rp2040_usb.c.obj
                0x0000000010004b78                _hw_endpoint_buffer_control_update32
 .text._hw_endpoint_start_next_buffer
                0x0000000010004bcc       0x5a CMakeFiles/i2cscan.dir/home/savaobay/pico/pico-sdk/lib/tinyusb/src/portable/raspberrypi/rp2040/rp2040_usb.c.obj
                0x0000000010004bcc                _hw_endpoint_start_next_buffer
 .text._hw_endpoint_xfer_start
                0x0000000010004c26       0x46 CMakeFiles/i2cscan.dir/home/savaobay/pico/pico-sdk/lib/tinyusb/src/portable/raspberrypi/rp2040/rp2040_usb.c.obj
                0x0000000010004c26                _hw_endpoint_xfer_start
 .text._hw_endpoint_xfer_sync
                0x0000000010004c6c       0x74 CMakeFiles/i2cscan.dir/home/savaobay/pico/pico-sdk/lib/tinyusb/src/portable/raspberrypi/rp2040/rp2040_usb.c.obj
                0x0000000010004c6c                _hw_endpoint_xfer_sync
 .text._hw_endpoint_xfer_continue
                0x0000000010004ce0       0x58 CMakeFiles/i2cscan.dir/home/savaobay/pico/pico-sdk/lib/tinyusb/src/portable/raspberrypi/rp2040/rp2040_usb.c.obj
                0x0000000010004ce0                _hw_endpoint_xfer_continue
 .text._hw_endpoint_xfer
                0x0000000010004d38       0x34 CMakeFiles/i2cscan.dir/home/savaobay/pico/pico-sdk/lib/tinyusb/src/portable/raspberrypi/rp2040/rp2040_usb.c.obj
                0x0000000010004d38                _hw_endpoint_xfer
 .text.mark_interface_endpoint
                0x0000000010004d6c       0x2a CMakeFiles/i2cscan.dir/home/savaobay/pico/pico-sdk/lib/tinyusb/src/device/usbd.c.obj
 *fill*         0x0000000010004d96        0x2 
 .text.usbd_reset
                0x0000000010004d98       0x88 CMakeFiles/i2cscan.dir/home/savaobay/pico/pico-sdk/lib/tinyusb/src/device/usbd.c.obj
 .text.invoke_class_control
                0x0000000010004e20       0x18 CMakeFiles/i2cscan.dir/home/savaobay/pico/pico-sdk/lib/tinyusb/src/device/usbd.c.obj
 .text.process_set_config
                0x0000000010004e38      0x1cc CMakeFiles/i2cscan.dir/home/savaobay/pico/pico-sdk/lib/tinyusb/src/device/usbd.c.obj
 .text.process_get_descriptor
                0x0000000010005004       0xf4 CMakeFiles/i2cscan.dir/home/savaobay/pico/pico-sdk/lib/tinyusb/src/device/usbd.c.obj
 .text.tud_mounted
                0x00000000100050f8       0x10 CMakeFiles/i2cscan.dir/home/savaobay/pico/pico-sdk/lib/tinyusb/src/device/usbd.c.obj
                0x00000000100050f8                tud_mounted
 .text.tud_suspended
                0x0000000010005108       0x10 CMakeFiles/i2cscan.dir/home/savaobay/pico/pico-sdk/lib/tinyusb/src/device/usbd.c.obj
                0x0000000010005108                tud_suspended
 .text.tud_init
                0x0000000010005118       0xb8 CMakeFiles/i2cscan.dir/home/savaobay/pico/pico-sdk/lib/tinyusb/src/device/usbd.c.obj
                0x0000000010005118                tud_init
 .text.dcd_event_handler
                0x00000000100051d0      0x1c4 CMakeFiles/i2cscan.dir/home/savaobay/pico/pico-sdk/lib/tinyusb/src/device/usbd.c.obj
                0x00000000100051d0                dcd_event_handler
 .text.dcd_event_bus_signal
                0x0000000010005394       0x26 CMakeFiles/i2cscan.dir/home/savaobay/pico/pico-sdk/lib/tinyusb/src/device/usbd.c.obj
                0x0000000010005394                dcd_event_bus_signal
 .text.dcd_event_setup_received
                0x00000000100053ba       0x34 CMakeFiles/i2cscan.dir/home/savaobay/pico/pico-sdk/lib/tinyusb/src/device/usbd.c.obj
                0x00000000100053ba                dcd_event_setup_received
 .text.dcd_event_xfer_complete
                0x00000000100053ee       0x44 CMakeFiles/i2cscan.dir/home/savaobay/pico/pico-sdk/lib/tinyusb/src/device/usbd.c.obj
                0x00000000100053ee                dcd_event_xfer_complete
 .text.usbd_edpt_open
                0x0000000010005432        0x8 CMakeFiles/i2cscan.dir/home/savaobay/pico/pico-sdk/lib/tinyusb/src/device/usbd.c.obj
                0x0000000010005432                usbd_edpt_open
 *fill*         0x000000001000543a        0x2 
 .text.usbd_open_edpt_pair
                0x000000001000543c       0x8c CMakeFiles/i2cscan.dir/home/savaobay/pico/pico-sdk/lib/tinyusb/src/device/usbd.c.obj
                0x000000001000543c                usbd_open_edpt_pair
 .text.usbd_edpt_claim
                0x00000000100054c8       0x8c CMakeFiles/i2cscan.dir/home/savaobay/pico/pico-sdk/lib/tinyusb/src/device/usbd.c.obj
                0x00000000100054c8                usbd_edpt_claim
 .text.usbd_edpt_release
                0x0000000010005554       0x68 CMakeFiles/i2cscan.dir/home/savaobay/pico/pico-sdk/lib/tinyusb/src/device/usbd.c.obj
                0x0000000010005554                usbd_edpt_release
 .text.usbd_edpt_xfer
                0x00000000100055bc       0x80 CMakeFiles/i2cscan.dir/home/savaobay/pico/pico-sdk/lib/tinyusb/src/device/usbd.c.obj
                0x00000000100055bc                usbd_edpt_xfer
 .text.usbd_edpt_stall
                0x000000001000563c       0x2c CMakeFiles/i2cscan.dir/home/savaobay/pico/pico-sdk/lib/tinyusb/src/device/usbd.c.obj
                0x000000001000563c                usbd_edpt_stall
 .text.usbd_edpt_clear_stall
                0x0000000010005668       0x2c CMakeFiles/i2cscan.dir/home/savaobay/pico/pico-sdk/lib/tinyusb/src/device/usbd.c.obj
                0x0000000010005668                usbd_edpt_clear_stall
 .text.usbd_edpt_stalled
                0x0000000010005694       0x1c CMakeFiles/i2cscan.dir/home/savaobay/pico/pico-sdk/lib/tinyusb/src/device/usbd.c.obj
                0x0000000010005694                usbd_edpt_stalled
 .text.process_control_request
                0x00000000100056b0      0x37c CMakeFiles/i2cscan.dir/home/savaobay/pico/pico-sdk/lib/tinyusb/src/device/usbd.c.obj
 .text.tud_task
                0x0000000010005a2c      0x204 CMakeFiles/i2cscan.dir/home/savaobay/pico/pico-sdk/lib/tinyusb/src/device/usbd.c.obj
                0x0000000010005a2c                tud_task
 .text._data_stage_xact
                0x0000000010005c30       0x58 CMakeFiles/i2cscan.dir/home/savaobay/pico/pico-sdk/lib/tinyusb/src/device/usbd_control.c.obj
 .text.tud_control_status
                0x0000000010005c88       0x38 CMakeFiles/i2cscan.dir/home/savaobay/pico/pico-sdk/lib/tinyusb/src/device/usbd_control.c.obj
                0x0000000010005c88                tud_control_status
 .text.tud_control_xfer
                0x0000000010005cc0       0xa8 CMakeFiles/i2cscan.dir/home/savaobay/pico/pico-sdk/lib/tinyusb/src/device/usbd_control.c.obj
                0x0000000010005cc0                tud_control_xfer
 .text.usbd_control_reset
                0x0000000010005d68       0x14 CMakeFiles/i2cscan.dir/home/savaobay/pico/pico-sdk/lib/tinyusb/src/device/usbd_control.c.obj
                0x0000000010005d68                usbd_control_reset
 .text.usbd_control_set_complete_callback
                0x0000000010005d7c        0xc CMakeFiles/i2cscan.dir/home/savaobay/pico/pico-sdk/lib/tinyusb/src/device/usbd_control.c.obj
                0x0000000010005d7c                usbd_control_set_complete_callback
 .text.usbd_control_set_request
                0x0000000010005d88       0x1c CMakeFiles/i2cscan.dir/home/savaobay/pico/pico-sdk/lib/tinyusb/src/device/usbd_control.c.obj
                0x0000000010005d88                usbd_control_set_request
 .text.usbd_control_xfer_cb
                0x0000000010005da4       0xe8 CMakeFiles/i2cscan.dir/home/savaobay/pico/pico-sdk/lib/tinyusb/src/device/usbd_control.c.obj
                0x0000000010005da4                usbd_control_xfer_cb
 .text._prep_out_transaction
                0x0000000010005e8c       0x46 CMakeFiles/i2cscan.dir/home/savaobay/pico/pico-sdk/lib/tinyusb/src/class/cdc/cdc_device.c.obj
 *fill*         0x0000000010005ed2        0x2 
 .text.tud_cdc_n_connected
                0x0000000010005ed4       0x48 CMakeFiles/i2cscan.dir/home/savaobay/pico/pico-sdk/lib/tinyusb/src/class/cdc/cdc_device.c.obj
                0x0000000010005ed4                tud_cdc_n_connected
 .text.tud_cdc_n_available
                0x0000000010005f1c       0x20 CMakeFiles/i2cscan.dir/home/savaobay/pico/pico-sdk/lib/tinyusb/src/class/cdc/cdc_device.c.obj
                0x0000000010005f1c                tud_cdc_n_available
 .text.tud_cdc_n_read
                0x0000000010005f3c       0x30 CMakeFiles/i2cscan.dir/home/savaobay/pico/pico-sdk/lib/tinyusb/src/class/cdc/cdc_device.c.obj
                0x0000000010005f3c                tud_cdc_n_read
 .text.tud_cdc_n_write_flush
                0x0000000010005f6c       0xc4 CMakeFiles/i2cscan.dir/home/savaobay/pico/pico-sdk/lib/tinyusb/src/class/cdc/cdc_device.c.obj
                0x0000000010005f6c                tud_cdc_n_write_flush
 .text.tud_cdc_n_write
                0x0000000010006030       0x38 CMakeFiles/i2cscan.dir/home/savaobay/pico/pico-sdk/lib/tinyusb/src/class/cdc/cdc_device.c.obj
                0x0000000010006030                tud_cdc_n_write
 .text.tud_cdc_n_write_available
                0x0000000010006068       0x20 CMakeFiles/i2cscan.dir/home/savaobay/pico/pico-sdk/lib/tinyusb/src/class/cdc/cdc_device.c.obj
                0x0000000010006068                tud_cdc_n_write_available
 .text.cdcd_init
                0x0000000010006088       0xe0 CMakeFiles/i2cscan.dir/home/savaobay/pico/pico-sdk/lib/tinyusb/src/class/cdc/cdc_device.c.obj
                0x0000000010006088                cdcd_init
 .text.cdcd_reset
                0x0000000010006168       0x44 CMakeFiles/i2cscan.dir/home/savaobay/pico/pico-sdk/lib/tinyusb/src/class/cdc/cdc_device.c.obj
                0x0000000010006168                cdcd_reset
 .text.cdcd_open
                0x00000000100061ac      0x118 CMakeFiles/i2cscan.dir/home/savaobay/pico/pico-sdk/lib/tinyusb/src/class/cdc/cdc_device.c.obj
                0x00000000100061ac                cdcd_open
 .text.cdcd_control_complete
                0x00000000100062c4       0x60 CMakeFiles/i2cscan.dir/home/savaobay/pico/pico-sdk/lib/tinyusb/src/class/cdc/cdc_device.c.obj
                0x00000000100062c4                cdcd_control_complete
 .text.cdcd_control_request
                0x0000000010006324       0x9c CMakeFiles/i2cscan.dir/home/savaobay/pico/pico-sdk/lib/tinyusb/src/class/cdc/cdc_device.c.obj
                0x0000000010006324                cdcd_control_request
 .text.cdcd_xfer_cb
                0x00000000100063c0      0x130 CMakeFiles/i2cscan.dir/home/savaobay/pico/pico-sdk/lib/tinyusb/src/class/cdc/cdc_device.c.obj
                0x00000000100063c0                cdcd_xfer_cb
 .text.tusb_init
                0x00000000100064f0       0x38 CMakeFiles/i2cscan.dir/home/savaobay/pico/pico-sdk/lib/tinyusb/src/tusb.c.obj
                0x00000000100064f0                tusb_init
 .text.tusb_inited
                0x0000000010006528        0xc CMakeFiles/i2cscan.dir/home/savaobay/pico/pico-sdk/lib/tinyusb/src/tusb.c.obj
                0x0000000010006528                tusb_inited
 .text.advance_pointer
                0x0000000010006534       0x1e CMakeFiles/i2cscan.dir/home/savaobay/pico/pico-sdk/lib/tinyusb/src/common/tusb_fifo.c.obj
 .text.backward_pointer
                0x0000000010006552       0x1a CMakeFiles/i2cscan.dir/home/savaobay/pico/pico-sdk/lib/tinyusb/src/common/tusb_fifo.c.obj
 .text.get_relative_pointer
                0x000000001000656c       0x16 CMakeFiles/i2cscan.dir/home/savaobay/pico/pico-sdk/lib/tinyusb/src/common/tusb_fifo.c.obj
 .text.tu_fifo_lock
                0x0000000010006582       0x12 CMakeFiles/i2cscan.dir/home/savaobay/pico/pico-sdk/lib/tinyusb/src/common/tusb_fifo.c.obj
 .text.tu_fifo_unlock
                0x0000000010006594        0xe CMakeFiles/i2cscan.dir/home/savaobay/pico/pico-sdk/lib/tinyusb/src/common/tusb_fifo.c.obj
 .text._tu_fifo_peek_at
                0x00000000100065a2       0x66 CMakeFiles/i2cscan.dir/home/savaobay/pico/pico-sdk/lib/tinyusb/src/common/tusb_fifo.c.obj
 .text._ff_pull_n
                0x0000000010006608       0x4a CMakeFiles/i2cscan.dir/home/savaobay/pico/pico-sdk/lib/tinyusb/src/common/tusb_fifo.c.obj
 .text._tu_fifo_peek_at_n
                0x0000000010006652       0x72 CMakeFiles/i2cscan.dir/home/savaobay/pico/pico-sdk/lib/tinyusb/src/common/tusb_fifo.c.obj
 .text._ff_push_n
                0x00000000100066c4       0x4a CMakeFiles/i2cscan.dir/home/savaobay/pico/pico-sdk/lib/tinyusb/src/common/tusb_fifo.c.obj
 .text.tu_fifo_config
                0x000000001000670e       0x48 CMakeFiles/i2cscan.dir/home/savaobay/pico/pico-sdk/lib/tinyusb/src/common/tusb_fifo.c.obj
                0x000000001000670e                tu_fifo_config
 .text.tu_fifo_count
                0x0000000010006756       0x1c CMakeFiles/i2cscan.dir/home/savaobay/pico/pico-sdk/lib/tinyusb/src/common/tusb_fifo.c.obj
                0x0000000010006756                tu_fifo_count
 .text.tu_fifo_remaining
                0x0000000010006772       0x20 CMakeFiles/i2cscan.dir/home/savaobay/pico/pico-sdk/lib/tinyusb/src/common/tusb_fifo.c.obj
                0x0000000010006772                tu_fifo_remaining
 .text.tu_fifo_read
                0x0000000010006792       0x3a CMakeFiles/i2cscan.dir/home/savaobay/pico/pico-sdk/lib/tinyusb/src/common/tusb_fifo.c.obj
                0x0000000010006792                tu_fifo_read
 .text.tu_fifo_read_n
                0x00000000100067cc       0x3e CMakeFiles/i2cscan.dir/home/savaobay/pico/pico-sdk/lib/tinyusb/src/common/tusb_fifo.c.obj
                0x00000000100067cc                tu_fifo_read_n
 .text.tu_fifo_write
                0x000000001000680a       0x5c CMakeFiles/i2cscan.dir/home/savaobay/pico/pico-sdk/lib/tinyusb/src/common/tusb_fifo.c.obj
                0x000000001000680a                tu_fifo_write
 .text.tu_fifo_write_n
                0x0000000010006866       0x7c CMakeFiles/i2cscan.dir/home/savaobay/pico/pico-sdk/lib/tinyusb/src/common/tusb_fifo.c.obj
                0x0000000010006866                tu_fifo_write_n
 .text.tu_fifo_clear
                0x00000000100068e2       0x18 CMakeFiles/i2cscan.dir/home/savaobay/pico/pico-sdk/lib/tinyusb/src/common/tusb_fifo.c.obj
                0x00000000100068e2                tu_fifo_clear
 .text.i2c_read_blocking_internal
                0x00000000100068fa       0xe0 CMakeFiles/i2cscan.dir/home/savaobay/pico/pico-sdk/src/rp2_common/hardware_i2c/i2c.c.obj
 .text.i2c_set_baudrate
                0x00000000100069da       0x68 CMakeFiles/i2cscan.dir/home/savaobay/pico/pico-sdk/src/rp2_common/hardware_i2c/i2c.c.obj
                0x00000000100069da                i2c_set_baudrate
 *fill*         0x0000000010006a42        0x2 
 .text.i2c_init
                0x0000000010006a44       0x54 CMakeFiles/i2cscan.dir/home/savaobay/pico/pico-sdk/src/rp2_common/hardware_i2c/i2c.c.obj
                0x0000000010006a44                i2c_init
 .text.i2c_read_blocking
                0x0000000010006a98       0x18 CMakeFiles/i2cscan.dir/home/savaobay/pico/pico-sdk/src/rp2_common/hardware_i2c/i2c.c.obj
                0x0000000010006a98                i2c_read_blocking
 .text          0x0000000010006ab0       0x68 /usr/lib/gcc/arm-none-eabi/9.2.1/../../../arm-none-eabi/lib/thumb/v6-m/nofp/libg.a(lib_a-strlen-stub.o)
                0x0000000010006ab0                strlen
 *(.fini)
 .fini          0x0000000010006b18        0x4 /usr/lib/gcc/arm-none-eabi/9.2.1/thumb/v6-m/nofp/crti.o
                0x0000000010006b18                _fini
 *fill*         0x0000000010006b1c        0x4 
 .fini.__stub   0x0000000010006b20       0x60 linker stubs
 *crtbegin.o(.ctors)
 *crtbegin?.o(.ctors)
 *(EXCLUDE_FILE(*crtend.o *crtend?.o) .ctors)
 *(SORT_BY_NAME(.ctors.*))
 *(.ctors)
 *crtbegin.o(.dtors)
 *crtbegin?.o(.dtors)
 *(EXCLUDE_FILE(*crtend.o *crtend?.o) .dtors)
 *(SORT_BY_NAME(.dtors.*))
 *(.dtors)
 *(.eh_frame*)
 .eh_frame      0x0000000010006b80        0x0 /usr/lib/gcc/arm-none-eabi/9.2.1/thumb/v6-m/nofp/crtbegin.o
                0x0000000010006b80                . = ALIGN (0x4)

.glue_7         0x0000000010006b80        0x0
 .glue_7        0x0000000010006b80        0x0 linker stubs

.glue_7t        0x0000000010006b80        0x0
 .glue_7t       0x0000000010006b80        0x0 linker stubs

.vfp11_veneer   0x0000000010006b80        0x0
 .vfp11_veneer  0x0000000010006b80        0x0 linker stubs

.v4_bx          0x0000000010006b80        0x0
 .v4_bx         0x0000000010006b80        0x0 linker stubs

.iplt           0x0000000010006b80        0x0
 .iplt          0x0000000010006b80        0x0 /usr/lib/gcc/arm-none-eabi/9.2.1/thumb/v6-m/nofp/crtbegin.o

.rodata         0x0000000010006b80     0x13d0
 *(EXCLUDE_FILE(*libm.a: *libc.a:*lib_a-mem*.o *libgcc.a:) .rodata*)
 .rodata.main.str1.4
                0x0000000010006b80       0x5e CMakeFiles/i2cscan.dir/main.c.obj
                                         0x62 (size before relaxing)
 *fill*         0x0000000010006bde        0x2 
 .rodata.__bi_48.6065
                0x0000000010006be0        0x8 CMakeFiles/i2cscan.dir/main.c.obj
 .rodata.spin_lock_claim_unused.str1.4
                0x0000000010006be8       0x1b CMakeFiles/i2cscan.dir/home/savaobay/pico/pico-sdk/src/rp2_common/hardware_sync/sync.c.obj
 *fill*         0x0000000010006c03        0x1 
 .rodata.repeating_timer_callback.str1.4
                0x0000000010006c04       0x4d CMakeFiles/i2cscan.dir/home/savaobay/pico/pico-sdk/src/common/pico_time/time.c.obj
 *fill*         0x0000000010006c51        0x3 
 .rodata.timer_pool_entry_comparator.str1.4
                0x0000000010006c54       0x22 CMakeFiles/i2cscan.dir/home/savaobay/pico/pico-sdk/src/common/pico_time/time.c.obj
 *fill*         0x0000000010006c76        0x2 
 .rodata.ph_add_child_node.str1.4
                0x0000000010006c78       0x96 CMakeFiles/i2cscan.dir/home/savaobay/pico/pico-sdk/src/common/pico_time/time.c.obj
 *fill*         0x0000000010006d0e        0x2 
 .rodata.add_alarm_under_lock.str1.4
                0x0000000010006d10       0x28 CMakeFiles/i2cscan.dir/home/savaobay/pico/pico-sdk/src/common/pico_time/time.c.obj
                                         0x2b (size before relaxing)
 .rodata.alarm_pool_alarm_callback.str1.4
                0x0000000010006d38       0x82 CMakeFiles/i2cscan.dir/home/savaobay/pico/pico-sdk/src/common/pico_time/time.c.obj
 *fill*         0x0000000010006dba        0x2 
 .rodata.alarm_pool_get_default.str1.4
                0x0000000010006dbc       0x21 CMakeFiles/i2cscan.dir/home/savaobay/pico/pico-sdk/src/common/pico_time/time.c.obj
 *fill*         0x0000000010006ddd        0x3 
 .rodata.alarm_pool_cancel_alarm.str1.4
                0x0000000010006de0       0x27 CMakeFiles/i2cscan.dir/home/savaobay/pico/pico-sdk/src/common/pico_time/time.c.obj
 *fill*         0x0000000010006e07        0x1 
 .rodata.__func__.5929
                0x0000000010006e08        0xc CMakeFiles/i2cscan.dir/home/savaobay/pico/pico-sdk/src/common/pico_time/time.c.obj
 .rodata.__func__.5936
                0x0000000010006e14       0x12 CMakeFiles/i2cscan.dir/home/savaobay/pico/pico-sdk/src/common/pico_time/time.c.obj
 *fill*         0x0000000010006e26        0x2 
 .rodata.__func__.5952
                0x0000000010006e28        0xf CMakeFiles/i2cscan.dir/home/savaobay/pico/pico-sdk/src/common/pico_time/time.c.obj
 *fill*         0x0000000010006e37        0x1 
 .rodata.__func__.5974
                0x0000000010006e38        0xd CMakeFiles/i2cscan.dir/home/savaobay/pico/pico-sdk/src/common/pico_time/time.c.obj
 *fill*         0x0000000010006e45        0x3 
 .rodata.__func__.6094
                0x0000000010006e48        0xa CMakeFiles/i2cscan.dir/home/savaobay/pico/pico-sdk/src/common/pico_time/time.c.obj
 *fill*         0x0000000010006e52        0x2 
 .rodata.__func__.6099
                0x0000000010006e54       0x12 CMakeFiles/i2cscan.dir/home/savaobay/pico/pico-sdk/src/common/pico_time/time.c.obj
 *fill*         0x0000000010006e66        0x2 
 .rodata.__func__.6114
                0x0000000010006e68       0x17 CMakeFiles/i2cscan.dir/home/savaobay/pico/pico-sdk/src/common/pico_time/time.c.obj
 *fill*         0x0000000010006e7f        0x1 
 .rodata.__func__.6125
                0x0000000010006e80       0x15 CMakeFiles/i2cscan.dir/home/savaobay/pico/pico-sdk/src/common/pico_time/time.c.obj
 *fill*         0x0000000010006e95        0x3 
 .rodata.__func__.6142
                0x0000000010006e98       0x1a CMakeFiles/i2cscan.dir/home/savaobay/pico/pico-sdk/src/common/pico_time/time.c.obj
 *fill*         0x0000000010006eb2        0x2 
 .rodata.__func__.6181
                0x0000000010006eb4       0x18 CMakeFiles/i2cscan.dir/home/savaobay/pico/pico-sdk/src/common/pico_time/time.c.obj
 .rodata.hardware_alarm_claim.str1.4
                0x0000000010006ecc       0x22 CMakeFiles/i2cscan.dir/home/savaobay/pico/pico-sdk/src/rp2_common/hardware_timer/timer.c.obj
 *fill*         0x0000000010006eee        0x2 
 .rodata.hardware_alarm_set_target.str1.4
                0x0000000010006ef0       0x67 CMakeFiles/i2cscan.dir/home/savaobay/pico/pico-sdk/src/rp2_common/hardware_timer/timer.c.obj
 *fill*         0x0000000010006f57        0x1 
 .rodata.__func__.4532
                0x0000000010006f58       0x1a CMakeFiles/i2cscan.dir/home/savaobay/pico/pico-sdk/src/rp2_common/hardware_timer/timer.c.obj
 *fill*         0x0000000010006f72        0x2 
 .rodata.str1.4
                0x0000000010006f74       0x60 CMakeFiles/i2cscan.dir/home/savaobay/pico/pico-sdk/src/common/pico_sync/mutex.c.obj
 .rodata.__func__.4588
                0x0000000010006fd4       0x15 CMakeFiles/i2cscan.dir/home/savaobay/pico/pico-sdk/src/common/pico_sync/mutex.c.obj
 *fill*         0x0000000010006fe9        0x3 
 .rodata.__func__.4607
                0x0000000010006fec       0x18 CMakeFiles/i2cscan.dir/home/savaobay/pico/pico-sdk/src/common/pico_sync/mutex.c.obj
 .rodata.__func__.4616
                0x0000000010007004        0xb CMakeFiles/i2cscan.dir/home/savaobay/pico/pico-sdk/src/common/pico_sync/mutex.c.obj
 .rodata.ph_add_child_node.str1.4
                0x000000001000700f       0x96 CMakeFiles/i2cscan.dir/home/savaobay/pico/pico-sdk/src/common/pico_util/pheap.c.obj
 *fill*         0x000000001000700f        0x1 
 .rodata.ph_remove_any_head.str1.4
                0x0000000010007010       0x90 CMakeFiles/i2cscan.dir/home/savaobay/pico/pico-sdk/src/common/pico_util/pheap.c.obj
 .rodata.ph_remove_and_free_node.str1.4
                0x00000000100070a0       0x26 CMakeFiles/i2cscan.dir/home/savaobay/pico/pico-sdk/src/common/pico_util/pheap.c.obj
 *fill*         0x00000000100070c6        0x2 
 .rodata.__func__.5705
                0x00000000100070c8        0xc CMakeFiles/i2cscan.dir/home/savaobay/pico/pico-sdk/src/common/pico_util/pheap.c.obj
 .rodata.__func__.5712
                0x00000000100070d4       0x12 CMakeFiles/i2cscan.dir/home/savaobay/pico/pico-sdk/src/common/pico_util/pheap.c.obj
 *fill*         0x00000000100070e6        0x2 
 .rodata.__func__.5798
                0x00000000100070e8       0x13 CMakeFiles/i2cscan.dir/home/savaobay/pico/pico-sdk/src/common/pico_util/pheap.c.obj
 *fill*         0x00000000100070fb        0x1 
 .rodata.__func__.5816
                0x00000000100070fc       0x18 CMakeFiles/i2cscan.dir/home/savaobay/pico/pico-sdk/src/common/pico_util/pheap.c.obj
 .rodata.__assert_func.str1.4
                0x0000000010007114       0x3f CMakeFiles/i2cscan.dir/home/savaobay/pico/pico-sdk/src/rp2_common/pico_runtime/runtime.c.obj
                                         0x43 (size before relaxing)
 *fill*         0x0000000010007153        0x1 
 .rodata.panic.str1.4
                0x0000000010007154       0x10 CMakeFiles/i2cscan.dir/home/savaobay/pico/pico-sdk/src/rp2_common/pico_runtime/runtime.c.obj
                                         0x12 (size before relaxing)
 .rodata.clock_configure.str1.4
                0x0000000010007164       0x59 CMakeFiles/i2cscan.dir/home/savaobay/pico/pico-sdk/src/rp2_common/hardware_clocks/clocks.c.obj
 *fill*         0x00000000100071bd        0x3 
 .rodata.__func__.4652
                0x00000000100071c0       0x10 CMakeFiles/i2cscan.dir/home/savaobay/pico/pico-sdk/src/rp2_common/hardware_clocks/clocks.c.obj
 .rodata.pll_init.str1.4
                0x00000000100071d0       0xdb CMakeFiles/i2cscan.dir/home/savaobay/pico/pico-sdk/src/rp2_common/hardware_pll/pll.c.obj
 *fill*         0x00000000100072ab        0x1 
 .rodata.__func__.4382
                0x00000000100072ac        0x9 CMakeFiles/i2cscan.dir/home/savaobay/pico/pico-sdk/src/rp2_common/hardware_pll/pll.c.obj
 *fill*         0x00000000100072b5        0x3 
 .rodata.make_branch.str1.4
                0x00000000100072b8       0x4f CMakeFiles/i2cscan.dir/home/savaobay/pico/pico-sdk/src/rp2_common/hardware_irq/irq.c.obj
 *fill*         0x0000000010007307        0x1 
 .rodata.irq_set_exclusive_handler.str1.4
                0x0000000010007308       0x36 CMakeFiles/i2cscan.dir/home/savaobay/pico/pico-sdk/src/rp2_common/hardware_irq/irq.c.obj
 *fill*         0x000000001000733e        0x2 
 .rodata.irq_add_shared_handler.str1.4
                0x0000000010007340       0xd9 CMakeFiles/i2cscan.dir/home/savaobay/pico/pico-sdk/src/rp2_common/hardware_irq/irq.c.obj
 *fill*         0x0000000010007419        0x3 
 .rodata.irq_remove_handler.str1.4
                0x000000001000741c       0x2a CMakeFiles/i2cscan.dir/home/savaobay/pico/pico-sdk/src/rp2_common/hardware_irq/irq.c.obj
 *fill*         0x0000000010007446        0x2 
 .rodata.irq_add_tail_to_free_list.str1.4
                0x0000000010007448       0x32 CMakeFiles/i2cscan.dir/home/savaobay/pico/pico-sdk/src/rp2_common/hardware_irq/irq.c.obj
                                         0x3a (size before relaxing)
 *fill*         0x000000001000747a        0x2 
 .rodata.__func__.4492
                0x000000001000747c       0x1a CMakeFiles/i2cscan.dir/home/savaobay/pico/pico-sdk/src/rp2_common/hardware_irq/irq.c.obj
 *fill*         0x0000000010007496        0x2 
 .rodata.__func__.4506
                0x0000000010007498        0xc CMakeFiles/i2cscan.dir/home/savaobay/pico/pico-sdk/src/rp2_common/hardware_irq/irq.c.obj
 .rodata.__func__.4514
                0x00000000100074a4       0x17 CMakeFiles/i2cscan.dir/home/savaobay/pico/pico-sdk/src/rp2_common/hardware_irq/irq.c.obj
 *fill*         0x00000000100074bb        0x1 
 .rodata.__func__.4518
                0x00000000100074bc        0xf CMakeFiles/i2cscan.dir/home/savaobay/pico/pico-sdk/src/rp2_common/hardware_irq/irq.c.obj
 *fill*         0x00000000100074cb        0x1 
 .rodata.__func__.4557
                0x00000000100074cc       0x13 CMakeFiles/i2cscan.dir/home/savaobay/pico/pico-sdk/src/rp2_common/hardware_irq/irq.c.obj
 *fill*         0x00000000100074df        0x1 
 .rodata.__func__.4576
                0x00000000100074e0       0x1a CMakeFiles/i2cscan.dir/home/savaobay/pico/pico-sdk/src/rp2_common/hardware_irq/irq.c.obj
 *fill*         0x00000000100074fa        0x2 
 .rodata._ftoa.str1.4
                0x00000000100074fc       0x15 CMakeFiles/i2cscan.dir/home/savaobay/pico/pico-sdk/src/rp2_common/pico_printf/printf.c.obj
 *fill*         0x0000000010007511        0x3 
 .rodata._vsnprintf
                0x0000000010007514      0x1e0 CMakeFiles/i2cscan.dir/home/savaobay/pico/pico-sdk/src/rp2_common/pico_printf/printf.c.obj
 *fill*         0x00000000100076f4        0x4 
 .rodata.pow10.5419
                0x00000000100076f8       0x50 CMakeFiles/i2cscan.dir/home/savaobay/pico/pico-sdk/src/rp2_common/pico_printf/printf.c.obj
 .rodata.__aeabi_double_init.str1.4
                0x0000000010007748       0xaa CMakeFiles/i2cscan.dir/home/savaobay/pico/pico-sdk/src/rp2_common/pico_double/double_init_rom.c.obj
 *fill*         0x00000000100077f2        0x2 
 .rodata.__func__.4665
                0x00000000100077f4       0x14 CMakeFiles/i2cscan.dir/home/savaobay/pico/pico-sdk/src/rp2_common/pico_double/double_init_rom.c.obj
 .rodata.__aeabi_float_init.str1.4
                0x0000000010007808       0x7c CMakeFiles/i2cscan.dir/home/savaobay/pico/pico-sdk/src/rp2_common/pico_float/float_init_rom.c.obj
                                         0x80 (size before relaxing)
 .rodata.__func__.4667
                0x0000000010007884       0x13 CMakeFiles/i2cscan.dir/home/savaobay/pico/pico-sdk/src/rp2_common/pico_float/float_init_rom.c.obj
 *fill*         0x0000000010007897        0x1 
 .rodata.str1.4
                0x0000000010007898       0x3c CMakeFiles/i2cscan.dir/home/savaobay/pico/pico-sdk/src/rp2_common/pico_standard_link/binary_info.c.obj
 .rodata.__bi_40
                0x00000000100078d4        0xc CMakeFiles/i2cscan.dir/home/savaobay/pico/pico-sdk/src/rp2_common/pico_standard_link/binary_info.c.obj
 .rodata.__bi_71
                0x00000000100078e0        0xc CMakeFiles/i2cscan.dir/home/savaobay/pico/pico-sdk/src/rp2_common/pico_standard_link/binary_info.c.obj
 .rodata.__bi_77
                0x00000000100078ec        0xc CMakeFiles/i2cscan.dir/home/savaobay/pico/pico-sdk/src/rp2_common/pico_standard_link/binary_info.c.obj
 .rodata.crlf_str.5847
                0x00000000100078f8        0x2 CMakeFiles/i2cscan.dir/home/savaobay/pico/pico-sdk/src/rp2_common/pico_stdio/stdio.c.obj
 *fill*         0x00000000100078fa        0x2 
 .rodata._resetd_driver
                0x00000000100078fc       0x1c CMakeFiles/i2cscan.dir/home/savaobay/pico/pico-sdk/src/rp2_common/pico_stdio_usb/reset_interface.c.obj
 .rodata.str1.4
                0x0000000010007918       0x13 CMakeFiles/i2cscan.dir/home/savaobay/pico/pico-sdk/src/rp2_common/pico_stdio_usb/stdio_usb.c.obj
 *fill*         0x000000001000792b        0x1 
 .rodata.__bi_92.7046
                0x000000001000792c        0xc CMakeFiles/i2cscan.dir/home/savaobay/pico/pico-sdk/src/rp2_common/pico_stdio_usb/stdio_usb.c.obj
 .rodata.str1.4
                0x0000000010007938       0x3a CMakeFiles/i2cscan.dir/home/savaobay/pico/pico-sdk/src/rp2_common/pico_stdio_usb/stdio_usb_descriptors.c.obj
 *fill*         0x0000000010007972        0x2 
 .rodata.usbd_desc_cfg
                0x0000000010007974       0x54 CMakeFiles/i2cscan.dir/home/savaobay/pico/pico-sdk/src/rp2_common/pico_stdio_usb/stdio_usb_descriptors.c.obj
 .rodata.usbd_desc_device
                0x00000000100079c8       0x12 CMakeFiles/i2cscan.dir/home/savaobay/pico/pico-sdk/src/rp2_common/pico_stdio_usb/stdio_usb_descriptors.c.obj
 *fill*         0x00000000100079da        0x2 
 .rodata.usbd_desc_str
                0x00000000100079dc       0x18 CMakeFiles/i2cscan.dir/home/savaobay/pico/pico-sdk/src/rp2_common/pico_stdio_usb/stdio_usb_descriptors.c.obj
 .rodata._hw_endpoint_alloc.str1.4
                0x00000000100079f4       0xb9 CMakeFiles/i2cscan.dir/home/savaobay/pico/pico-sdk/lib/tinyusb/src/portable/raspberrypi/rp2040/dcd_rp2040.c.obj
 *fill*         0x0000000010007aad        0x3 
 .rodata._hw_endpoint_init.str1.4
                0x0000000010007ab0       0x28 CMakeFiles/i2cscan.dir/home/savaobay/pico/pico-sdk/lib/tinyusb/src/portable/raspberrypi/rp2040/dcd_rp2040.c.obj
 .rodata.hw_handle_buff_status.str1.4
                0x0000000010007ad8        0xb CMakeFiles/i2cscan.dir/home/savaobay/pico/pico-sdk/lib/tinyusb/src/portable/raspberrypi/rp2040/dcd_rp2040.c.obj
 *fill*         0x0000000010007ae3        0x1 
 .rodata.dcd_rp2040_irq.str1.4
                0x0000000010007ae4       0x14 CMakeFiles/i2cscan.dir/home/savaobay/pico/pico-sdk/lib/tinyusb/src/portable/raspberrypi/rp2040/dcd_rp2040.c.obj
 .rodata._hw_endpoint_stall.str1.4
                0x0000000010007af8        0xd CMakeFiles/i2cscan.dir/home/savaobay/pico/pico-sdk/lib/tinyusb/src/portable/raspberrypi/rp2040/dcd_rp2040.c.obj
 *fill*         0x0000000010007b05        0x3 
 .rodata.dcd_int_enable.str1.4
                0x0000000010007b08        0xc CMakeFiles/i2cscan.dir/home/savaobay/pico/pico-sdk/lib/tinyusb/src/portable/raspberrypi/rp2040/dcd_rp2040.c.obj
 .rodata.__func__.6757
                0x0000000010007b14       0x13 CMakeFiles/i2cscan.dir/home/savaobay/pico/pico-sdk/lib/tinyusb/src/portable/raspberrypi/rp2040/dcd_rp2040.c.obj
 *fill*         0x0000000010007b27        0x1 
 .rodata.__func__.6788
                0x0000000010007b28       0x16 CMakeFiles/i2cscan.dir/home/savaobay/pico/pico-sdk/lib/tinyusb/src/portable/raspberrypi/rp2040/dcd_rp2040.c.obj
 *fill*         0x0000000010007b3e        0x2 
 .rodata.__func__.6809
                0x0000000010007b40       0x13 CMakeFiles/i2cscan.dir/home/savaobay/pico/pico-sdk/lib/tinyusb/src/portable/raspberrypi/rp2040/dcd_rp2040.c.obj
 *fill*         0x0000000010007b53        0x1 
 .rodata.__func__.6830
                0x0000000010007b54        0x9 CMakeFiles/i2cscan.dir/home/savaobay/pico/pico-sdk/lib/tinyusb/src/portable/raspberrypi/rp2040/dcd_rp2040.c.obj
 *fill*         0x0000000010007b5d        0x3 
 .rodata.__func__.6834
                0x0000000010007b60        0xf CMakeFiles/i2cscan.dir/home/savaobay/pico/pico-sdk/lib/tinyusb/src/portable/raspberrypi/rp2040/dcd_rp2040.c.obj
 *fill*         0x0000000010007b6f        0x1 
 .rodata.__func__.6843
                0x0000000010007b70       0x10 CMakeFiles/i2cscan.dir/home/savaobay/pico/pico-sdk/lib/tinyusb/src/portable/raspberrypi/rp2040/dcd_rp2040.c.obj
 .rodata.__func__.6855
                0x0000000010007b80        0xc CMakeFiles/i2cscan.dir/home/savaobay/pico/pico-sdk/lib/tinyusb/src/portable/raspberrypi/rp2040/dcd_rp2040.c.obj
 .rodata.__func__.6860
                0x0000000010007b8c       0x1a CMakeFiles/i2cscan.dir/home/savaobay/pico/pico-sdk/lib/tinyusb/src/portable/raspberrypi/rp2040/dcd_rp2040.c.obj
 *fill*         0x0000000010007ba6        0x2 
 .rodata.__func__.6865
                0x0000000010007ba8        0xe CMakeFiles/i2cscan.dir/home/savaobay/pico/pico-sdk/lib/tinyusb/src/portable/raspberrypi/rp2040/dcd_rp2040.c.obj
 *fill*         0x0000000010007bb6        0x2 
 .rodata.__func__.6872
                0x0000000010007bb8        0xe CMakeFiles/i2cscan.dir/home/savaobay/pico/pico-sdk/lib/tinyusb/src/portable/raspberrypi/rp2040/dcd_rp2040.c.obj
 *fill*         0x0000000010007bc6        0x2 
 .rodata.__func__.6877
                0x0000000010007bc8        0xf CMakeFiles/i2cscan.dir/home/savaobay/pico/pico-sdk/lib/tinyusb/src/portable/raspberrypi/rp2040/dcd_rp2040.c.obj
 *fill*         0x0000000010007bd7        0x1 
 .rodata.__func__.6882
                0x0000000010007bd8       0x15 CMakeFiles/i2cscan.dir/home/savaobay/pico/pico-sdk/lib/tinyusb/src/portable/raspberrypi/rp2040/dcd_rp2040.c.obj
 *fill*         0x0000000010007bed        0x3 
 .rodata._hw_endpoint_buffer_control_update32.str1.4
                0x0000000010007bf0       0x1f CMakeFiles/i2cscan.dir/home/savaobay/pico/pico-sdk/lib/tinyusb/src/portable/raspberrypi/rp2040/rp2040_usb.c.obj
 *fill*         0x0000000010007c0f        0x1 
 .rodata._hw_endpoint_xfer_sync.str1.4
                0x0000000010007c10       0x95 CMakeFiles/i2cscan.dir/home/savaobay/pico/pico-sdk/lib/tinyusb/src/portable/raspberrypi/rp2040/rp2040_usb.c.obj
 *fill*         0x0000000010007ca5        0x3 
 .rodata._hw_endpoint_xfer_continue.str1.4
                0x0000000010007ca8       0x50 CMakeFiles/i2cscan.dir/home/savaobay/pico/pico-sdk/lib/tinyusb/src/portable/raspberrypi/rp2040/rp2040_usb.c.obj
 .rodata._hw_endpoint_xfer.str1.4
                0x0000000010007cf8        0xf CMakeFiles/i2cscan.dir/home/savaobay/pico/pico-sdk/lib/tinyusb/src/portable/raspberrypi/rp2040/rp2040_usb.c.obj
 *fill*         0x0000000010007d07        0x1 
 .rodata.str1.4
                0x0000000010007d08        0x7 CMakeFiles/i2cscan.dir/home/savaobay/pico/pico-sdk/lib/tinyusb/src/portable/raspberrypi/rp2040/rp2040_usb.c.obj
 *fill*         0x0000000010007d0f        0x1 
 .rodata.__func__.6643
                0x0000000010007d10       0x17 CMakeFiles/i2cscan.dir/home/savaobay/pico/pico-sdk/lib/tinyusb/src/portable/raspberrypi/rp2040/rp2040_usb.c.obj
 *fill*         0x0000000010007d27        0x1 
 .rodata.__func__.6654
                0x0000000010007d28       0x12 CMakeFiles/i2cscan.dir/home/savaobay/pico/pico-sdk/lib/tinyusb/src/portable/raspberrypi/rp2040/rp2040_usb.c.obj
 *fill*         0x0000000010007d3a        0x2 
 .rodata.process_set_config.str1.4
                0x0000000010007d3c       0x17 CMakeFiles/i2cscan.dir/home/savaobay/pico/pico-sdk/lib/tinyusb/src/device/usbd.c.obj
 *fill*         0x0000000010007d53        0x1 
 .rodata.process_get_descriptor
                0x0000000010007d54       0x40 CMakeFiles/i2cscan.dir/home/savaobay/pico/pico-sdk/lib/tinyusb/src/device/usbd.c.obj
 .rodata.dcd_event_handler.str1.4
                0x0000000010007d94       0x4e CMakeFiles/i2cscan.dir/home/savaobay/pico/pico-sdk/lib/tinyusb/src/device/usbd.c.obj
 *fill*         0x0000000010007de2        0x2 
 .rodata.process_control_request
                0x0000000010007de4       0x28 CMakeFiles/i2cscan.dir/home/savaobay/pico/pico-sdk/lib/tinyusb/src/device/usbd.c.obj
 .rodata.tud_task
                0x0000000010007e0c       0x24 CMakeFiles/i2cscan.dir/home/savaobay/pico/pico-sdk/lib/tinyusb/src/device/usbd.c.obj
 .rodata.__func__.6404
                0x0000000010007e30       0x13 CMakeFiles/i2cscan.dir/home/savaobay/pico/pico-sdk/lib/tinyusb/src/device/usbd.c.obj
 *fill*         0x0000000010007e43        0x1 
 .rodata.__func__.6411
                0x0000000010007e44       0x10 CMakeFiles/i2cscan.dir/home/savaobay/pico/pico-sdk/lib/tinyusb/src/device/usbd.c.obj
 .rodata.__func__.7182
                0x0000000010007e54        0x9 CMakeFiles/i2cscan.dir/home/savaobay/pico/pico-sdk/lib/tinyusb/src/device/usbd.c.obj
 *fill*         0x0000000010007e5d        0x3 
 .rodata.__func__.7203
                0x0000000010007e60       0x18 CMakeFiles/i2cscan.dir/home/savaobay/pico/pico-sdk/lib/tinyusb/src/device/usbd.c.obj
 .rodata.__func__.7242
                0x0000000010007e78       0x13 CMakeFiles/i2cscan.dir/home/savaobay/pico/pico-sdk/lib/tinyusb/src/device/usbd.c.obj
 *fill*         0x0000000010007e8b        0x1 
 .rodata.__func__.7285
                0x0000000010007e8c       0x17 CMakeFiles/i2cscan.dir/home/savaobay/pico/pico-sdk/lib/tinyusb/src/device/usbd.c.obj
 *fill*         0x0000000010007ea3        0x1 
 .rodata.__func__.7339
                0x0000000010007ea4       0x14 CMakeFiles/i2cscan.dir/home/savaobay/pico/pico-sdk/lib/tinyusb/src/device/usbd.c.obj
 .rodata.__func__.7375
                0x0000000010007eb8        0xf CMakeFiles/i2cscan.dir/home/savaobay/pico/pico-sdk/lib/tinyusb/src/device/usbd.c.obj
 *fill*         0x0000000010007ec7        0x1 
 .rodata._usbd_driver
                0x0000000010007ec8       0x1c CMakeFiles/i2cscan.dir/home/savaobay/pico/pico-sdk/lib/tinyusb/src/device/usbd.c.obj
 .rodata.tud_control_xfer.str1.4
                0x0000000010007ee4       0x17 CMakeFiles/i2cscan.dir/home/savaobay/pico/pico-sdk/lib/tinyusb/src/device/usbd_control.c.obj
 .rodata.__func__.7102
                0x0000000010007ee4       0x11 CMakeFiles/i2cscan.dir/home/savaobay/pico/pico-sdk/lib/tinyusb/src/device/usbd_control.c.obj
 *fill*         0x0000000010007ef5        0x3 
 .rodata.__func__.7120
                0x0000000010007ef8       0x15 CMakeFiles/i2cscan.dir/home/savaobay/pico/pico-sdk/lib/tinyusb/src/device/usbd_control.c.obj
 .rodata.tud_cdc_n_write_flush.str1.4
                0x0000000010007f0d       0x17 CMakeFiles/i2cscan.dir/home/savaobay/pico/pico-sdk/lib/tinyusb/src/class/cdc/cdc_device.c.obj
 *fill*         0x0000000010007f0d        0x3 
 .rodata.__func__.7044
                0x0000000010007f10       0x16 CMakeFiles/i2cscan.dir/home/savaobay/pico/pico-sdk/lib/tinyusb/src/class/cdc/cdc_device.c.obj
 *fill*         0x0000000010007f26        0x2 
 .rodata.__func__.7073
                0x0000000010007f28        0xa CMakeFiles/i2cscan.dir/home/savaobay/pico/pico-sdk/lib/tinyusb/src/class/cdc/cdc_device.c.obj
 *fill*         0x0000000010007f32        0x2 
 .rodata.__func__.7113
                0x0000000010007f34        0xd CMakeFiles/i2cscan.dir/home/savaobay/pico/pico-sdk/lib/tinyusb/src/class/cdc/cdc_device.c.obj
 .rodata.tusb_init.str1.4
                0x0000000010007f41       0x17 CMakeFiles/i2cscan.dir/home/savaobay/pico/pico-sdk/lib/tinyusb/src/tusb.c.obj
 *fill*         0x0000000010007f41        0x3 
 .rodata.__func__.6981
                0x0000000010007f44        0xa CMakeFiles/i2cscan.dir/home/savaobay/pico/pico-sdk/lib/tinyusb/src/tusb.c.obj
                0x0000000010007f50                . = ALIGN (0x4)
 *fill*         0x0000000010007f4e        0x2 
 *(SORT_BY_ALIGNMENT(SORT_BY_NAME(.flashdata*)))
                0x0000000010007f50                . = ALIGN (0x4)

.rel.dyn        0x0000000010007f50        0x0
 .rel.iplt      0x0000000010007f50        0x0 /usr/lib/gcc/arm-none-eabi/9.2.1/thumb/v6-m/nofp/crtbegin.o

.ARM.extab
 *(.ARM.extab* .gnu.linkonce.armextab.*)
                0x0000000010007f50                __exidx_start = .

.ARM.exidx
 *(.ARM.exidx* .gnu.linkonce.armexidx.*)
                0x0000000010007f50                __exidx_end = .
                0x0000000010007f50                . = ALIGN (0x4)
                0x0000000010007f50                __binary_info_start = .

.binary_info    0x0000000010007f50       0x24
 *(.binary_info.keep.*)
 .binary_info.keep.__bi_ptr48
                0x0000000010007f50        0x4 CMakeFiles/i2cscan.dir/main.c.obj
 .binary_info.keep.__bi_ptr18
                0x0000000010007f54        0x4 CMakeFiles/i2cscan.dir/home/savaobay/pico/pico-sdk/src/rp2_common/pico_standard_link/binary_info.c.obj
 .binary_info.keep.__bi_ptr26
                0x0000000010007f58        0x4 CMakeFiles/i2cscan.dir/home/savaobay/pico/pico-sdk/src/rp2_common/pico_standard_link/binary_info.c.obj
 .binary_info.keep.__bi_ptr34
                0x0000000010007f5c        0x4 CMakeFiles/i2cscan.dir/home/savaobay/pico/pico-sdk/src/rp2_common/pico_standard_link/binary_info.c.obj
 .binary_info.keep.__bi_ptr40
                0x0000000010007f60        0x4 CMakeFiles/i2cscan.dir/home/savaobay/pico/pico-sdk/src/rp2_common/pico_standard_link/binary_info.c.obj
 .binary_info.keep.__bi_ptr46
                0x0000000010007f64        0x4 CMakeFiles/i2cscan.dir/home/savaobay/pico/pico-sdk/src/rp2_common/pico_standard_link/binary_info.c.obj
 .binary_info.keep.__bi_ptr71
                0x0000000010007f68        0x4 CMakeFiles/i2cscan.dir/home/savaobay/pico/pico-sdk/src/rp2_common/pico_standard_link/binary_info.c.obj
 .binary_info.keep.__bi_ptr77
                0x0000000010007f6c        0x4 CMakeFiles/i2cscan.dir/home/savaobay/pico/pico-sdk/src/rp2_common/pico_standard_link/binary_info.c.obj
 *(.binary_info.*)
 .binary_info.__bi_ptr92
                0x0000000010007f70        0x4 CMakeFiles/i2cscan.dir/home/savaobay/pico/pico-sdk/src/rp2_common/pico_stdio_usb/stdio_usb.c.obj
                0x0000000010007f74                __binary_info_end = .
                0x0000000010007f74                . = ALIGN (0x4)
                0x0000000010007f74                __etext = .

.ram_vector_table
                0x0000000020000000       0xc0
 *(.ram_vector_table)
 .ram_vector_table
                0x0000000020000000       0xc0 CMakeFiles/i2cscan.dir/home/savaobay/pico/pico-sdk/src/rp2_common/pico_runtime/runtime.c.obj
                0x0000000020000000                ram_vector_table

.data           0x00000000200000c0      0x2f0 load address 0x0000000010007f74
                0x00000000200000c0                __data_start__ = .
 *(vtable)
 *(.time_critical*)
 .time_critical.mutex_enter_blocking
                0x00000000200000c0       0x64 CMakeFiles/i2cscan.dir/home/savaobay/pico/pico-sdk/src/common/pico_sync/mutex.c.obj
                0x00000000200000c0                mutex_enter_blocking
 .time_critical.mutex_try_enter
                0x0000000020000124       0x48 CMakeFiles/i2cscan.dir/home/savaobay/pico/pico-sdk/src/common/pico_sync/mutex.c.obj
                0x0000000020000124                mutex_try_enter
 .time_critical.mutex_enter_block_until
                0x000000002000016c       0x7c CMakeFiles/i2cscan.dir/home/savaobay/pico/pico-sdk/src/common/pico_sync/mutex.c.obj
                0x000000002000016c                mutex_enter_block_until
 .time_critical.mutex_enter_timeout_ms
                0x00000000200001e8       0x3e CMakeFiles/i2cscan.dir/home/savaobay/pico/pico-sdk/src/common/pico_sync/mutex.c.obj
                0x00000000200001e8                mutex_enter_timeout_ms
 *fill*         0x0000000020000226        0x2 
 .time_critical.mutex_exit
                0x0000000020000228       0x4c CMakeFiles/i2cscan.dir/home/savaobay/pico/pico-sdk/src/common/pico_sync/mutex.c.obj
                0x0000000020000228                mutex_exit
 *(.text*)
 .text          0x0000000020000274        0x4 /usr/lib/gcc/arm-none-eabi/9.2.1/thumb/v6-m/nofp/libgcc.a(_dvmd_tls.o)
                0x0000000020000274                __aeabi_ldiv0
                0x0000000020000274                __aeabi_idiv0
 .text.__stub   0x0000000020000278       0x40 linker stubs
                0x00000000200002b8                . = ALIGN (0x4)
 *(.rodata*)
                0x00000000200002b8                . = ALIGN (0x4)
 *(.data*)
 .data.striped_spin_lock_num
                0x00000000200002b8        0x1 CMakeFiles/i2cscan.dir/home/savaobay/pico/pico-sdk/src/rp2_common/hardware_sync/sync.c.obj
 *fill*         0x00000000200002b9        0x3 
 .data.default_alarm_pool
                0x00000000200002bc       0x18 CMakeFiles/i2cscan.dir/home/savaobay/pico/pico-sdk/src/common/pico_time/time.c.obj
 .data.default_alarm_pool_heap
                0x00000000200002d4       0x10 CMakeFiles/i2cscan.dir/home/savaobay/pico/pico-sdk/src/common/pico_time/time.c.obj
 .data          0x00000000200002e4       0x48 CMakeFiles/i2cscan.dir/home/savaobay/pico/pico-sdk/src/rp2_common/hardware_irq/irq_handler_chain.S.obj
                0x00000000200002e4                irq_handler_chain_slots
                0x0000000020000314                irq_handler_chain_first_slot
                0x000000002000031e                irq_handler_chain_remove_tail
 *fill*         0x000000002000032c        0x4 
 .data.aeabi_bits_funcs
                0x0000000020000330       0x10 CMakeFiles/i2cscan.dir/home/savaobay/pico/pico-sdk/src/rp2_common/pico_bit_ops/bit_ops_aeabi.S.obj
                0x0000000020000330                aeabi_bits_funcs
                0x0000000020000340                aeabi_bits_funcs_end
 .data.aeabi_mem_funcs
                0x0000000020000340       0x10 CMakeFiles/i2cscan.dir/home/savaobay/pico/pico-sdk/src/rp2_common/pico_mem_ops/mem_ops_aeabi.S.obj
                0x0000000020000340                aeabi_mem_funcs
                0x0000000020000350                aeabi_mem_funcs_end
 .data.stdio_usb
                0x0000000020000350       0x14 CMakeFiles/i2cscan.dir/home/savaobay/pico/pico-sdk/src/rp2_common/pico_stdio_usb/stdio_usb.c.obj
                0x0000000020000350                stdio_usb
 .data.ep_dir_string
                0x0000000020000364        0x8 CMakeFiles/i2cscan.dir/home/savaobay/pico/pico-sdk/lib/tinyusb/src/portable/raspberrypi/rp2040/rp2040_usb.c.obj
                0x0000000020000364                ep_dir_string
 .data._usbd_qdef
                0x000000002000036c       0x20 CMakeFiles/i2cscan.dir/home/savaobay/pico/pico-sdk/lib/tinyusb/src/device/usbd.c.obj
                0x000000002000036c                _usbd_qdef
 .data.i2c0_inst
                0x000000002000038c        0x8 CMakeFiles/i2cscan.dir/home/savaobay/pico/pico-sdk/src/rp2_common/hardware_i2c/i2c.c.obj
                0x000000002000038c                i2c0_inst
                0x0000000020000394                . = ALIGN (0x4)
 *(.after_data.*)
                0x0000000020000394                . = ALIGN (0x4)
                0x0000000020000394                PROVIDE (__mutex_array_start = .)
 *(SORT_BY_NAME(.mutex_array.*))
 *(.mutex_array)
 .mutex_array   0x0000000020000394        0x8 CMakeFiles/i2cscan.dir/home/savaobay/pico/pico-sdk/src/rp2_common/pico_stdio/stdio.c.obj
                0x000000002000039c                PROVIDE (__mutex_array_end = .)
                0x000000002000039c                . = ALIGN (0x4)
                0x000000002000039c                PROVIDE (__preinit_array_start = .)
 *(SORT_BY_NAME(.preinit_array.*))
 .preinit_array.00001
                0x000000002000039c        0x4 CMakeFiles/i2cscan.dir/home/savaobay/pico/pico-sdk/src/rp2_common/pico_mem_ops/mem_ops_aeabi.S.obj
 .preinit_array.00010
                0x00000000200003a0        0x4 CMakeFiles/i2cscan.dir/home/savaobay/pico/pico-sdk/src/rp2_common/pico_bit_ops/bit_ops_aeabi.S.obj
 .preinit_array.00020
                0x00000000200003a4        0x4 CMakeFiles/i2cscan.dir/home/savaobay/pico/pico-sdk/src/rp2_common/pico_double/double_aeabi.S.obj
 .preinit_array.00020
                0x00000000200003a8        0x4 CMakeFiles/i2cscan.dir/home/savaobay/pico/pico-sdk/src/rp2_common/pico_float/float_aeabi.S.obj
 *(.preinit_array)
                0x00000000200003ac                PROVIDE (__preinit_array_end = .)
                0x00000000200003ac                . = ALIGN (0x4)
                0x00000000200003ac                PROVIDE (__init_array_start = .)
 *(SORT_BY_NAME(.init_array.*))
 *(.init_array)
 .init_array    0x00000000200003ac        0x4 /usr/lib/gcc/arm-none-eabi/9.2.1/thumb/v6-m/nofp/crtbegin.o
                0x00000000200003b0                PROVIDE (__init_array_end = .)
                0x00000000200003b0                . = ALIGN (0x4)
                0x00000000200003b0                PROVIDE (__fini_array_start = .)
 *(SORT_BY_NAME(.fini_array.*))
 *(.fini_array)
                0x00000000200003b0                PROVIDE (__fini_array_end = .)
 *(.jcr)
                0x00000000200003b0                . = ALIGN (0x4)
                0x00000000200003b0                __data_end__ = .

.tm_clone_table
                0x00000000200003b0        0x0 load address 0x0000000010008264
 .tm_clone_table
                0x00000000200003b0        0x0 /usr/lib/gcc/arm-none-eabi/9.2.1/thumb/v6-m/nofp/crtbegin.o
 .tm_clone_table
                0x00000000200003b0        0x0 /usr/lib/gcc/arm-none-eabi/9.2.1/thumb/v6-m/nofp/crtend.o

.igot.plt       0x00000000200003b0        0x0 load address 0x0000000010008264
 .igot.plt      0x00000000200003b0        0x0 /usr/lib/gcc/arm-none-eabi/9.2.1/thumb/v6-m/nofp/crtbegin.o

.uninitialized_data
                0x00000000200003b0        0x0 load address 0x0000000010008264
                0x00000000200003b0                . = ALIGN (0x4)
 *(.uninitialized_data*)

.scratch_x      0x0000000020040000        0x0 load address 0x0000000010008264
                0x0000000020040000                __scratch_x_start__ = .
 *(.scratch_x.*)
                0x0000000020040000                . = ALIGN (0x4)
                0x0000000020040000                __scratch_x_end__ = .
                0x0000000010008264                __scratch_x_source__ = LOADADDR (.scratch_x)

.scratch_y      0x0000000020041000        0x0 load address 0x0000000010008264
                0x0000000020041000                __scratch_y_start__ = .
 *(.scratch_y.*)
                0x0000000020041000                . = ALIGN (0x4)
                0x0000000020041000                __scratch_y_end__ = .
                0x0000000010008264                __scratch_y_source__ = LOADADDR (.scratch_y)

.bss            0x00000000200003b0      0xebc
                0x00000000200003b0                . = ALIGN (0x4)
                0x00000000200003b0                __bss_start__ = .
 *(SORT_BY_ALIGNMENT(SORT_BY_NAME(.bss*)))
 .bss.default_alarm_pool_entries
                0x00000000200003b0      0x100 CMakeFiles/i2cscan.dir/home/savaobay/pico/pico-sdk/src/common/pico_time/time.c.obj
 .bss.last_avail_time.7025