Archive member included to satisfy reference by file (symbol)

c:/progra~2/gnuarm~1/102020~1/bin/../lib/gcc/arm-none-eabi/10.2.1/thumb/v6-m/nofp\libgcc.a(_dvmd_tls.o)
                              CMakeFiles/lora_uart.dir/C_/Users/savao/Documents/Pico/pico-sdk/src/rp2_common/pico_divider/divider.S.obj (__aeabi_idiv0)
c:/progra~2/gnuarm~1/102020~1/bin/../lib/gcc/arm-none-eabi/10.2.1/../../../../arm-none-eabi/lib/thumb/v6-m/nofp\libg.a(lib_a-calloc.o)
                              CMakeFiles/lora_uart.dir/C_/Users/savao/Documents/Pico/pico-sdk/src/rp2_common/pico_malloc/pico_malloc.c.obj (calloc)
c:/progra~2/gnuarm~1/102020~1/bin/../lib/gcc/arm-none-eabi/10.2.1/../../../../arm-none-eabi/lib/thumb/v6-m/nofp\libg.a(lib_a-callocr.o)
                              c:/progra~2/gnuarm~1/102020~1/bin/../lib/gcc/arm-none-eabi/10.2.1/../../../../arm-none-eabi/lib/thumb/v6-m/nofp\libg.a(lib_a-calloc.o) (_calloc_r)
c:/progra~2/gnuarm~1/102020~1/bin/../lib/gcc/arm-none-eabi/10.2.1/../../../../arm-none-eabi/lib/thumb/v6-m/nofp\libg.a(lib_a-ctype_.o)
                              CMakeFiles/lora_uart.dir/C_/Users/savao/Documents/Pico/pico-sdk/lib/tinyusb/src/tusb.c.obj (_ctype_)
c:/progra~2/gnuarm~1/102020~1/bin/../lib/gcc/arm-none-eabi/10.2.1/../../../../arm-none-eabi/lib/thumb/v6-m/nofp\libg.a(lib_a-impure.o)
                              c:/progra~2/gnuarm~1/102020~1/bin/../lib/gcc/arm-none-eabi/10.2.1/../../../../arm-none-eabi/lib/thumb/v6-m/nofp\libg.a(lib_a-calloc.o) (_impure_ptr)
c:/progra~2/gnuarm~1/102020~1/bin/../lib/gcc/arm-none-eabi/10.2.1/../../../../arm-none-eabi/lib/thumb/v6-m/nofp\libg.a(lib_a-init.o)
                              c:/progra~2/gnuarm~1/102020~1/bin/../lib/gcc/arm-none-eabi/10.2.1/../../../../arm-none-eabi/lib/thumb/v6-m/nofp/crt0.o (__libc_init_array)
c:/progra~2/gnuarm~1/102020~1/bin/../lib/gcc/arm-none-eabi/10.2.1/../../../../arm-none-eabi/lib/thumb/v6-m/nofp\libg.a(lib_a-malloc.o)
                              CMakeFiles/lora_uart.dir/C_/Users/savao/Documents/Pico/pico-sdk/src/rp2_common/pico_malloc/pico_malloc.c.obj (malloc)
c:/progra~2/gnuarm~1/102020~1/bin/../lib/gcc/arm-none-eabi/10.2.1/../../../../arm-none-eabi/lib/thumb/v6-m/nofp\libg.a(lib_a-mallocr.o)
                              c:/progra~2/gnuarm~1/102020~1/bin/../lib/gcc/arm-none-eabi/10.2.1/../../../../arm-none-eabi/lib/thumb/v6-m/nofp\libg.a(lib_a-callocr.o) (_malloc_r)
c:/progra~2/gnuarm~1/102020~1/bin/../lib/gcc/arm-none-eabi/10.2.1/../../../../arm-none-eabi/lib/thumb/v6-m/nofp\libg.a(lib_a-mlock.o)
                              c:/progra~2/gnuarm~1/102020~1/bin/../lib/gcc/arm-none-eabi/10.2.1/../../../../arm-none-eabi/lib/thumb/v6-m/nofp\libg.a(lib_a-mallocr.o) (__malloc_lock)
c:/progra~2/gnuarm~1/102020~1/bin/../lib/gcc/arm-none-eabi/10.2.1/../../../../arm-none-eabi/lib/thumb/v6-m/nofp\libg.a(lib_a-sbrkr.o)
                              c:/progra~2/gnuarm~1/102020~1/bin/../lib/gcc/arm-none-eabi/10.2.1/../../../../arm-none-eabi/lib/thumb/v6-m/nofp\libg.a(lib_a-mallocr.o) (_sbrk_r)
c:/progra~2/gnuarm~1/102020~1/bin/../lib/gcc/arm-none-eabi/10.2.1/../../../../arm-none-eabi/lib/thumb/v6-m/nofp\libg.a(lib_a-strlen-stub.o)
                              CMakeFiles/lora_uart.dir/C_/Users/savao/Documents/Pico/pico-sdk/src/rp2_common/pico_stdio/stdio.c.obj (strlen)
c:/progra~2/gnuarm~1/102020~1/bin/../lib/gcc/arm-none-eabi/10.2.1/../../../../arm-none-eabi/lib/thumb/v6-m/nofp\libg.a(lib_a-freer.o)
                              c:/progra~2/gnuarm~1/102020~1/bin/../lib/gcc/arm-none-eabi/10.2.1/../../../../arm-none-eabi/lib/thumb/v6-m/nofp\libg.a(lib_a-malloc.o) (_free_r)
c:/progra~2/gnuarm~1/102020~1/bin/../lib/gcc/arm-none-eabi/10.2.1/../../../../arm-none-eabi/lib/thumb/v6-m/nofp\libg.a(lib_a-lock.o)
                              c:/progra~2/gnuarm~1/102020~1/bin/../lib/gcc/arm-none-eabi/10.2.1/../../../../arm-none-eabi/lib/thumb/v6-m/nofp\libg.a(lib_a-mlock.o) (__retarget_lock_acquire_recursive)
c:/progra~2/gnuarm~1/102020~1/bin/../lib/gcc/arm-none-eabi/10.2.1/../../../../arm-none-eabi/lib/thumb/v6-m/nofp\libg.a(lib_a-reent.o)
                              c:/progra~2/gnuarm~1/102020~1/bin/../lib/gcc/arm-none-eabi/10.2.1/../../../../arm-none-eabi/lib/thumb/v6-m/nofp\libg.a(lib_a-sbrkr.o) (errno)

Discarded input sections

 .text          0x00000000        0x0 c:/progra~2/gnuarm~1/102020~1/bin/../lib/gcc/arm-none-eabi/10.2.1/thumb/v6-m/nofp/crti.o
 .data          0x00000000        0x0 c:/progra~2/gnuarm~1/102020~1/bin/../lib/gcc/arm-none-eabi/10.2.1/thumb/v6-m/nofp/crti.o
 .bss           0x00000000        0x0 c:/progra~2/gnuarm~1/102020~1/bin/../lib/gcc/arm-none-eabi/10.2.1/thumb/v6-m/nofp/crti.o
 .data          0x00000000        0x4 c:/progra~2/gnuarm~1/102020~1/bin/../lib/gcc/arm-none-eabi/10.2.1/thumb/v6-m/nofp/crtbegin.o
 .rodata        0x00000000       0x24 c:/progra~2/gnuarm~1/102020~1/bin/../lib/gcc/arm-none-eabi/10.2.1/thumb/v6-m/nofp/crtbegin.o
[...]
Memory Configuration

Name             Origin             Length             Attributes
FLASH            0x10000000         0x00200000         xr
RAM              0x20000000         0x00040000         xrw
SCRATCH_X        0x20040000         0x00001000         xrw
SCRATCH_Y        0x20041000         0x00001000         xrw
*default*        0x00000000         0xffffffff

Linker script and memory map

LOAD c:/progra~2/gnuarm~1/102020~1/bin/../lib/gcc/arm-none-eabi/10.2.1/thumb/v6-m/nofp/crti.o
LOAD c:/progra~2/gnuarm~1/102020~1/bin/../lib/gcc/arm-none-eabi/10.2.1/thumb/v6-m/nofp/crtbegin.o
LOAD c:/progra~2/gnuarm~1/102020~1/bin/../lib/gcc/arm-none-eabi/10.2.1/../../../../arm-none-eabi/lib/thumb/v6-m/nofp/crt0.o

.flash_begin    0x10000000        0x0
                0x10000000                __flash_binary_start = .

.boot2          0x10000000      0x100
                0x10000000                __boot2_start__ = .
 *(.boot2)
 .boot2         0x10000000      0x100 C:\Users\savao\AppData\Local\Temp\ccq4yAVD.o
                0x10000100                __boot2_end__ = .
                0x00000001                ASSERT (((__boot2_end__ - __boot2_start__) == 0x100), ERROR: Pico second stage bootloader must be 256 bytes in size)

.text           0x10000100     0x6bd8
                0x10000100                __logical_binary_start = .
 *(.vectors)
 .vectors       0x10000100       0xd4 CMakeFiles/lora_uart.dir/C_/Users/savao/Documents/Pico/pico-sdk/src/rp2_common/pico_standard_link/crt0.S.obj
                0x10000100                __vectors
                0x100001c0                isr_invalid
                0x100001c2                isr_nmi
                0x100001c4                isr_hardfault
                0x100001c6                isr_svcall
                0x100001c8                isr_pendsv
                0x100001ca                isr_systick
                0x100001cc                isr_irq11
                0x100001cc                isr_irq5
                0x100001cc                isr_irq23
                0x100001cc                isr_irq18
                0x100001cc                isr_irq31
                0x100001cc                isr_irq28
                0x100001cc                isr_irq19
                0x100001cc                isr_irq0
                0x100001cc                isr_irq6
                0x100001cc                isr_irq27
                0x100001cc                isr_irq12
                0x100001cc                isr_irq22
                0x100001cc                isr_irq13
                0x100001cc                isr_irq17
                0x100001cc                isr_irq14
                0x100001cc                isr_irq2
                0x100001cc                isr_irq10
                0x100001cc                isr_irq8
                0x100001cc                isr_irq24
                0x100001cc                isr_irq1
                0x100001cc                isr_irq7
                0x100001cc                isr_irq21
                0x100001cc                isr_irq20
                0x100001cc                isr_irq15
                0x100001cc                isr_irq25
                0x100001cc                __unhandled_user_irq
                0x100001cc                isr_irq4
                0x100001cc                isr_irq16
                0x100001cc                isr_irq29
                0x100001cc                isr_irq26
                0x100001cc                isr_irq3
                0x100001cc                isr_irq30
                0x100001cc                isr_irq9
                0x100001d2                unhandled_user_irq_num_in_r0
 *(.binary_info_header)
 .binary_info_header
                0x100001d4       0x14 CMakeFiles/lora_uart.dir/C_/Users/savao/Documents/Pico/pico-sdk/src/rp2_common/pico_standard_link/crt0.S.obj
                0x100001e8                __binary_info_header_end = .
 *(.reset)
 .reset         0x100001e8       0xa8 CMakeFiles/lora_uart.dir/C_/Users/savao/Documents/Pico/pico-sdk/src/rp2_common/pico_standard_link/crt0.S.obj
                0x100001e8                _entry_point
                0x10000266                __get_current_exception
 .reset         0x10000290       0x30 CMakeFiles/lora_uart.dir/C_/Users/savao/Documents/Pico/pico-sdk/src/rp2_common/pico_standard_link/binary_info.c.obj
 *(.init)
 .init          0x100002c0        0x4 c:/progra~2/gnuarm~1/102020~1/bin/../lib/gcc/arm-none-eabi/10.2.1/thumb/v6-m/nofp/crti.o
                0x100002c0                _init
 *(EXCLUDE_FILE(*libm.a: *libc.a:*lib_a-mem*.o *libgcc.a:) .text*)
 .text          0x100002c4       0x48 c:/progra~2/gnuarm~1/102020~1/bin/../lib/gcc/arm-none-eabi/10.2.1/thumb/v6-m/nofp/crtbegin.o
 .text.main     0x1000030c      0x168 CMakeFiles/lora_uart.dir/main.c.obj
                0x1000030c                main
 .text.gpio_set_function
                0x10000474       0x30 CMakeFiles/lora_uart.dir/C_/Users/savao/Documents/Pico/pico-sdk/src/rp2_common/hardware_gpio/gpio.c.obj
                0x10000474                gpio_set_function
 .text.gpio_init
                0x100004a4       0x16 CMakeFiles/lora_uart.dir/C_/Users/savao/Documents/Pico/pico-sdk/src/rp2_common/hardware_gpio/gpio.c.obj
                0x100004a4                gpio_init
 *fill*         0x100004ba        0x2 
 .text.hw_claim_lock
                0x100004bc       0x18 CMakeFiles/lora_uart.dir/C_/Users/savao/Documents/Pico/pico-sdk/src/rp2_common/hardware_claim/claim.c.obj
                0x100004bc                hw_claim_lock
 .text.hw_claim_unlock
                0x100004d4       0x14 CMakeFiles/lora_uart.dir/C_/Users/savao/Documents/Pico/pico-sdk/src/rp2_common/hardware_claim/claim.c.obj
                0x100004d4                hw_claim_unlock
 .text.hw_claim_or_assert
                0x100004e8       0x36 CMakeFiles/lora_uart.dir/C_/Users/savao/Documents/Pico/pico-sdk/src/rp2_common/hardware_claim/claim.c.obj
                0x100004e8                hw_claim_or_assert
 .text.hw_claim_unused_from_range
                0x1000051e       0x58 CMakeFiles/lora_uart.dir/C_/Users/savao/Documents/Pico/pico-sdk/src/rp2_common/hardware_claim/claim.c.obj
                0x1000051e                hw_claim_unused_from_range
 *fill*         0x10000576        0x2 
 .text.spin_locks_reset
                0x10000578       0x20 CMakeFiles/lora_uart.dir/C_/Users/savao/Documents/Pico/pico-sdk/src/rp2_common/hardware_sync/sync.c.obj
                0x10000578                spin_locks_reset
 .text.next_striped_spin_lock_num
                0x10000598       0x1c CMakeFiles/lora_uart.dir/C_/Users/savao/Documents/Pico/pico-sdk/src/rp2_common/hardware_sync/sync.c.obj
                0x10000598                next_striped_spin_lock_num
 .text.spin_lock_claim_unused
                0x100005b4       0x20 CMakeFiles/lora_uart.dir/C_/Users/savao/Documents/Pico/pico-sdk/src/rp2_common/hardware_sync/sync.c.obj
                0x100005b4                spin_lock_claim_unused
 .text.running_on_fpga
                0x100005d4       0x14 CMakeFiles/lora_uart.dir/C_/Users/savao/Documents/Pico/pico-sdk/src/rp2_common/pico_platform/platform.c.obj
                0x100005d4                running_on_fpga
 .text.uart_set_baudrate
                0x100005e8       0x64 CMakeFiles/lora_uart.dir/C_/Users/savao/Documents/Pico/pico-sdk/src/rp2_common/hardware_uart/uart.c.obj
                0x100005e8                uart_set_baudrate
 .text.uart_set_translate_crlf
                0x1000064c       0x28 CMakeFiles/lora_uart.dir/C_/Users/savao/Documents/Pico/pico-sdk/src/rp2_common/hardware_uart/uart.c.obj
                0x1000064c                uart_set_translate_crlf
 .text.uart_init
                0x10000674       0x80 CMakeFiles/lora_uart.dir/C_/Users/savao/Documents/Pico/pico-sdk/src/rp2_common/hardware_uart/uart.c.obj
                0x10000674                uart_init
 .text.sev_callback
                0x100006f4        0x8 CMakeFiles/lora_uart.dir/C_/Users/savao/Documents/Pico/pico-sdk/src/common/pico_time/time.c.obj
 .text.alarm_pool_post_alloc_init
                0x100006fc       0x40 CMakeFiles/lora_uart.dir/C_/Users/savao/Documents/Pico/pico-sdk/src/common/pico_time/time.c.obj
 .text.timer_pool_entry_comparator
                0x1000073c       0x7c CMakeFiles/lora_uart.dir/C_/Users/savao/Documents/Pico/pico-sdk/src/common/pico_time/time.c.obj
                0x1000073c                timer_pool_entry_comparator
 .text.ph_add_child_node
                0x100007b8       0xa4 CMakeFiles/lora_uart.dir/C_/Users/savao/Documents/Pico/pico-sdk/src/common/pico_time/time.c.obj
 .text.ph_merge_nodes
                0x1000085c       0x3e CMakeFiles/lora_uart.dir/C_/Users/savao/Documents/Pico/pico-sdk/src/common/pico_time/time.c.obj
 *fill*         0x1000089a        0x2 
 .text.add_alarm_under_lock
                0x1000089c      0x174 CMakeFiles/lora_uart.dir/C_/Users/savao/Documents/Pico/pico-sdk/src/common/pico_time/time.c.obj
 .text.alarm_pool_alarm_callback
                0x10000a10      0x328 CMakeFiles/lora_uart.dir/C_/Users/savao/Documents/Pico/pico-sdk/src/common/pico_time/time.c.obj
 .text.alarm_pool_init_default
                0x10000d38       0x2c CMakeFiles/lora_uart.dir/C_/Users/savao/Documents/Pico/pico-sdk/src/common/pico_time/time.c.obj
                0x10000d38                alarm_pool_init_default
 .text.alarm_pool_get_default
                0x10000d64       0x2c CMakeFiles/lora_uart.dir/C_/Users/savao/Documents/Pico/pico-sdk/src/common/pico_time/time.c.obj
                0x10000d64                alarm_pool_get_default
 .text.alarm_pool_add_alarm_at
                0x10000d90      0x170 CMakeFiles/lora_uart.dir/C_/Users/savao/Documents/Pico/pico-sdk/src/common/pico_time/time.c.obj
                0x10000d90                alarm_pool_add_alarm_at
 .text.alarm_pool_cancel_alarm
                0x10000f00       0xec CMakeFiles/lora_uart.dir/C_/Users/savao/Documents/Pico/pico-sdk/src/common/pico_time/time.c.obj
                0x10000f00                alarm_pool_cancel_alarm
 .text.sleep_until
                0x10000fec       0xd4 CMakeFiles/lora_uart.dir/C_/Users/savao/Documents/Pico/pico-sdk/src/common/pico_time/time.c.obj
                0x10000fec                sleep_until
 .text.sleep_us
                0x100010c0       0x58 CMakeFiles/lora_uart.dir/C_/Users/savao/Documents/Pico/pico-sdk/src/common/pico_time/time.c.obj
                0x100010c0                sleep_us
 .text.sleep_ms
                0x10001118       0x14 CMakeFiles/lora_uart.dir/C_/Users/savao/Documents/Pico/pico-sdk/src/common/pico_time/time.c.obj
                0x10001118                sleep_ms
 .text.best_effort_wfe_or_timeout
                0x1000112c       0x80 CMakeFiles/lora_uart.dir/C_/Users/savao/Documents/Pico/pico-sdk/src/common/pico_time/time.c.obj
                0x1000112c                best_effort_wfe_or_timeout
 .text.hardware_alarm_irq_handler
                0x100011ac       0x8c CMakeFiles/lora_uart.dir/C_/Users/savao/Documents/Pico/pico-sdk/src/rp2_common/hardware_timer/timer.c.obj
 .text.hardware_alarm_claim
                0x10001238       0x18 CMakeFiles/lora_uart.dir/C_/Users/savao/Documents/Pico/pico-sdk/src/rp2_common/hardware_timer/timer.c.obj
                0x10001238                hardware_alarm_claim
 .text.time_us_64
                0x10001250       0x18 CMakeFiles/lora_uart.dir/C_/Users/savao/Documents/Pico/pico-sdk/src/rp2_common/hardware_timer/timer.c.obj
                0x10001250                time_us_64
 .text.busy_wait_until
                0x10001268       0x28 CMakeFiles/lora_uart.dir/C_/Users/savao/Documents/Pico/pico-sdk/src/rp2_common/hardware_timer/timer.c.obj
                0x10001268                busy_wait_until
 .text.hardware_alarm_set_callback
                0x10001290       0x90 CMakeFiles/lora_uart.dir/C_/Users/savao/Documents/Pico/pico-sdk/src/rp2_common/hardware_timer/timer.c.obj
                0x10001290                hardware_alarm_set_callback
 .text.hardware_alarm_set_target
                0x10001320       0xe8 CMakeFiles/lora_uart.dir/C_/Users/savao/Documents/Pico/pico-sdk/src/rp2_common/hardware_timer/timer.c.obj
                0x10001320                hardware_alarm_set_target
 .text.hardware_alarm_cancel
                0x10001408       0x40 CMakeFiles/lora_uart.dir/C_/Users/savao/Documents/Pico/pico-sdk/src/rp2_common/hardware_timer/timer.c.obj
                0x10001408                hardware_alarm_cancel
 .text.lock_init
                0x10001448       0x10 CMakeFiles/lora_uart.dir/C_/Users/savao/Documents/Pico/pico-sdk/src/common/pico_sync/lock_core.c.obj
                0x10001448                lock_init
 .text.mutex_init
                0x10001458       0x1a CMakeFiles/lora_uart.dir/C_/Users/savao/Documents/Pico/pico-sdk/src/common/pico_sync/mutex.c.obj
                0x10001458                mutex_init
 .text.critical_section_init_with_lock_num
                0x10001472        0xc CMakeFiles/lora_uart.dir/C_/Users/savao/Documents/Pico/pico-sdk/src/common/pico_sync/critical_section.c.obj
                0x10001472                critical_section_init_with_lock_num
 .text.critical_section_init
                0x1000147e       0x14 CMakeFiles/lora_uart.dir/C_/Users/savao/Documents/Pico/pico-sdk/src/common/pico_sync/critical_section.c.obj
                0x1000147e                critical_section_init
 *fill*         0x10001492        0x2 
 .text.ph_add_child_node
                0x10001494       0xa4 CMakeFiles/lora_uart.dir/C_/Users/savao/Documents/Pico/pico-sdk/src/common/pico_util/pheap.c.obj
 .text.ph_merge_nodes
                0x10001538       0x3e CMakeFiles/lora_uart.dir/C_/Users/savao/Documents/Pico/pico-sdk/src/common/pico_util/pheap.c.obj
 *fill*         0x10001576        0x2 
 .text.ph_clear
                0x10001578       0x70 CMakeFiles/lora_uart.dir/C_/Users/savao/Documents/Pico/pico-sdk/src/common/pico_util/pheap.c.obj
                0x10001578                ph_clear
 .text.ph_post_alloc_init
                0x100015e8        0xe CMakeFiles/lora_uart.dir/C_/Users/savao/Documents/Pico/pico-sdk/src/common/pico_util/pheap.c.obj
                0x100015e8                ph_post_alloc_init
 *fill*         0x100015f6        0x2 
 .text.ph_merge_two_pass
                0x100015f8       0xa8 CMakeFiles/lora_uart.dir/C_/Users/savao/Documents/Pico/pico-sdk/src/common/pico_util/pheap.c.obj
                0x100015f8                ph_merge_two_pass
 .text.ph_remove_any_head
                0x100016a0      0x108 CMakeFiles/lora_uart.dir/C_/Users/savao/Documents/Pico/pico-sdk/src/common/pico_util/pheap.c.obj
 .text.ph_remove_head
                0x100017a8       0x14 CMakeFiles/lora_uart.dir/C_/Users/savao/Documents/Pico/pico-sdk/src/common/pico_util/pheap.c.obj
                0x100017a8                ph_remove_head
 .text.ph_remove_and_free_node
                0x100017bc       0xf8 CMakeFiles/lora_uart.dir/C_/Users/savao/Documents/Pico/pico-sdk/src/common/pico_util/pheap.c.obj
                0x100017bc                ph_remove_and_free_node
 .text.runtime_init
                0x100018b4       0xcc CMakeFiles/lora_uart.dir/C_/Users/savao/Documents/Pico/pico-sdk/src/rp2_common/pico_runtime/runtime.c.obj
                0x100018b4                runtime_init
 .text._exit    0x10001980        0x4 CMakeFiles/lora_uart.dir/C_/Users/savao/Documents/Pico/pico-sdk/src/rp2_common/pico_runtime/runtime.c.obj
                0x10001980                _exit
 .text.exit     0x10001984        0x6 CMakeFiles/lora_uart.dir/C_/Users/savao/Documents/Pico/pico-sdk/src/rp2_common/pico_runtime/runtime.c.obj
                0x10001984                exit
 *fill*         0x1000198a        0x2 
 .text.__assert_func
                0x1000198c       0x3c CMakeFiles/lora_uart.dir/C_/Users/savao/Documents/Pico/pico-sdk/src/rp2_common/pico_runtime/runtime.c.obj
                0x1000198c                __assert_func
 .text.panic    0x100019c8       0x30 CMakeFiles/lora_uart.dir/C_/Users/savao/Documents/Pico/pico-sdk/src/rp2_common/pico_runtime/runtime.c.obj
                0x100019c8                panic
 .text.clock_configure
                0x100019f8       0xe8 CMakeFiles/lora_uart.dir/C_/Users/savao/Documents/Pico/pico-sdk/src/rp2_common/hardware_clocks/clocks.c.obj
                0x100019f8                clock_configure
 .text.clocks_init
                0x10001ae0      0x124 CMakeFiles/lora_uart.dir/C_/Users/savao/Documents/Pico/pico-sdk/src/rp2_common/hardware_clocks/clocks.c.obj
                0x10001ae0                clocks_init
 .text.clock_get_hz
                0x10001c04        0xc CMakeFiles/lora_uart.dir/C_/Users/savao/Documents/Pico/pico-sdk/src/rp2_common/hardware_clocks/clocks.c.obj
                0x10001c04                clock_get_hz
 .text.watchdog_start_tick
                0x10001c10       0x10 CMakeFiles/lora_uart.dir/C_/Users/savao/Documents/Pico/pico-sdk/src/rp2_common/hardware_watchdog/watchdog.c.obj
                0x10001c10                watchdog_start_tick
 .text.watchdog_update
                0x10001c20       0x14 CMakeFiles/lora_uart.dir/C_/Users/savao/Documents/Pico/pico-sdk/src/rp2_common/hardware_watchdog/watchdog.c.obj
                0x10001c20                watchdog_update
 .text._watchdog_enable
                0x10001c34       0x70 CMakeFiles/lora_uart.dir/C_/Users/savao/Documents/Pico/pico-sdk/src/rp2_common/hardware_watchdog/watchdog.c.obj
                0x10001c34                _watchdog_enable
 .text.watchdog_reboot
                0x10001ca4       0x48 CMakeFiles/lora_uart.dir/C_/Users/savao/Documents/Pico/pico-sdk/src/rp2_common/hardware_watchdog/watchdog.c.obj
                0x10001ca4                watchdog_reboot
 .text.xosc_init
                0x10001cec       0x28 CMakeFiles/lora_uart.dir/C_/Users/savao/Documents/Pico/pico-sdk/src/rp2_common/hardware_xosc/xosc.c.obj
                0x10001cec                xosc_init
 .text.pll_init
                0x10001d14       0xd0 CMakeFiles/lora_uart.dir/C_/Users/savao/Documents/Pico/pico-sdk/src/rp2_common/hardware_pll/pll.c.obj
                0x10001d14                pll_init
 .text.set_raw_irq_handler_and_unlock
                0x10001de4       0x28 CMakeFiles/lora_uart.dir/C_/Users/savao/Documents/Pico/pico-sdk/src/rp2_common/hardware_irq/irq.c.obj
 .text.make_branch
                0x10001e0c       0x34 CMakeFiles/lora_uart.dir/C_/Users/savao/Documents/Pico/pico-sdk/src/rp2_common/hardware_irq/irq.c.obj
 .text.insert_branch_and_link
                0x10001e40       0x40 CMakeFiles/lora_uart.dir/C_/Users/savao/Documents/Pico/pico-sdk/src/rp2_common/hardware_irq/irq.c.obj
 .text.irq_is_enabled
                0x10001e80       0x18 CMakeFiles/lora_uart.dir/C_/Users/savao/Documents/Pico/pico-sdk/src/rp2_common/hardware_irq/irq.c.obj
                0x10001e80                irq_is_enabled
 .text.irq_set_mask_enabled
                0x10001e98       0x20 CMakeFiles/lora_uart.dir/C_/Users/savao/Documents/Pico/pico-sdk/src/rp2_common/hardware_irq/irq.c.obj
                0x10001e98                irq_set_mask_enabled
 .text.irq_set_enabled
                0x10001eb8        0xe CMakeFiles/lora_uart.dir/C_/Users/savao/Documents/Pico/pico-sdk/src/rp2_common/hardware_irq/irq.c.obj
                0x10001eb8                irq_set_enabled
 *fill*         0x10001ec6        0x2 
 .text.irq_set_pending
                0x10001ec8       0x10 CMakeFiles/lora_uart.dir/C_/Users/savao/Documents/Pico/pico-sdk/src/rp2_common/hardware_irq/irq.c.obj
                0x10001ec8                irq_set_pending
 .text.irq_get_vtable_handler
                0x10001ed8       0x10 CMakeFiles/lora_uart.dir/C_/Users/savao/Documents/Pico/pico-sdk/src/rp2_common/hardware_irq/irq.c.obj
                0x10001ed8                irq_get_vtable_handler
 .text.irq_set_exclusive_handler
                0x10001ee8       0x54 CMakeFiles/lora_uart.dir/C_/Users/savao/Documents/Pico/pico-sdk/src/rp2_common/hardware_irq/irq.c.obj
                0x10001ee8                irq_set_exclusive_handler
 .text.irq_remove_handler
                0x10001f3c      0x1ac CMakeFiles/lora_uart.dir/C_/Users/savao/Documents/Pico/pico-sdk/src/rp2_common/hardware_irq/irq.c.obj
                0x10001f3c                irq_remove_handler
 .text.irq_set_priority
                0x100020e8       0x28 CMakeFiles/lora_uart.dir/C_/Users/savao/Documents/Pico/pico-sdk/src/rp2_common/hardware_irq/irq.c.obj
                0x100020e8                irq_set_priority
 .text.irq_add_tail_to_free_list
                0x10002110       0xf0 CMakeFiles/lora_uart.dir/C_/Users/savao/Documents/Pico/pico-sdk/src/rp2_common/hardware_irq/irq.c.obj
                0x10002110                irq_add_tail_to_free_list
 .text.irq_init_priorities
                0x10002200       0x16 CMakeFiles/lora_uart.dir/C_/Users/savao/Documents/Pico/pico-sdk/src/rp2_common/hardware_irq/irq.c.obj
                0x10002200                irq_init_priorities
 .text._out_null
                0x10002216        0x2 CMakeFiles/lora_uart.dir/C_/Users/savao/Documents/Pico/pico-sdk/src/rp2_common/pico_printf/printf.c.obj
 .text._out_fct
                0x10002218        0xe CMakeFiles/lora_uart.dir/C_/Users/savao/Documents/Pico/pico-sdk/src/rp2_common/pico_printf/printf.c.obj
 .text._atoi    0x10002226       0x24 CMakeFiles/lora_uart.dir/C_/Users/savao/Documents/Pico/pico-sdk/src/rp2_common/pico_printf/printf.c.obj
 .text._out_rev
                0x1000224a       0xae CMakeFiles/lora_uart.dir/C_/Users/savao/Documents/Pico/pico-sdk/src/rp2_common/pico_printf/printf.c.obj
 .text._ntoa_format
                0x100022f8      0x112 CMakeFiles/lora_uart.dir/C_/Users/savao/Documents/Pico/pico-sdk/src/rp2_common/pico_printf/printf.c.obj
 .text._ntoa_long
                0x1000240a       0xbc CMakeFiles/lora_uart.dir/C_/Users/savao/Documents/Pico/pico-sdk/src/rp2_common/pico_printf/printf.c.obj
 .text._ntoa_long_long
                0x100024c6       0xe2 CMakeFiles/lora_uart.dir/C_/Users/savao/Documents/Pico/pico-sdk/src/rp2_common/pico_printf/printf.c.obj
 .text._etoa    0x100025a8      0x414 CMakeFiles/lora_uart.dir/C_/Users/savao/Documents/Pico/pico-sdk/src/rp2_common/pico_printf/printf.c.obj
 .text._ftoa    0x100029bc      0x354 CMakeFiles/lora_uart.dir/C_/Users/savao/Documents/Pico/pico-sdk/src/rp2_common/pico_printf/printf.c.obj
 .text._vsnprintf
                0x10002d10      0x624 CMakeFiles/lora_uart.dir/C_/Users/savao/Documents/Pico/pico-sdk/src/rp2_common/pico_printf/printf.c.obj
 .text.vfctprintf
                0x10003334       0x20 CMakeFiles/lora_uart.dir/C_/Users/savao/Documents/Pico/pico-sdk/src/rp2_common/pico_printf/printf.c.obj
                0x10003334                vfctprintf
 .text          0x10003354       0x10 CMakeFiles/lora_uart.dir/C_/Users/savao/Documents/Pico/pico-sdk/src/rp2_common/pico_bit_ops/bit_ops_aeabi.S.obj
 .text.rom_func_lookup
                0x10003364       0x10 CMakeFiles/lora_uart.dir/C_/Users/savao/Documents/Pico/pico-sdk/src/rp2_common/pico_bootrom/bootrom.c.obj
                0x10003364                rom_func_lookup
 .text.rom_data_lookup
                0x10003374       0x10 CMakeFiles/lora_uart.dir/C_/Users/savao/Documents/Pico/pico-sdk/src/rp2_common/pico_bootrom/bootrom.c.obj
                0x10003374                rom_data_lookup
 .text.rom_funcs_lookup
                0x10003384       0x36 CMakeFiles/lora_uart.dir/C_/Users/savao/Documents/Pico/pico-sdk/src/rp2_common/pico_bootrom/bootrom.c.obj
                0x10003384                rom_funcs_lookup
 *fill*         0x100033ba        0x2 
 .text.__wrap___aeabi_idiv
                0x100033bc       0x58 CMakeFiles/lora_uart.dir/C_/Users/savao/Documents/Pico/pico-sdk/src/rp2_common/pico_divider/divider.S.obj
                0x100033bc                __wrap___aeabi_idivmod
                0x100033bc                divmod_s32s32
                0x100033bc                div_s32s32
                0x100033bc                __wrap___aeabi_idiv
                0x100033c4                divmod_s32s32_unsafe
                0x100033f0                divmod_s32s32_savestate
 .text.__wrap___aeabi_uidiv
                0x10003414       0x54 CMakeFiles/lora_uart.dir/C_/Users/savao/Documents/Pico/pico-sdk/src/rp2_common/pico_divider/divider.S.obj
                0x10003414                __wrap___aeabi_uidiv
                0x10003414                __wrap___aeabi_uidivmod
                0x10003414                div_u32u32
                0x10003414                divmod_u32u32
                0x1000341c                divmod_u32u32_unsafe
                0x10003444                divmod_u32u32_savestate
 .text.__wrap___aeabi_ldiv
                0x10003468      0x430 CMakeFiles/lora_uart.dir/C_/Users/savao/Documents/Pico/pico-sdk/src/rp2_common/pico_divider/divider.S.obj
                0x10003468                div_s64s64
                0x10003468                divmod_s64s64
                0x10003468                __wrap___aeabi_ldivmod
                0x100034a0                divmod_u64u64
                0x100034a0                div_u64u64
                0x100034a0                __wrap___aeabi_uldivmod
                0x100034b0                divmod_u64u64_savestate
                0x100034d8                divmod_s64s64_unsafe
                0x10003560                divmod_u64u64_unsafe
 .text.__wrap___aeabi_darithmetic
                0x10003898       0x54 CMakeFiles/lora_uart.dir/C_/Users/savao/Documents/Pico/pico-sdk/src/rp2_common/pico_double/double_aeabi.S.obj
                0x10003898                __wrap___aeabi_drsub
                0x1000389e                __wrap___aeabi_dsub
                0x100038b0                __wrap___aeabi_dadd
                0x100038c2                __wrap___aeabi_ddiv
                0x100038d4                __wrap___aeabi_dmul
 .text.__wrap___aeabi_cdcmple
                0x100038ec       0x6c CMakeFiles/lora_uart.dir/C_/Users/savao/Documents/Pico/pico-sdk/src/rp2_common/pico_double/double_aeabi.S.obj
                0x100038ec                __wrap___aeabi_cdrcmple
                0x100038fc                __wrap___aeabi_cdcmpeq
                0x100038fc                __wrap___aeabi_cdcmple
 .text.__wrap___aeabi_dcmplt
                0x10003958        0xc CMakeFiles/lora_uart.dir/C_/Users/savao/Documents/Pico/pico-sdk/src/rp2_common/pico_double/double_aeabi.S.obj
                0x10003958                __wrap___aeabi_dcmplt
 .text.__wrap___aeabi_dcmple
                0x10003964       0x10 CMakeFiles/lora_uart.dir/C_/Users/savao/Documents/Pico/pico-sdk/src/rp2_common/pico_double/double_aeabi.S.obj
                0x10003964                __wrap___aeabi_dcmple
 .text.__wrap___aeabi_dcmpge
                0x10003974       0x10 CMakeFiles/lora_uart.dir/C_/Users/savao/Documents/Pico/pico-sdk/src/rp2_common/pico_double/double_aeabi.S.obj
                0x10003974                __wrap___aeabi_dcmpge
 .text.__wrap___aeabi_dcmpgt
                0x10003984        0xa CMakeFiles/lora_uart.dir/C_/Users/savao/Documents/Pico/pico-sdk/src/rp2_common/pico_double/double_aeabi.S.obj
                0x10003984                __wrap___aeabi_dcmpgt
 .text.__wrap___aeabi_dcmpun
                0x1000398e       0x1c CMakeFiles/lora_uart.dir/C_/Users/savao/Documents/Pico/pico-sdk/src/rp2_common/pico_double/double_aeabi.S.obj
                0x1000398e                __wrap___aeabi_dcmpun
 *fill*         0x100039aa        0x2 
 .text.__wrap___aeabi_i2d
                0x100039ac       0x38 CMakeFiles/lora_uart.dir/C_/Users/savao/Documents/Pico/pico-sdk/src/rp2_common/pico_double/double_aeabi.S.obj
                0x100039ac                __wrap___aeabi_ui2d
                0x100039b4                __wrap___aeabi_i2d
 .text.__wrap___aeabi_d2iz
                0x100039e4       0x48 CMakeFiles/lora_uart.dir/C_/Users/savao/Documents/Pico/pico-sdk/src/rp2_common/pico_double/double_aeabi.S.obj
                0x100039e4                double2int_z
                0x100039e4                __wrap___aeabi_d2iz
 .text.__wrap___aeabi_d2uiz
                0x10003a2c       0x18 CMakeFiles/lora_uart.dir/C_/Users/savao/Documents/Pico/pico-sdk/src/rp2_common/pico_double/double_aeabi.S.obj
                0x10003a2c                __wrap___aeabi_d2uiz
                0x10003a2c                double2uint
 .text.__aeabi_double_init
                0x10003a44       0xb8 CMakeFiles/lora_uart.dir/C_/Users/savao/Documents/Pico/pico-sdk/src/rp2_common/pico_double/double_init_rom.c.obj
                0x10003a44                __aeabi_double_init
 .text.double_table_shim_on_use_helper
                0x10003afc       0x34 CMakeFiles/lora_uart.dir/C_/Users/savao/Documents/Pico/pico-sdk/src/rp2_common/pico_double/double_v1_rom_shim.S.obj
                0x10003afc                double_table_shim_on_use_helper
 .text.__wrap___aeabi_dsub
                0x10003b30       0x10 CMakeFiles/lora_uart.dir/C_/Users/savao/Documents/Pico/pico-sdk/src/rp2_common/pico_double/double_v1_rom_shim.S.obj
                0x10003b30                drsub_shim
                0x10003b36                dsub_shim
 .text.dadd_shim
                0x10003b40      0x15c CMakeFiles/lora_uart.dir/C_/Users/savao/Documents/Pico/pico-sdk/src/rp2_common/pico_double/double_v1_rom_shim.S.obj
                0x10003b40                dadd_shim
 .text.dmul_shim
                0x10003c9c      0x15c CMakeFiles/lora_uart.dir/C_/Users/savao/Documents/Pico/pico-sdk/src/rp2_common/pico_double/double_v1_rom_shim.S.obj
                0x10003c9c                dmul_shim
 .text.ddiv_shim
                0x10003df8      0x1b0 CMakeFiles/lora_uart.dir/C_/Users/savao/Documents/Pico/pico-sdk/src/rp2_common/pico_double/double_v1_rom_shim.S.obj
                0x10003df8                ddiv_shim
 .text.dcordic_rot_step
                0x10003fa8       0x7c CMakeFiles/lora_uart.dir/C_/Users/savao/Documents/Pico/pico-sdk/src/rp2_common/pico_double/double_v1_rom_shim.S.obj
                0x10003fa8                dcordic_rot_step
 .text.double2uint_shim
                0x10004024        0xe CMakeFiles/lora_uart.dir/C_/Users/savao/Documents/Pico/pico-sdk/src/rp2_common/pico_double/double_v1_rom_shim.S.obj
                0x10004024                double2uint_shim
                0x10004026                double2ufix_shim
 *fill*         0x10004032        0x2 
 .text.double2uint64_shim
                0x10004034       0x6c CMakeFiles/lora_uart.dir/C_/Users/savao/Documents/Pico/pico-sdk/src/rp2_common/pico_double/double_v1_rom_shim.S.obj
                0x10004034                double2uint64_shim
                0x10004036                double2ufix64_shim
                0x10004050                d2fix_a
 .text.dunpacks
                0x100040a0       0x3c CMakeFiles/lora_uart.dir/C_/Users/savao/Documents/Pico/pico-sdk/src/rp2_common/pico_double/double_v1_rom_shim.S.obj
                0x100040a0                dunpacks
 .text.__aeabi_lmul
                0x100040dc       0x32 CMakeFiles/lora_uart.dir/C_/Users/savao/Documents/Pico/pico-sdk/src/rp2_common/pico_int64_ops/pico_int64_ops_aeabi.S.obj
                0x100040dc                __wrap___aeabi_lmul
 *fill*         0x1000410e        0x2 
 .text.__aeabi_float_init
                0x10004110       0xfc CMakeFiles/lora_uart.dir/C_/Users/savao/Documents/Pico/pico-sdk/src/rp2_common/pico_float/float_init_rom.c.obj
                0x10004110                __aeabi_float_init
 .text.float_table_shim_on_use_helper
                0x1000420c       0x34 CMakeFiles/lora_uart.dir/C_/Users/savao/Documents/Pico/pico-sdk/src/rp2_common/pico_float/float_v1_rom_shim.S.obj
                0x1000420c                float_table_shim_on_use_helper
 .text          0x10004240       0x10 CMakeFiles/lora_uart.dir/C_/Users/savao/Documents/Pico/pico-sdk/src/rp2_common/pico_mem_ops/mem_ops_aeabi.S.obj
                0x10004240                __aeabi_mem_init
 .text.memset   0x10004250        0xc CMakeFiles/lora_uart.dir/C_/Users/savao/Documents/Pico/pico-sdk/src/rp2_common/pico_mem_ops/mem_ops_aeabi.S.obj
                0x10004250                __wrap_memset
 .text.memcpy   0x1000425c        0xc CMakeFiles/lora_uart.dir/C_/Users/savao/Documents/Pico/pico-sdk/src/rp2_common/pico_mem_ops/mem_ops_aeabi.S.obj
                0x1000425c                __wrap_memcpy
                0x1000425c                __wrap___aeabi_memcpy
 .text.stdio_out_chars_crlf
                0x10004268       0x80 CMakeFiles/lora_uart.dir/C_/Users/savao/Documents/Pico/pico-sdk/src/rp2_common/pico_stdio/stdio.c.obj
 .text.stdio_stack_buffer_flush
                0x100042e8       0x44 CMakeFiles/lora_uart.dir/C_/Users/savao/Documents/Pico/pico-sdk/src/rp2_common/pico_stdio/stdio.c.obj
 .text.stdio_buffered_printer
                0x1000432c       0x20 CMakeFiles/lora_uart.dir/C_/Users/savao/Documents/Pico/pico-sdk/src/rp2_common/pico_stdio/stdio.c.obj
 .text.stdout_serialize_begin
                0x1000434c       0x2c CMakeFiles/lora_uart.dir/C_/Users/savao/Documents/Pico/pico-sdk/src/rp2_common/pico_stdio/stdio.c.obj
                0x1000434c                stdout_serialize_begin
 .text.stdout_serialize_end
                0x10004378       0x10 CMakeFiles/lora_uart.dir/C_/Users/savao/Documents/Pico/pico-sdk/src/rp2_common/pico_stdio/stdio.c.obj
                0x10004378                stdout_serialize_end
 .text.stdio_put_string
                0x10004388       0x84 CMakeFiles/lora_uart.dir/C_/Users/savao/Documents/Pico/pico-sdk/src/rp2_common/pico_stdio/stdio.c.obj
 .text.stdio_set_driver_enabled
                0x1000440c       0x38 CMakeFiles/lora_uart.dir/C_/Users/savao/Documents/Pico/pico-sdk/src/rp2_common/pico_stdio/stdio.c.obj
                0x1000440c                stdio_set_driver_enabled
 .text.stdio_flush
                0x10004444       0x20 CMakeFiles/lora_uart.dir/C_/Users/savao/Documents/Pico/pico-sdk/src/rp2_common/pico_stdio/stdio.c.obj
                0x10004444                stdio_flush
 .text.__wrap_puts
                0x10004464       0x1c CMakeFiles/lora_uart.dir/C_/Users/savao/Documents/Pico/pico-sdk/src/rp2_common/pico_stdio/stdio.c.obj
                0x10004464                __wrap_puts
 .text.__wrap_vprintf
                0x10004480       0x44 CMakeFiles/lora_uart.dir/C_/Users/savao/Documents/Pico/pico-sdk/src/rp2_common/pico_stdio/stdio.c.obj
                0x10004480                __wrap_vprintf
 .text.__wrap_printf
                0x100044c4       0x18 CMakeFiles/lora_uart.dir/C_/Users/savao/Documents/Pico/pico-sdk/src/rp2_common/pico_stdio/stdio.c.obj
                0x100044c4                __wrap_printf
 .text.stdio_init_all
                0x100044dc        0x8 CMakeFiles/lora_uart.dir/C_/Users/savao/Documents/Pico/pico-sdk/src/rp2_common/pico_stdio/stdio.c.obj
                0x100044dc                stdio_init_all
 .text.resetd_init
                0x100044e4        0x2 CMakeFiles/lora_uart.dir/C_/Users/savao/Documents/Pico/pico-sdk/src/rp2_common/pico_stdio_usb/reset_interface.c.obj
 *fill*         0x100044e6        0x2 
 .text.resetd_reset
                0x100044e8        0xc CMakeFiles/lora_uart.dir/C_/Users/savao/Documents/Pico/pico-sdk/src/rp2_common/pico_stdio_usb/reset_interface.c.obj
 .text.resetd_open
                0x100044f4       0x34 CMakeFiles/lora_uart.dir/C_/Users/savao/Documents/Pico/pico-sdk/src/rp2_common/pico_stdio_usb/reset_interface.c.obj
 .text.resetd_control_complete_cb
                0x10004528        0x4 CMakeFiles/lora_uart.dir/C_/Users/savao/Documents/Pico/pico-sdk/src/rp2_common/pico_stdio_usb/reset_interface.c.obj
 .text.resetd_xfer_cb
                0x1000452c        0x4 CMakeFiles/lora_uart.dir/C_/Users/savao/Documents/Pico/pico-sdk/src/rp2_common/pico_stdio_usb/reset_interface.c.obj
 .text.reset_usb_boot
                0x10004530       0x18 CMakeFiles/lora_uart.dir/C_/Users/savao/Documents/Pico/pico-sdk/src/rp2_common/pico_stdio_usb/reset_interface.c.obj
 .text.resetd_control_request_cb
                0x10004548       0x58 CMakeFiles/lora_uart.dir/C_/Users/savao/Documents/Pico/pico-sdk/src/rp2_common/pico_stdio_usb/reset_interface.c.obj
 .text.usbd_app_driver_get_cb
                0x100045a0        0xc CMakeFiles/lora_uart.dir/C_/Users/savao/Documents/Pico/pico-sdk/src/rp2_common/pico_stdio_usb/reset_interface.c.obj
                0x100045a0                usbd_app_driver_get_cb
 .text.tud_cdc_line_coding_cb
                0x100045ac       0x28 CMakeFiles/lora_uart.dir/C_/Users/savao/Documents/Pico/pico-sdk/src/rp2_common/pico_stdio_usb/reset_interface.c.obj
                0x100045ac                tud_cdc_line_coding_cb
 .text.stdio_usb_in_chars
                0x100045d4       0x70 CMakeFiles/lora_uart.dir/C_/Users/savao/Documents/Pico/pico-sdk/src/rp2_common/pico_stdio_usb/stdio_usb.c.obj
                0x100045d4                stdio_usb_in_chars
 .text.low_priority_worker_irq
                0x10004644       0x20 CMakeFiles/lora_uart.dir/C_/Users/savao/Documents/Pico/pico-sdk/src/rp2_common/pico_stdio_usb/stdio_usb.c.obj
 .text.stdio_usb_out_chars
                0x10004664       0xd4 CMakeFiles/lora_uart.dir/C_/Users/savao/Documents/Pico/pico-sdk/src/rp2_common/pico_stdio_usb/stdio_usb.c.obj
 .text.timer_task
                0x10004738       0x10 CMakeFiles/lora_uart.dir/C_/Users/savao/Documents/Pico/pico-sdk/src/rp2_common/pico_stdio_usb/stdio_usb.c.obj
 .text.stdio_usb_init
                0x10004748       0xb8 CMakeFiles/lora_uart.dir/C_/Users/savao/Documents/Pico/pico-sdk/src/rp2_common/pico_stdio_usb/stdio_usb.c.obj
                0x10004748                stdio_usb_init
 .text.tud_descriptor_device_cb
                0x10004800        0x8 CMakeFiles/lora_uart.dir/C_/Users/savao/Documents/Pico/pico-sdk/src/rp2_common/pico_stdio_usb/stdio_usb_descriptors.c.obj
                0x10004800                tud_descriptor_device_cb
 .text.tud_descriptor_configuration_cb
                0x10004808        0x8 CMakeFiles/lora_uart.dir/C_/Users/savao/Documents/Pico/pico-sdk/src/rp2_common/pico_stdio_usb/stdio_usb_descriptors.c.obj
                0x10004808                tud_descriptor_configuration_cb
 .text.tud_descriptor_string_cb
                0x10004810       0x50 CMakeFiles/lora_uart.dir/C_/Users/savao/Documents/Pico/pico-sdk/src/rp2_common/pico_stdio_usb/stdio_usb_descriptors.c.obj
                0x10004810                tud_descriptor_string_cb
 .text.hw_endpoint_get_by_addr
                0x10004860       0x1c CMakeFiles/lora_uart.dir/C_/Users/savao/Documents/Pico/pico-sdk/lib/tinyusb/src/portable/raspberrypi/rp2040/dcd_rp2040.c.obj
 .text.reset_ep0
                0x1000487c       0x2c CMakeFiles/lora_uart.dir/C_/Users/savao/Documents/Pico/pico-sdk/lib/tinyusb/src/portable/raspberrypi/rp2040/dcd_rp2040.c.obj
 .text._hw_endpoint_alloc
                0x100048a8       0x7c CMakeFiles/lora_uart.dir/C_/Users/savao/Documents/Pico/pico-sdk/lib/tinyusb/src/portable/raspberrypi/rp2040/dcd_rp2040.c.obj
 .text._hw_endpoint_init
                0x10004924       0xbc CMakeFiles/lora_uart.dir/C_/Users/savao/Documents/Pico/pico-sdk/lib/tinyusb/src/portable/raspberrypi/rp2040/dcd_rp2040.c.obj
 .text.hw_endpoint_init
                0x100049e0       0x18 CMakeFiles/lora_uart.dir/C_/Users/savao/Documents/Pico/pico-sdk/lib/tinyusb/src/portable/raspberrypi/rp2040/dcd_rp2040.c.obj
 .text.hw_handle_buff_status
                0x100049f8       0xb8 CMakeFiles/lora_uart.dir/C_/Users/savao/Documents/Pico/pico-sdk/lib/tinyusb/src/portable/raspberrypi/rp2040/dcd_rp2040.c.obj
 .text.dcd_rp2040_irq
                0x10004ab0       0x8c CMakeFiles/lora_uart.dir/C_/Users/savao/Documents/Pico/pico-sdk/lib/tinyusb/src/portable/raspberrypi/rp2040/dcd_rp2040.c.obj
 .text.hw_endpoint_xfer
                0x10004b3c       0x18 CMakeFiles/lora_uart.dir/C_/Users/savao/Documents/Pico/pico-sdk/lib/tinyusb/src/portable/raspberrypi/rp2040/dcd_rp2040.c.obj
 .text.ep0_0len_status
                0x10004b54       0x14 CMakeFiles/lora_uart.dir/C_/Users/savao/Documents/Pico/pico-sdk/lib/tinyusb/src/portable/raspberrypi/rp2040/dcd_rp2040.c.obj
 .text._hw_endpoint_stall
                0x10004b68       0x54 CMakeFiles/lora_uart.dir/C_/Users/savao/Documents/Pico/pico-sdk/lib/tinyusb/src/portable/raspberrypi/rp2040/dcd_rp2040.c.obj
 .text.hw_endpoint_stall
                0x10004bbc        0xc CMakeFiles/lora_uart.dir/C_/Users/savao/Documents/Pico/pico-sdk/lib/tinyusb/src/portable/raspberrypi/rp2040/dcd_rp2040.c.obj
 .text._hw_endpoint_clear_stall
                0x10004bc8       0x34 CMakeFiles/lora_uart.dir/C_/Users/savao/Documents/Pico/pico-sdk/lib/tinyusb/src/portable/raspberrypi/rp2040/dcd_rp2040.c.obj
 .text.hw_endpoint_clear_stall
                0x10004bfc        0xc CMakeFiles/lora_uart.dir/C_/Users/savao/Documents/Pico/pico-sdk/lib/tinyusb/src/portable/raspberrypi/rp2040/dcd_rp2040.c.obj
 .text.dcd_int_enable
                0x10004c08       0x2c CMakeFiles/lora_uart.dir/C_/Users/savao/Documents/Pico/pico-sdk/lib/tinyusb/src/portable/raspberrypi/rp2040/dcd_rp2040.c.obj
                0x10004c08                dcd_int_enable
 .text.dcd_set_address
                0x10004c34       0x30 CMakeFiles/lora_uart.dir/C_/Users/savao/Documents/Pico/pico-sdk/lib/tinyusb/src/portable/raspberrypi/rp2040/dcd_rp2040.c.obj
                0x10004c34                dcd_set_address
 .text.dcd_connect
                0x10004c64       0x30 CMakeFiles/lora_uart.dir/C_/Users/savao/Documents/Pico/pico-sdk/lib/tinyusb/src/portable/raspberrypi/rp2040/dcd_rp2040.c.obj
                0x10004c64                dcd_connect
 .text.dcd_init
                0x10004c94       0x90 CMakeFiles/lora_uart.dir/C_/Users/savao/Documents/Pico/pico-sdk/lib/tinyusb/src/portable/raspberrypi/rp2040/dcd_rp2040.c.obj
                0x10004c94                dcd_init
 .text.dcd_edpt0_status_complete
                0x10004d24       0x44 CMakeFiles/lora_uart.dir/C_/Users/savao/Documents/Pico/pico-sdk/lib/tinyusb/src/portable/raspberrypi/rp2040/dcd_rp2040.c.obj
                0x10004d24                dcd_edpt0_status_complete
 .text.dcd_edpt_open
                0x10004d68       0x40 CMakeFiles/lora_uart.dir/C_/Users/savao/Documents/Pico/pico-sdk/lib/tinyusb/src/portable/raspberrypi/rp2040/dcd_rp2040.c.obj
                0x10004d68                dcd_edpt_open
 .text.dcd_edpt_xfer
                0x10004da8       0x34 CMakeFiles/lora_uart.dir/C_/Users/savao/Documents/Pico/pico-sdk/lib/tinyusb/src/portable/raspberrypi/rp2040/dcd_rp2040.c.obj
                0x10004da8                dcd_edpt_xfer
 .text.dcd_edpt_stall
                0x10004ddc       0x28 CMakeFiles/lora_uart.dir/C_/Users/savao/Documents/Pico/pico-sdk/lib/tinyusb/src/portable/raspberrypi/rp2040/dcd_rp2040.c.obj
                0x10004ddc                dcd_edpt_stall
 .text.dcd_edpt_clear_stall
                0x10004e04       0x28 CMakeFiles/lora_uart.dir/C_/Users/savao/Documents/Pico/pico-sdk/lib/tinyusb/src/portable/raspberrypi/rp2040/dcd_rp2040.c.obj
                0x10004e04                dcd_edpt_clear_stall
 .text.rp2040_usb_init
                0x10004e2c       0x50 CMakeFiles/lora_uart.dir/C_/Users/savao/Documents/Pico/pico-sdk/lib/tinyusb/src/portable/raspberrypi/rp2040/rp2040_usb.c.obj
                0x10004e2c                rp2040_usb_init
 .text.hw_endpoint_reset_transfer
                0x10004e7c       0x14 CMakeFiles/lora_uart.dir/C_/Users/savao/Documents/Pico/pico-sdk/lib/tinyusb/src/portable/raspberrypi/rp2040/rp2040_usb.c.obj
                0x10004e7c                hw_endpoint_reset_transfer
 .text._hw_endpoint_buffer_control_update32
                0x10004e90       0x54 CMakeFiles/lora_uart.dir/C_/Users/savao/Documents/Pico/pico-sdk/lib/tinyusb/src/portable/raspberrypi/rp2040/rp2040_usb.c.obj
                0x10004e90                _hw_endpoint_buffer_control_update32
 .text._hw_endpoint_start_next_buffer
                0x10004ee4       0x5a CMakeFiles/lora_uart.dir/C_/Users/savao/Documents/Pico/pico-sdk/lib/tinyusb/src/portable/raspberrypi/rp2040/rp2040_usb.c.obj
                0x10004ee4                _hw_endpoint_start_next_buffer
 .text._hw_endpoint_xfer_start
                0x10004f3e       0x46 CMakeFiles/lora_uart.dir/C_/Users/savao/Documents/Pico/pico-sdk/lib/tinyusb/src/portable/raspberrypi/rp2040/rp2040_usb.c.obj
                0x10004f3e                _hw_endpoint_xfer_start
 .text._hw_endpoint_xfer_sync
                0x10004f84       0x74 CMakeFiles/lora_uart.dir/C_/Users/savao/Documents/Pico/pico-sdk/lib/tinyusb/src/portable/raspberrypi/rp2040/rp2040_usb.c.obj
                0x10004f84                _hw_endpoint_xfer_sync
 .text._hw_endpoint_xfer_continue
                0x10004ff8       0x58 CMakeFiles/lora_uart.dir/C_/Users/savao/Documents/Pico/pico-sdk/lib/tinyusb/src/portable/raspberrypi/rp2040/rp2040_usb.c.obj
                0x10004ff8                _hw_endpoint_xfer_continue
 .text._hw_endpoint_xfer
                0x10005050       0x34 CMakeFiles/lora_uart.dir/C_/Users/savao/Documents/Pico/pico-sdk/lib/tinyusb/src/portable/raspberrypi/rp2040/rp2040_usb.c.obj
                0x10005050                _hw_endpoint_xfer
 .text.mark_interface_endpoint
                0x10005084       0x2a CMakeFiles/lora_uart.dir/C_/Users/savao/Documents/Pico/pico-sdk/lib/tinyusb/src/device/usbd.c.obj
 *fill*         0x100050ae        0x2 
 .text.usbd_reset
                0x100050b0       0x88 CMakeFiles/lora_uart.dir/C_/Users/savao/Documents/Pico/pico-sdk/lib/tinyusb/src/device/usbd.c.obj
 .text.invoke_class_control
                0x10005138       0x18 CMakeFiles/lora_uart.dir/C_/Users/savao/Documents/Pico/pico-sdk/lib/tinyusb/src/device/usbd.c.obj
 .text.process_set_config
                0x10005150      0x1d0 CMakeFiles/lora_uart.dir/C_/Users/savao/Documents/Pico/pico-sdk/lib/tinyusb/src/device/usbd.c.obj
 .text.process_get_descriptor
                0x10005320       0xf4 CMakeFiles/lora_uart.dir/C_/Users/savao/Documents/Pico/pico-sdk/lib/tinyusb/src/device/usbd.c.obj
 .text.tud_mounted
                0x10005414       0x10 CMakeFiles/lora_uart.dir/C_/Users/savao/Documents/Pico/pico-sdk/lib/tinyusb/src/device/usbd.c.obj
                0x10005414                tud_mounted
 .text.tud_suspended
                0x10005424       0x10 CMakeFiles/lora_uart.dir/C_/Users/savao/Documents/Pico/pico-sdk/lib/tinyusb/src/device/usbd.c.obj
                0x10005424                tud_suspended
 .text.tud_init
                0x10005434       0xb8 CMakeFiles/lora_uart.dir/C_/Users/savao/Documents/Pico/pico-sdk/lib/tinyusb/src/device/usbd.c.obj
                0x10005434                tud_init
 .text.dcd_event_handler
                0x100054ec      0x1c4 CMakeFiles/lora_uart.dir/C_/Users/savao/Documents/Pico/pico-sdk/lib/tinyusb/src/device/usbd.c.obj
                0x100054ec                dcd_event_handler
 .text.dcd_event_bus_signal
                0x100056b0       0x26 CMakeFiles/lora_uart.dir/C_/Users/savao/Documents/Pico/pico-sdk/lib/tinyusb/src/device/usbd.c.obj
                0x100056b0                dcd_event_bus_signal
 .text.dcd_event_setup_received
                0x100056d6       0x34 CMakeFiles/lora_uart.dir/C_/Users/savao/Documents/Pico/pico-sdk/lib/tinyusb/src/device/usbd.c.obj
                0x100056d6                dcd_event_setup_received
 .text.dcd_event_xfer_complete
                0x1000570a       0x44 CMakeFiles/lora_uart.dir/C_/Users/savao/Documents/Pico/pico-sdk/lib/tinyusb/src/device/usbd.c.obj
                0x1000570a                dcd_event_xfer_complete
 .text.usbd_edpt_open
                0x1000574e        0x8 CMakeFiles/lora_uart.dir/C_/Users/savao/Documents/Pico/pico-sdk/lib/tinyusb/src/device/usbd.c.obj
                0x1000574e                usbd_edpt_open
 *fill*         0x10005756        0x2 
 .text.usbd_open_edpt_pair
                0x10005758       0x8c CMakeFiles/lora_uart.dir/C_/Users/savao/Documents/Pico/pico-sdk/lib/tinyusb/src/device/usbd.c.obj
                0x10005758                usbd_open_edpt_pair
 .text.usbd_edpt_claim
                0x100057e4       0x8c CMakeFiles/lora_uart.dir/C_/Users/savao/Documents/Pico/pico-sdk/lib/tinyusb/src/device/usbd.c.obj
                0x100057e4                usbd_edpt_claim
 .text.usbd_edpt_release
                0x10005870       0x68 CMakeFiles/lora_uart.dir/C_/Users/savao/Documents/Pico/pico-sdk/lib/tinyusb/src/device/usbd.c.obj
                0x10005870                usbd_edpt_release
 .text.usbd_edpt_xfer
                0x100058d8       0x80 CMakeFiles/lora_uart.dir/C_/Users/savao/Documents/Pico/pico-sdk/lib/tinyusb/src/device/usbd.c.obj
                0x100058d8                usbd_edpt_xfer
 .text.usbd_edpt_stall
                0x10005958       0x2c CMakeFiles/lora_uart.dir/C_/Users/savao/Documents/Pico/pico-sdk/lib/tinyusb/src/device/usbd.c.obj
                0x10005958                usbd_edpt_stall
 .text.usbd_edpt_clear_stall
                0x10005984       0x2c CMakeFiles/lora_uart.dir/C_/Users/savao/Documents/Pico/pico-sdk/lib/tinyusb/src/device/usbd.c.obj
                0x10005984                usbd_edpt_clear_stall
 .text.usbd_edpt_stalled
                0x100059b0       0x1c CMakeFiles/lora_uart.dir/C_/Users/savao/Documents/Pico/pico-sdk/lib/tinyusb/src/device/usbd.c.obj
                0x100059b0                usbd_edpt_stalled
 .text.process_control_request
                0x100059cc      0x37c CMakeFiles/lora_uart.dir/C_/Users/savao/Documents/Pico/pico-sdk/lib/tinyusb/src/device/usbd.c.obj
 .text.tud_task
                0x10005d48      0x204 CMakeFiles/lora_uart.dir/C_/Users/savao/Documents/Pico/pico-sdk/lib/tinyusb/src/device/usbd.c.obj
                0x10005d48                tud_task
 .text._data_stage_xact
                0x10005f4c       0x58 CMakeFiles/lora_uart.dir/C_/Users/savao/Documents/Pico/pico-sdk/lib/tinyusb/src/device/usbd_control.c.obj
 .text.tud_control_status
                0x10005fa4       0x38 CMakeFiles/lora_uart.dir/C_/Users/savao/Documents/Pico/pico-sdk/lib/tinyusb/src/device/usbd_control.c.obj
                0x10005fa4                tud_control_status
 .text.tud_control_xfer
                0x10005fdc       0xa8 CMakeFiles/lora_uart.dir/C_/Users/savao/Documents/Pico/pico-sdk/lib/tinyusb/src/device/usbd_control.c.obj
                0x10005fdc                tud_control_xfer
 .text.usbd_control_reset
                0x10006084       0x14 CMakeFiles/lora_uart.dir/C_/Users/savao/Documents/Pico/pico-sdk/lib/tinyusb/src/device/usbd_control.c.obj
                0x10006084                usbd_control_reset
 .text.usbd_control_set_complete_callback
                0x10006098        0xc CMakeFiles/lora_uart.dir/C_/Users/savao/Documents/Pico/pico-sdk/lib/tinyusb/src/device/usbd_control.c.obj
                0x10006098                usbd_control_set_complete_callback
 .text.usbd_control_set_request
                0x100060a4       0x1c CMakeFiles/lora_uart.dir/C_/Users/savao/Documents/Pico/pico-sdk/lib/tinyusb/src/device/usbd_control.c.obj
                0x100060a4                usbd_control_set_request
 .text.usbd_control_xfer_cb
                0x100060c0       0xe8 CMakeFiles/lora_uart.dir/C_/Users/savao/Documents/Pico/pico-sdk/lib/tinyusb/src/device/usbd_control.c.obj
                0x100060c0                usbd_control_xfer_cb
 .text._prep_out_transaction
                0x100061a8       0x46 CMakeFiles/lora_uart.dir/C_/Users/savao/Documents/Pico/pico-sdk/lib/tinyusb/src/class/cdc/cdc_device.c.obj
 *fill*         0x100061ee        0x2 
 .text.tud_cdc_n_connected
                0x100061f0       0x48 CMakeFiles/lora_uart.dir/C_/Users/savao/Documents/Pico/pico-sdk/lib/tinyusb/src/class/cdc/cdc_device.c.obj
                0x100061f0                tud_cdc_n_connected
 .text.tud_cdc_n_available
                0x10006238       0x20 CMakeFiles/lora_uart.dir/C_/Users/savao/Documents/Pico/pico-sdk/lib/tinyusb/src/class/cdc/cdc_device.c.obj
                0x10006238                tud_cdc_n_available
 .text.tud_cdc_n_read
                0x10006258       0x30 CMakeFiles/lora_uart.dir/C_/Users/savao/Documents/Pico/pico-sdk/lib/tinyusb/src/class/cdc/cdc_device.c.obj
                0x10006258                tud_cdc_n_read
 .text.tud_cdc_n_write_flush
                0x10006288       0xc4 CMakeFiles/lora_uart.dir/C_/Users/savao/Documents/Pico/pico-sdk/lib/tinyusb/src/class/cdc/cdc_device.c.obj
                0x10006288                tud_cdc_n_write_flush
 .text.tud_cdc_n_write
                0x1000634c       0x38 CMakeFiles/lora_uart.dir/C_/Users/savao/Documents/Pico/pico-sdk/lib/tinyusb/src/class/cdc/cdc_device.c.obj
                0x1000634c                tud_cdc_n_write
 .text.tud_cdc_n_write_available
                0x10006384       0x20 CMakeFiles/lora_uart.dir/C_/Users/savao/Documents/Pico/pico-sdk/lib/tinyusb/src/class/cdc/cdc_device.c.obj
                0x10006384                tud_cdc_n_write_available
 .text.cdcd_init
                0x100063a4       0xdc CMakeFiles/lora_uart.dir/C_/Users/savao/Documents/Pico/pico-sdk/lib/tinyusb/src/class/cdc/cdc_device.c.obj
                0x100063a4                cdcd_init
 .text.cdcd_reset
                0x10006480       0x44 CMakeFiles/lora_uart.dir/C_/Users/savao/Documents/Pico/pico-sdk/lib/tinyusb/src/class/cdc/cdc_device.c.obj
                0x10006480                cdcd_reset
 .text.cdcd_open
                0x100064c4      0x118 CMakeFiles/lora_uart.dir/C_/Users/savao/Documents/Pico/pico-sdk/lib/tinyusb/src/class/cdc/cdc_device.c.obj
                0x100064c4                cdcd_open
 .text.cdcd_control_complete
                0x100065dc       0x60 CMakeFiles/lora_uart.dir/C_/Users/savao/Documents/Pico/pico-sdk/lib/tinyusb/src/class/cdc/cdc_device.c.obj
                0x100065dc                cdcd_control_complete
 .text.cdcd_control_request
                0x1000663c       0x9c CMakeFiles/lora_uart.dir/C_/Users/savao/Documents/Pico/pico-sdk/lib/tinyusb/src/class/cdc/cdc_device.c.obj
                0x1000663c                cdcd_control_request
 .text.cdcd_xfer_cb
                0x100066d8      0x130 CMakeFiles/lora_uart.dir/C_/Users/savao/Documents/Pico/pico-sdk/lib/tinyusb/src/class/cdc/cdc_device.c.obj
                0x100066d8                cdcd_xfer_cb
 .text.tusb_init
                0x10006808       0x38 CMakeFiles/lora_uart.dir/C_/Users/savao/Documents/Pico/pico-sdk/lib/tinyusb/src/tusb.c.obj
                0x10006808                tusb_init
 .text.tusb_inited
                0x10006840        0xc CMakeFiles/lora_uart.dir/C_/Users/savao/Documents/Pico/pico-sdk/lib/tinyusb/src/tusb.c.obj
                0x10006840                tusb_inited
 .text.advance_pointer
                0x1000684c       0x1e CMakeFiles/lora_uart.dir/C_/Users/savao/Documents/Pico/pico-sdk/lib/tinyusb/src/common/tusb_fifo.c.obj
 .text.backward_pointer
                0x1000686a       0x1a CMakeFiles/lora_uart.dir/C_/Users/savao/Documents/Pico/pico-sdk/lib/tinyusb/src/common/tusb_fifo.c.obj
 .text.get_relative_pointer
                0x10006884       0x16 CMakeFiles/lora_uart.dir/C_/Users/savao/Documents/Pico/pico-sdk/lib/tinyusb/src/common/tusb_fifo.c.obj
 .text.tu_fifo_lock
                0x1000689a       0x12 CMakeFiles/lora_uart.dir/C_/Users/savao/Documents/Pico/pico-sdk/lib/tinyusb/src/common/tusb_fifo.c.obj
 .text.tu_fifo_unlock
                0x100068ac        0xe CMakeFiles/lora_uart.dir/C_/Users/savao/Documents/Pico/pico-sdk/lib/tinyusb/src/common/tusb_fifo.c.obj
 .text._tu_fifo_peek_at
                0x100068ba       0x66 CMakeFiles/lora_uart.dir/C_/Users/savao/Documents/Pico/pico-sdk/lib/tinyusb/src/common/tusb_fifo.c.obj
 .text._ff_pull_n
                0x10006920       0x4a CMakeFiles/lora_uart.dir/C_/Users/savao/Documents/Pico/pico-sdk/lib/tinyusb/src/common/tusb_fifo.c.obj
 .text._tu_fifo_peek_at_n
                0x1000696a       0x72 CMakeFiles/lora_uart.dir/C_/Users/savao/Documents/Pico/pico-sdk/lib/tinyusb/src/common/tusb_fifo.c.obj
 .text._ff_push_n
                0x100069dc       0x4a CMakeFiles/lora_uart.dir/C_/Users/savao/Documents/Pico/pico-sdk/lib/tinyusb/src/common/tusb_fifo.c.obj
 .text.tu_fifo_config
                0x10006a26       0x48 CMakeFiles/lora_uart.dir/C_/Users/savao/Documents/Pico/pico-sdk/lib/tinyusb/src/common/tusb_fifo.c.obj
                0x10006a26                tu_fifo_config
 .text.tu_fifo_count
                0x10006a6e       0x1c CMakeFiles/lora_uart.dir/C_/Users/savao/Documents/Pico/pico-sdk/lib/tinyusb/src/common/tusb_fifo.c.obj
                0x10006a6e                tu_fifo_count
 .text.tu_fifo_remaining
                0x10006a8a       0x20 CMakeFiles/lora_uart.dir/C_/Users/savao/Documents/Pico/pico-sdk/lib/tinyusb/src/common/tusb_fifo.c.obj
                0x10006a8a                tu_fifo_remaining
 .text.tu_fifo_read
                0x10006aaa       0x3a CMakeFiles/lora_uart.dir/C_/Users/savao/Documents/Pico/pico-sdk/lib/tinyusb/src/common/tusb_fifo.c.obj
                0x10006aaa                tu_fifo_read
 .text.tu_fifo_read_n
                0x10006ae4       0x3e CMakeFiles/lora_uart.dir/C_/Users/savao/Documents/Pico/pico-sdk/lib/tinyusb/src/common/tusb_fifo.c.obj
                0x10006ae4                tu_fifo_read_n
 .text.tu_fifo_write
                0x10006b22       0x5c CMakeFiles/lora_uart.dir/C_/Users/savao/Documents/Pico/pico-sdk/lib/tinyusb/src/common/tusb_fifo.c.obj
                0x10006b22                tu_fifo_write
 .text.tu_fifo_write_n
                0x10006b7e       0x7c CMakeFiles/lora_uart.dir/C_/Users/savao/Documents/Pico/pico-sdk/lib/tinyusb/src/common/tusb_fifo.c.obj
                0x10006b7e                tu_fifo_write_n
 .text.tu_fifo_clear
                0x10006bfa       0x18 CMakeFiles/lora_uart.dir/C_/Users/savao/Documents/Pico/pico-sdk/lib/tinyusb/src/common/tusb_fifo.c.obj
                0x10006bfa                tu_fifo_clear
 *fill*         0x10006c12        0x2 
 .text.strlen   0x10006c14       0x5c c:/progra~2/gnuarm~1/102020~1/bin/../lib/gcc/arm-none-eabi/10.2.1/../../../../arm-none-eabi/lib/thumb/v6-m/nofp\libg.a(lib_a-strlen-stub.o)
                0x10006c14                strlen
 *(.fini)
 .fini          0x10006c70        0x4 c:/progra~2/gnuarm~1/102020~1/bin/../lib/gcc/arm-none-eabi/10.2.1/thumb/v6-m/nofp/crti.o
                0x10006c70                _fini
 *fill*         0x10006c74        0x4 
 .fini.__stub   0x10006c78       0x60 linker stubs
 *crtbegin.o(.ctors)
 *crtbegin?.o(.ctors)
 *(EXCLUDE_FILE(*crtend.o *crtend?.o) .ctors)
 *(SORT_BY_NAME(.ctors.*))
 *(.ctors)
 *crtbegin.o(.dtors)
 *crtbegin?.o(.dtors)
 *(EXCLUDE_FILE(*crtend.o *crtend?.o) .dtors)
 *(SORT_BY_NAME(.dtors.*))
 *(.dtors)
 *(.eh_frame*)
 .eh_frame      0x10006cd8        0x0 c:/progra~2/gnuarm~1/102020~1/bin/../lib/gcc/arm-none-eabi/10.2.1/thumb/v6-m/nofp/crtbegin.o
                0x10006cd8                . = ALIGN (0x4)

.glue_7         0x10006cd8        0x0
 .glue_7        0x10006cd8        0x0 linker stubs

.glue_7t        0x10006cd8        0x0
 .glue_7t       0x10006cd8        0x0 linker stubs

.vfp11_veneer   0x10006cd8        0x0
 .vfp11_veneer  0x10006cd8        0x0 linker stubs

.v4_bx          0x10006cd8        0x0
 .v4_bx         0x10006cd8        0x0 linker stubs

.iplt           0x10006cd8        0x0
 .iplt          0x10006cd8        0x0 c:/progra~2/gnuarm~1/102020~1/bin/../lib/gcc/arm-none-eabi/10.2.1/thumb/v6-m/nofp/crtbegin.o

.rodata         0x10006cd8     0x1520
 *(EXCLUDE_FILE(*libm.a: *libc.a:*lib_a-mem*.o *libgcc.a:) .rodata*)
 .rodata.main.str1.4
                0x10006cd8       0x1b CMakeFiles/lora_uart.dir/main.c.obj
 *fill*         0x10006cf3        0x1 
 .rodata.spin_lock_claim_unused.str1.4
                0x10006cf4       0x1b CMakeFiles/lora_uart.dir/C_/Users/savao/Documents/Pico/pico-sdk/src/rp2_common/hardware_sync/sync.c.obj
 *fill*         0x10006d0f        0x1 
 .rodata.repeating_timer_callback.str1.4
                0x10006d10       0x57 CMakeFiles/lora_uart.dir/C_/Users/savao/Documents/Pico/pico-sdk/src/common/pico_time/time.c.obj
 *fill*         0x10006d67        0x1 
 .rodata.alarm_pool_dump_key.str1.4
                0x10006d68       0x33 CMakeFiles/lora_uart.dir/C_/Users/savao/Documents/Pico/pico-sdk/src/common/pico_time/time.c.obj
 *fill*         0x10006d9b        0x1 
 .rodata.ph_add_child_node.str1.4
                0x10006d9c       0xa2 CMakeFiles/lora_uart.dir/C_/Users/savao/Documents/Pico/pico-sdk/src/common/pico_time/time.c.obj
 *fill*         0x10006e3e        0x2 
 .rodata.add_alarm_under_lock.str1.4
                0x10006e40       0x28 CMakeFiles/lora_uart.dir/C_/Users/savao/Documents/Pico/pico-sdk/src/common/pico_time/time.c.obj
                                 0x2b (size before relaxing)
 .rodata.alarm_pool_alarm_callback.str1.4
                0x10006e68       0xf2 CMakeFiles/lora_uart.dir/C_/Users/savao/Documents/Pico/pico-sdk/src/common/pico_time/time.c.obj
 *fill*         0x10006f5a        0x2 
 .rodata.alarm_pool_get_default.str1.4
                0x10006f5c       0x21 CMakeFiles/lora_uart.dir/C_/Users/savao/Documents/Pico/pico-sdk/src/common/pico_time/time.c.obj
 *fill*         0x10006f7d        0x3 
 .rodata.alarm_pool_cancel_alarm.str1.4
                0x10006f80       0x27 CMakeFiles/lora_uart.dir/C_/Users/savao/Documents/Pico/pico-sdk/src/common/pico_time/time.c.obj
 *fill*         0x10006fa7        0x1 
 .rodata.sleep_until.str1.4
                0x10006fa8       0x4d CMakeFiles/lora_uart.dir/C_/Users/savao/Documents/Pico/pico-sdk/src/common/pico_time/time.c.obj
 *fill*         0x10006ff5        0x3 
 .rodata.__func__.1
                0x10006ff8       0x18 CMakeFiles/lora_uart.dir/C_/Users/savao/Documents/Pico/pico-sdk/src/common/pico_time/time.c.obj
 .rodata.__func__.10
                0x10007010       0x15 CMakeFiles/lora_uart.dir/C_/Users/savao/Documents/Pico/pico-sdk/src/common/pico_time/time.c.obj
 *fill*         0x10007025        0x3 
 .rodata.__func__.11
                0x10007028       0x1a CMakeFiles/lora_uart.dir/C_/Users/savao/Documents/Pico/pico-sdk/src/common/pico_time/time.c.obj
 *fill*         0x10007042        0x2 
 .rodata.__func__.12
                0x10007044        0xa CMakeFiles/lora_uart.dir/C_/Users/savao/Documents/Pico/pico-sdk/src/common/pico_time/time.c.obj
 *fill*         0x1000704e        0x2 
 .rodata.__func__.3
                0x10007050       0x17 CMakeFiles/lora_uart.dir/C_/Users/savao/Documents/Pico/pico-sdk/src/common/pico_time/time.c.obj
 *fill*         0x10007067        0x1 
 .rodata.__func__.4
                0x10007068       0x12 CMakeFiles/lora_uart.dir/C_/Users/savao/Documents/Pico/pico-sdk/src/common/pico_time/time.c.obj
 *fill*         0x1000707a        0x2 
 .rodata.__func__.5
                0x1000707c        0xd CMakeFiles/lora_uart.dir/C_/Users/savao/Documents/Pico/pico-sdk/src/common/pico_time/time.c.obj
 *fill*         0x10007089        0x3 
 .rodata.__func__.6
                0x1000708c       0x12 CMakeFiles/lora_uart.dir/C_/Users/savao/Documents/Pico/pico-sdk/src/common/pico_time/time.c.obj
 *fill*         0x1000709e        0x2 
 .rodata.__func__.7
                0x100070a0        0xf CMakeFiles/lora_uart.dir/C_/Users/savao/Documents/Pico/pico-sdk/src/common/pico_time/time.c.obj
 *fill*         0x100070af        0x1 
 .rodata.__func__.8
                0x100070b0        0xc CMakeFiles/lora_uart.dir/C_/Users/savao/Documents/Pico/pico-sdk/src/common/pico_time/time.c.obj
 .rodata.__func__.9
                0x100070bc       0x15 CMakeFiles/lora_uart.dir/C_/Users/savao/Documents/Pico/pico-sdk/src/common/pico_time/time.c.obj
 *fill*         0x100070d1        0x3 
 .rodata.hardware_alarm_claim.str1.4
                0x100070d4       0x22 CMakeFiles/lora_uart.dir/C_/Users/savao/Documents/Pico/pico-sdk/src/rp2_common/hardware_timer/timer.c.obj
 *fill*         0x100070f6        0x2 
 .rodata.hardware_alarm_set_target.str1.4
                0x100070f8       0x71 CMakeFiles/lora_uart.dir/C_/Users/savao/Documents/Pico/pico-sdk/src/rp2_common/hardware_timer/timer.c.obj
 *fill*         0x10007169        0x3 
 .rodata.__func__.0
                0x1000716c       0x1a CMakeFiles/lora_uart.dir/C_/Users/savao/Documents/Pico/pico-sdk/src/rp2_common/hardware_timer/timer.c.obj
 *fill*         0x10007186        0x2 
 .rodata.str1.4
                0x10007188       0x68 CMakeFiles/lora_uart.dir/C_/Users/savao/Documents/Pico/pico-sdk/src/common/pico_sync/mutex.c.obj
                                 0xd8 (size before relaxing)
 .rodata.__func__.0
                0x100071f0        0xb CMakeFiles/lora_uart.dir/C_/Users/savao/Documents/Pico/pico-sdk/src/common/pico_sync/mutex.c.obj
 *fill*         0x100071fb        0x1 
 .rodata.__func__.1
                0x100071fc       0x18 CMakeFiles/lora_uart.dir/C_/Users/savao/Documents/Pico/pico-sdk/src/common/pico_sync/mutex.c.obj
 .rodata.__func__.2
                0x10007214       0x15 CMakeFiles/lora_uart.dir/C_/Users/savao/Documents/Pico/pico-sdk/src/common/pico_sync/mutex.c.obj
 *fill*         0x10007229        0x3 
 .rodata.__func__.3
                0x1000722c       0x15 CMakeFiles/lora_uart.dir/C_/Users/savao/Documents/Pico/pico-sdk/src/common/pico_sync/mutex.c.obj
 .rodata.ph_add_child_node.str1.4
                0x10007241       0xa2 CMakeFiles/lora_uart.dir/C_/Users/savao/Documents/Pico/pico-sdk/src/common/pico_util/pheap.c.obj
 *fill*         0x10007241        0x3 
 .rodata.ph_remove_any_head.str1.4
                0x10007244       0x98 CMakeFiles/lora_uart.dir/C_/Users/savao/Documents/Pico/pico-sdk/src/common/pico_util/pheap.c.obj
 .rodata.ph_remove_and_free_node.str1.4
                0x100072dc       0x26 CMakeFiles/lora_uart.dir/C_/Users/savao/Documents/Pico/pico-sdk/src/common/pico_util/pheap.c.obj
 *fill*         0x10007302        0x2 
 .rodata.__func__.0
                0x10007304       0x18 CMakeFiles/lora_uart.dir/C_/Users/savao/Documents/Pico/pico-sdk/src/common/pico_util/pheap.c.obj
 .rodata.__func__.1
                0x1000731c       0x13 CMakeFiles/lora_uart.dir/C_/Users/savao/Documents/Pico/pico-sdk/src/common/pico_util/pheap.c.obj
 *fill*         0x1000732f        0x1 
 .rodata.__func__.2
                0x10007330       0x12 CMakeFiles/lora_uart.dir/C_/Users/savao/Documents/Pico/pico-sdk/src/common/pico_util/pheap.c.obj
 *fill*         0x10007342        0x2 
 .rodata.__func__.3
                0x10007344        0xc CMakeFiles/lora_uart.dir/C_/Users/savao/Documents/Pico/pico-sdk/src/common/pico_util/pheap.c.obj
 .rodata.__assert_func.str1.4
                0x10007350       0x3f CMakeFiles/lora_uart.dir/C_/Users/savao/Documents/Pico/pico-sdk/src/rp2_common/pico_runtime/runtime.c.obj
                                 0x43 (size before relaxing)
 *fill*         0x1000738f        0x1 
 .rodata.panic.str1.4
                0x10007390       0x12 CMakeFiles/lora_uart.dir/C_/Users/savao/Documents/Pico/pico-sdk/src/rp2_common/pico_runtime/runtime.c.obj
 *fill*         0x100073a2        0x2 
 .rodata.clock_configure.str1.4
                0x100073a4       0x63 CMakeFiles/lora_uart.dir/C_/Users/savao/Documents/Pico/pico-sdk/src/rp2_common/hardware_clocks/clocks.c.obj
 *fill*         0x10007407        0x1 
 .rodata.__func__.1
                0x10007408       0x10 CMakeFiles/lora_uart.dir/C_/Users/savao/Documents/Pico/pico-sdk/src/rp2_common/hardware_clocks/clocks.c.obj
 .rodata.pll_init.str1.4
                0x10007418       0xe7 CMakeFiles/lora_uart.dir/C_/Users/savao/Documents/Pico/pico-sdk/src/rp2_common/hardware_pll/pll.c.obj
 *fill*         0x100074ff        0x1 
 .rodata.__func__.0
                0x10007500        0x9 CMakeFiles/lora_uart.dir/C_/Users/savao/Documents/Pico/pico-sdk/src/rp2_common/hardware_pll/pll.c.obj
 *fill*         0x10007509        0x3 
 .rodata.make_branch.str1.4
                0x1000750c       0x59 CMakeFiles/lora_uart.dir/C_/Users/savao/Documents/Pico/pico-sdk/src/rp2_common/hardware_irq/irq.c.obj
 *fill*         0x10007565        0x3 
 .rodata.irq_set_exclusive_handler.str1.4
                0x10007568       0x36 CMakeFiles/lora_uart.dir/C_/Users/savao/Documents/Pico/pico-sdk/src/rp2_common/hardware_irq/irq.c.obj
 *fill*         0x1000759e        0x2 
 .rodata.irq_add_shared_handler.str1.4
                0x100075a0       0xd9 CMakeFiles/lora_uart.dir/C_/Users/savao/Documents/Pico/pico-sdk/src/rp2_common/hardware_irq/irq.c.obj
 *fill*         0x10007679        0x3 
 .rodata.irq_remove_handler.str1.4
                0x1000767c       0x2a CMakeFiles/lora_uart.dir/C_/Users/savao/Documents/Pico/pico-sdk/src/rp2_common/hardware_irq/irq.c.obj
 *fill*         0x100076a6        0x2 
 .rodata.irq_add_tail_to_free_list.str1.4
                0x100076a8       0x32 CMakeFiles/lora_uart.dir/C_/Users/savao/Documents/Pico/pico-sdk/src/rp2_common/hardware_irq/irq.c.obj
                                 0x3a (size before relaxing)
 *fill*         0x100076da        0x2 
 .rodata.__func__.0
                0x100076dc       0x1a CMakeFiles/lora_uart.dir/C_/Users/savao/Documents/Pico/pico-sdk/src/rp2_common/hardware_irq/irq.c.obj
 *fill*         0x100076f6        0x2 
 .rodata.__func__.1
                0x100076f8       0x17 CMakeFiles/lora_uart.dir/C_/Users/savao/Documents/Pico/pico-sdk/src/rp2_common/hardware_irq/irq.c.obj
 *fill*         0x1000770f        0x1 
 .rodata.__func__.2
                0x10007710       0x13 CMakeFiles/lora_uart.dir/C_/Users/savao/Documents/Pico/pico-sdk/src/rp2_common/hardware_irq/irq.c.obj
 *fill*         0x10007723        0x1 
 .rodata.__func__.3
                0x10007724        0xc CMakeFiles/lora_uart.dir/C_/Users/savao/Documents/Pico/pico-sdk/src/rp2_common/hardware_irq/irq.c.obj
 .rodata.__func__.4
                0x10007730        0xf CMakeFiles/lora_uart.dir/C_/Users/savao/Documents/Pico/pico-sdk/src/rp2_common/hardware_irq/irq.c.obj
 *fill*         0x1000773f        0x1 
 .rodata.__func__.6
                0x10007740       0x1a CMakeFiles/lora_uart.dir/C_/Users/savao/Documents/Pico/pico-sdk/src/rp2_common/hardware_irq/irq.c.obj
 *fill*         0x1000775a        0x2 
 .rodata._ftoa.str1.4
                0x1000775c       0x15 CMakeFiles/lora_uart.dir/C_/Users/savao/Documents/Pico/pico-sdk/src/rp2_common/pico_printf/printf.c.obj
 *fill*         0x10007771        0x3 
 .rodata._vsnprintf
                0x10007774      0x1e0 CMakeFiles/lora_uart.dir/C_/Users/savao/Documents/Pico/pico-sdk/src/rp2_common/pico_printf/printf.c.obj
 *fill*         0x10007954        0x4 
 .rodata.pow10.0
                0x10007958       0x50 CMakeFiles/lora_uart.dir/C_/Users/savao/Documents/Pico/pico-sdk/src/rp2_common/pico_printf/printf.c.obj
 .rodata.__aeabi_double_init.str1.4
                0x100079a8       0xb4 CMakeFiles/lora_uart.dir/C_/Users/savao/Documents/Pico/pico-sdk/src/rp2_common/pico_double/double_init_rom.c.obj
 .rodata.__func__.0
                0x10007a5c       0x14 CMakeFiles/lora_uart.dir/C_/Users/savao/Documents/Pico/pico-sdk/src/rp2_common/pico_double/double_init_rom.c.obj
 .rodata.__aeabi_float_init.str1.4
                0x10007a70       0x86 CMakeFiles/lora_uart.dir/C_/Users/savao/Documents/Pico/pico-sdk/src/rp2_common/pico_float/float_init_rom.c.obj
                                 0x8a (size before relaxing)
 *fill*         0x10007af6        0x2 
 .rodata.__func__.0
                0x10007af8       0x13 CMakeFiles/lora_uart.dir/C_/Users/savao/Documents/Pico/pico-sdk/src/rp2_common/pico_float/float_init_rom.c.obj
 *fill*         0x10007b0b        0x1 
 .rodata.str1.4
                0x10007b0c       0x40 CMakeFiles/lora_uart.dir/C_/Users/savao/Documents/Pico/pico-sdk/src/rp2_common/pico_standard_link/binary_info.c.obj
 .rodata.__bi_44
                0x10007b4c        0xc CMakeFiles/lora_uart.dir/C_/Users/savao/Documents/Pico/pico-sdk/src/rp2_common/pico_standard_link/binary_info.c.obj
 .rodata.__bi_75
                0x10007b58        0xc CMakeFiles/lora_uart.dir/C_/Users/savao/Documents/Pico/pico-sdk/src/rp2_common/pico_standard_link/binary_info.c.obj
 .rodata.__bi_81
                0x10007b64        0xc CMakeFiles/lora_uart.dir/C_/Users/savao/Documents/Pico/pico-sdk/src/rp2_common/pico_standard_link/binary_info.c.obj
 .rodata.crlf_str.2
                0x10007b70        0x2 CMakeFiles/lora_uart.dir/C_/Users/savao/Documents/Pico/pico-sdk/src/rp2_common/pico_stdio/stdio.c.obj
 *fill*         0x10007b72        0x2 
 .rodata._resetd_driver
                0x10007b74       0x1c CMakeFiles/lora_uart.dir/C_/Users/savao/Documents/Pico/pico-sdk/src/rp2_common/pico_stdio_usb/reset_interface.c.obj
 .rodata.stdio_usb_init.str1.4
                0x10007b90       0x6d CMakeFiles/lora_uart.dir/C_/Users/savao/Documents/Pico/pico-sdk/src/rp2_common/pico_stdio_usb/stdio_usb.c.obj
 .rodata.str1.4
                0x10007b90       0x13 CMakeFiles/lora_uart.dir/C_/Users/savao/Documents/Pico/pico-sdk/src/rp2_common/pico_stdio_usb/stdio_usb.c.obj
 *fill*         0x10007ba3        0x1 
 .rodata.__bi_93.1
                0x10007ba4        0xc CMakeFiles/lora_uart.dir/C_/Users/savao/Documents/Pico/pico-sdk/src/rp2_common/pico_stdio_usb/stdio_usb.c.obj
 .rodata.__func__.0
                0x10007bb0       0x15 CMakeFiles/lora_uart.dir/C_/Users/savao/Documents/Pico/pico-sdk/src/rp2_common/pico_stdio_usb/stdio_usb.c.obj
 *fill*         0x10007bc5        0x3 
 .rodata.str1.4
                0x10007bc8       0x3a CMakeFiles/lora_uart.dir/C_/Users/savao/Documents/Pico/pico-sdk/src/rp2_common/pico_stdio_usb/stdio_usb_descriptors.c.obj
 *fill*         0x10007c02        0x2 
 .rodata.usbd_desc_cfg
                0x10007c04       0x54 CMakeFiles/lora_uart.dir/C_/Users/savao/Documents/Pico/pico-sdk/src/rp2_common/pico_stdio_usb/stdio_usb_descriptors.c.obj
 .rodata.usbd_desc_device
                0x10007c58       0x12 CMakeFiles/lora_uart.dir/C_/Users/savao/Documents/Pico/pico-sdk/src/rp2_common/pico_stdio_usb/stdio_usb_descriptors.c.obj
 *fill*         0x10007c6a        0x2 
 .rodata.usbd_desc_str
                0x10007c6c       0x18 CMakeFiles/lora_uart.dir/C_/Users/savao/Documents/Pico/pico-sdk/src/rp2_common/pico_stdio_usb/stdio_usb_descriptors.c.obj
 .rodata._hw_endpoint_alloc.str1.4
                0x10007c84       0xc1 CMakeFiles/lora_uart.dir/C_/Users/savao/Documents/Pico/pico-sdk/lib/tinyusb/src/portable/raspberrypi/rp2040/dcd_rp2040.c.obj
 *fill*         0x10007d45        0x3 
 .rodata._hw_endpoint_init.str1.4
                0x10007d48       0x28 CMakeFiles/lora_uart.dir/C_/Users/savao/Documents/Pico/pico-sdk/lib/tinyusb/src/portable/raspberrypi/rp2040/dcd_rp2040.c.obj
 .rodata.hw_handle_buff_status.str1.4
                0x10007d70        0xb CMakeFiles/lora_uart.dir/C_/Users/savao/Documents/Pico/pico-sdk/lib/tinyusb/src/portable/raspberrypi/rp2040/dcd_rp2040.c.obj
 *fill*         0x10007d7b        0x1 
 .rodata.dcd_rp2040_irq.str1.4
                0x10007d7c       0x14 CMakeFiles/lora_uart.dir/C_/Users/savao/Documents/Pico/pico-sdk/lib/tinyusb/src/portable/raspberrypi/rp2040/dcd_rp2040.c.obj
 .rodata._hw_endpoint_stall.str1.4
                0x10007d90        0xd CMakeFiles/lora_uart.dir/C_/Users/savao/Documents/Pico/pico-sdk/lib/tinyusb/src/portable/raspberrypi/rp2040/dcd_rp2040.c.obj
 *fill*         0x10007d9d        0x3 
 .rodata.dcd_int_enable.str1.4
                0x10007da0        0xc CMakeFiles/lora_uart.dir/C_/Users/savao/Documents/Pico/pico-sdk/lib/tinyusb/src/portable/raspberrypi/rp2040/dcd_rp2040.c.obj
 .rodata.__func__.0
                0x10007dac       0x15 CMakeFiles/lora_uart.dir/C_/Users/savao/Documents/Pico/pico-sdk/lib/tinyusb/src/portable/raspberrypi/rp2040/dcd_rp2040.c.obj
 *fill*         0x10007dc1        0x3 
 .rodata.__func__.1
                0x10007dc4       0x13 CMakeFiles/lora_uart.dir/C_/Users/savao/Documents/Pico/pico-sdk/lib/tinyusb/src/portable/raspberrypi/rp2040/dcd_rp2040.c.obj
 *fill*         0x10007dd7        0x1 
 .rodata.__func__.10
                0x10007dd8        0xf CMakeFiles/lora_uart.dir/C_/Users/savao/Documents/Pico/pico-sdk/lib/tinyusb/src/portable/raspberrypi/rp2040/dcd_rp2040.c.obj
 *fill*         0x10007de7        0x1 
 .rodata.__func__.11
                0x10007de8       0x13 CMakeFiles/lora_uart.dir/C_/Users/savao/Documents/Pico/pico-sdk/lib/tinyusb/src/portable/raspberrypi/rp2040/dcd_rp2040.c.obj
 *fill*         0x10007dfb        0x1 
 .rodata.__func__.12
                0x10007dfc       0x16 CMakeFiles/lora_uart.dir/C_/Users/savao/Documents/Pico/pico-sdk/lib/tinyusb/src/portable/raspberrypi/rp2040/dcd_rp2040.c.obj
 *fill*         0x10007e12        0x2 
 .rodata.__func__.13
                0x10007e14        0x9 CMakeFiles/lora_uart.dir/C_/Users/savao/Documents/Pico/pico-sdk/lib/tinyusb/src/portable/raspberrypi/rp2040/dcd_rp2040.c.obj
 *fill*         0x10007e1d        0x3 
 .rodata.__func__.2
                0x10007e20        0xf CMakeFiles/lora_uart.dir/C_/Users/savao/Documents/Pico/pico-sdk/lib/tinyusb/src/portable/raspberrypi/rp2040/dcd_rp2040.c.obj
 *fill*         0x10007e2f        0x1 
 .rodata.__func__.3
                0x10007e30        0xe CMakeFiles/lora_uart.dir/C_/Users/savao/Documents/Pico/pico-sdk/lib/tinyusb/src/portable/raspberrypi/rp2040/dcd_rp2040.c.obj
 *fill*         0x10007e3e        0x2 
 .rodata.__func__.4
                0x10007e40        0xe CMakeFiles/lora_uart.dir/C_/Users/savao/Documents/Pico/pico-sdk/lib/tinyusb/src/portable/raspberrypi/rp2040/dcd_rp2040.c.obj
 *fill*         0x10007e4e        0x2 
 .rodata.__func__.5
                0x10007e50       0x1a CMakeFiles/lora_uart.dir/C_/Users/savao/Documents/Pico/pico-sdk/lib/tinyusb/src/portable/raspberrypi/rp2040/dcd_rp2040.c.obj
 *fill*         0x10007e6a        0x2 
 .rodata.__func__.6
                0x10007e6c        0xc CMakeFiles/lora_uart.dir/C_/Users/savao/Documents/Pico/pico-sdk/lib/tinyusb/src/portable/raspberrypi/rp2040/dcd_rp2040.c.obj
 .rodata.__func__.8
                0x10007e78       0x10 CMakeFiles/lora_uart.dir/C_/Users/savao/Documents/Pico/pico-sdk/lib/tinyusb/src/portable/raspberrypi/rp2040/dcd_rp2040.c.obj
 .rodata._hw_endpoint_buffer_control_update32.str1.4
                0x10007e88       0x1f CMakeFiles/lora_uart.dir/C_/Users/savao/Documents/Pico/pico-sdk/lib/tinyusb/src/portable/raspberrypi/rp2040/rp2040_usb.c.obj
 *fill*         0x10007ea7        0x1 
 .rodata._hw_endpoint_xfer_sync.str1.4
                0x10007ea8       0x9d CMakeFiles/lora_uart.dir/C_/Users/savao/Documents/Pico/pico-sdk/lib/tinyusb/src/portable/raspberrypi/rp2040/rp2040_usb.c.obj
 *fill*         0x10007f45        0x3 
 .rodata._hw_endpoint_xfer_continue.str1.4
                0x10007f48       0x50 CMakeFiles/lora_uart.dir/C_/Users/savao/Documents/Pico/pico-sdk/lib/tinyusb/src/portable/raspberrypi/rp2040/rp2040_usb.c.obj
 .rodata._hw_endpoint_xfer.str1.4
                0x10007f98        0xf CMakeFiles/lora_uart.dir/C_/Users/savao/Documents/Pico/pico-sdk/lib/tinyusb/src/portable/raspberrypi/rp2040/rp2040_usb.c.obj
 *fill*         0x10007fa7        0x1 
 .rodata.str1.4
                0x10007fa8        0x7 CMakeFiles/lora_uart.dir/C_/Users/savao/Documents/Pico/pico-sdk/lib/tinyusb/src/portable/raspberrypi/rp2040/rp2040_usb.c.obj
 *fill*         0x10007faf        0x1 
 .rodata.__func__.0
                0x10007fb0       0x12 CMakeFiles/lora_uart.dir/C_/Users/savao/Documents/Pico/pico-sdk/lib/tinyusb/src/portable/raspberrypi/rp2040/rp2040_usb.c.obj
 *fill*         0x10007fc2        0x2 
 .rodata.__func__.1
                0x10007fc4       0x17 CMakeFiles/lora_uart.dir/C_/Users/savao/Documents/Pico/pico-sdk/lib/tinyusb/src/portable/raspberrypi/rp2040/rp2040_usb.c.obj
 *fill*         0x10007fdb        0x1 
 .rodata.process_set_config.str1.4
                0x10007fdc       0x17 CMakeFiles/lora_uart.dir/C_/Users/savao/Documents/Pico/pico-sdk/lib/tinyusb/src/device/usbd.c.obj
 *fill*         0x10007ff3        0x1 
 .rodata.process_get_descriptor
                0x10007ff4       0x40 CMakeFiles/lora_uart.dir/C_/Users/savao/Documents/Pico/pico-sdk/lib/tinyusb/src/device/usbd.c.obj
 .rodata.dcd_event_handler.str1.4
                0x10008034       0x58 CMakeFiles/lora_uart.dir/C_/Users/savao/Documents/Pico/pico-sdk/lib/tinyusb/src/device/usbd.c.obj
 .rodata.process_control_request
                0x1000808c       0x28 CMakeFiles/lora_uart.dir/C_/Users/savao/Documents/Pico/pico-sdk/lib/tinyusb/src/device/usbd.c.obj
 .rodata.tud_task
                0x100080b4       0x24 CMakeFiles/lora_uart.dir/C_/Users/savao/Documents/Pico/pico-sdk/lib/tinyusb/src/device/usbd.c.obj
 .rodata.__func__.1
                0x100080d8        0xf CMakeFiles/lora_uart.dir/C_/Users/savao/Documents/Pico/pico-sdk/lib/tinyusb/src/device/usbd.c.obj
 *fill*         0x100080e7        0x1 
 .rodata.__func__.2
                0x100080e8       0x14 CMakeFiles/lora_uart.dir/C_/Users/savao/Documents/Pico/pico-sdk/lib/tinyusb/src/device/usbd.c.obj
 .rodata.__func__.3
                0x100080fc       0x10 CMakeFiles/lora_uart.dir/C_/Users/savao/Documents/Pico/pico-sdk/lib/tinyusb/src/device/usbd.c.obj
 .rodata.__func__.4
                0x1000810c       0x17 CMakeFiles/lora_uart.dir/C_/Users/savao/Documents/Pico/pico-sdk/lib/tinyusb/src/device/usbd.c.obj
 *fill*         0x10008123        0x1 
 .rodata.__func__.5
                0x10008124       0x13 CMakeFiles/lora_uart.dir/C_/Users/savao/Documents/Pico/pico-sdk/lib/tinyusb/src/device/usbd.c.obj
 *fill*         0x10008137        0x1 
 .rodata.__func__.6
                0x10008138       0x18 CMakeFiles/lora_uart.dir/C_/Users/savao/Documents/Pico/pico-sdk/lib/tinyusb/src/device/usbd.c.obj
 .rodata.__func__.7
                0x10008150       0x13 CMakeFiles/lora_uart.dir/C_/Users/savao/Documents/Pico/pico-sdk/lib/tinyusb/src/device/usbd.c.obj
 *fill*         0x10008163        0x1 
 .rodata.__func__.8
                0x10008164        0x9 CMakeFiles/lora_uart.dir/C_/Users/savao/Documents/Pico/pico-sdk/lib/tinyusb/src/device/usbd.c.obj
 *fill*         0x1000816d        0x3 
 .rodata._usbd_driver
                0x10008170       0x1c CMakeFiles/lora_uart.dir/C_/Users/savao/Documents/Pico/pico-sdk/lib/tinyusb/src/device/usbd.c.obj
 .rodata.tud_control_xfer.str1.4
                0x1000818c       0x17 CMakeFiles/lora_uart.dir/C_/Users/savao/Documents/Pico/pico-sdk/lib/tinyusb/src/device/usbd_control.c.obj
 .rodata.__func__.0
                0x1000818c       0x15 CMakeFiles/lora_uart.dir/C_/Users/savao/Documents/Pico/pico-sdk/lib/tinyusb/src/device/usbd_control.c.obj
 *fill*         0x100081a1        0x3 
 .rodata.__func__.1
                0x100081a4       0x11 CMakeFiles/lora_uart.dir/C_/Users/savao/Documents/Pico/pico-sdk/lib/tinyusb/src/device/usbd_control.c.obj
 .rodata.tud_cdc_n_write_flush.str1.4
                0x100081b5       0x17 CMakeFiles/lora_uart.dir/C_/Users/savao/Documents/Pico/pico-sdk/lib/tinyusb/src/class/cdc/cdc_device.c.obj
 *fill*         0x100081b5        0x3 
 .rodata.__func__.0
                0x100081b8        0xd CMakeFiles/lora_uart.dir/C_/Users/savao/Documents/Pico/pico-sdk/lib/tinyusb/src/class/cdc/cdc_device.c.obj
 *fill*         0x100081c5        0x3 
 .rodata.__func__.1
                0x100081c8        0xa CMakeFiles/lora_uart.dir/C_/Users/savao/Documents/Pico/pico-sdk/lib/tinyusb/src/class/cdc/cdc_device.c.obj
 *fill*         0x100081d2        0x2 
 .rodata.__func__.2
                0x100081d4       0x16 CMakeFiles/lora_uart.dir/C_/Users/savao/Documents/Pico/pico-sdk/lib/tinyusb/src/class/cdc/cdc_device.c.obj
 .rodata.tusb_init.str1.4
                0x100081ea       0x17 CMakeFiles/lora_uart.dir/C_/Users/savao/Documents/Pico/pico-sdk/lib/tinyusb/src/tusb.c.obj
 *fill*         0x100081ea        0x2 
 .rodata.__func__.0
                0x100081ec        0xa CMakeFiles/lora_uart.dir/C_/Users/savao/Documents/Pico/pico-sdk/lib/tinyusb/src/tusb.c.obj
                0x100081f8                . = ALIGN (0x4)
 *fill*         0x100081f6        0x2 
 *(SORT_BY_ALIGNMENT(SORT_BY_NAME(.flashdata*)))
                0x100081f8                . = ALIGN (0x4)

.rel.dyn        0x100081f8        0x0
 .rel.iplt      0x100081f8        0x0 c:/progra~2/gnuarm~1/102020~1/bin/../lib/gcc/arm-none-eabi/10.2.1/thumb/v6-m/nofp/crtbegin.o

.ARM.extab
 *(.ARM.extab* .gnu.linkonce.armextab.*)
                0x100081f8                __exidx_start = .

.ARM.exidx
 *(.ARM.exidx* .gnu.linkonce.armexidx.*)
                0x100081f8                __exidx_end = .
                0x100081f8                . = ALIGN (0x4)
                0x100081f8                __binary_info_start = .

.binary_info    0x100081f8       0x20
 *(.binary_info.keep.*)
 .binary_info.keep.__bi_ptr22
                0x100081f8        0x4 CMakeFiles/lora_uart.dir/C_/Users/savao/Documents/Pico/pico-sdk/src/rp2_common/pico_standard_link/binary_info.c.obj
 .binary_info.keep.__bi_ptr30
                0x100081fc        0x4 CMakeFiles/lora_uart.dir/C_/Users/savao/Documents/Pico/pico-sdk/src/rp2_common/pico_standard_link/binary_info.c.obj
 .binary_info.keep.__bi_ptr38
                0x10008200        0x4 CMakeFiles/lora_uart.dir/C_/Users/savao/Documents/Pico/pico-sdk/src/rp2_common/pico_standard_link/binary_info.c.obj
 .binary_info.keep.__bi_ptr44
                0x10008204        0x4 CMakeFiles/lora_uart.dir/C_/Users/savao/Documents/Pico/pico-sdk/src/rp2_common/pico_standard_link/binary_info.c.obj
 .binary_info.keep.__bi_ptr50
                0x10008208        0x4 CMakeFiles/lora_uart.dir/C_/Users/savao/Documents/Pico/pico-sdk/src/rp2_common/pico_standard_link/binary_info.c.obj
 .binary_info.keep.__bi_ptr75
                0x1000820c        0x4 CMakeFiles/lora_uart.dir/C_/Users/savao/Documents/Pico/pico-sdk/src/rp2_common/pico_standard_link/binary_info.c.obj
 .binary_info.keep.__bi_ptr81
                0x10008210        0x4 CMakeFiles/lora_uart.dir/C_/Users/savao/Documents/Pico/pico-sdk/src/rp2_common/pico_standard_link/binary_info.c.obj
 *(.binary_info.*)
 .binary_info.__bi_ptr93
                0x10008214        0x4 CMakeFiles/lora_uart.dir/C_/Users/savao/Documents/Pico/pico-sdk/src/rp2_common/pico_stdio_usb/stdio_usb.c.obj
                0x10008218                __binary_info_end = .
                0x10008218                . = ALIGN (0x4)
                0x10008218                __etext = .

.ram_vector_table
                0x20000000       0xc0
 *(.ram_vector_table)
 .ram_vector_table
                0x20000000       0xc0 CMakeFiles/lora_uart.dir/C_/Users/savao/Documents/Pico/pico-sdk/src/rp2_common/pico_runtime/runtime.c.obj
                0x20000000                ram_vector_table

.data           0x200000c0      0x328 load address 0x10008218
                0x200000c0                __data_start__ = .
 *(vtable)
 *(.time_critical*)
 .time_critical.mutex_enter_blocking
                0x200000c0       0x64 CMakeFiles/lora_uart.dir/C_/Users/savao/Documents/Pico/pico-sdk/src/common/pico_sync/mutex.c.obj
                0x200000c0                mutex_enter_blocking
 .time_critical.mutex_try_enter
                0x20000124       0x46 CMakeFiles/lora_uart.dir/C_/Users/savao/Documents/Pico/pico-sdk/src/common/pico_sync/mutex.c.obj
                0x20000124                mutex_try_enter
 *fill*         0x2000016a        0x2 
 .time_critical.mutex_enter_block_until
                0x2000016c       0x7c CMakeFiles/lora_uart.dir/C_/Users/savao/Documents/Pico/pico-sdk/src/common/pico_sync/mutex.c.obj
                0x2000016c                mutex_enter_block_until
 .time_critical.mutex_enter_timeout_ms
                0x200001e8       0x74 CMakeFiles/lora_uart.dir/C_/Users/savao/Documents/Pico/pico-sdk/src/common/pico_sync/mutex.c.obj
                0x200001e8                mutex_enter_timeout_ms
 .time_critical.mutex_exit
                0x2000025c       0x4c CMakeFiles/lora_uart.dir/C_/Users/savao/Documents/Pico/pico-sdk/src/common/pico_sync/mutex.c.obj
                0x2000025c                mutex_exit
 *(.text*)
 .text          0x200002a8        0x4 c:/progra~2/gnuarm~1/102020~1/bin/../lib/gcc/arm-none-eabi/10.2.1/thumb/v6-m/nofp\libgcc.a(_dvmd_tls.o)
                0x200002a8                __aeabi_idiv0
                0x200002a8                __aeabi_ldiv0
 *fill*         0x200002ac        0x4 
 .text.__stub   0x200002b0       0x40 linker stubs
                0x200002f0                . = ALIGN (0x4)
 *(.rodata*)
                0x200002f0                . = ALIGN (0x4)
 *(.data*)
 .data.striped_spin_lock_num
                0x200002f0        0x1 CMakeFiles/lora_uart.dir/C_/Users/savao/Documents/Pico/pico-sdk/src/rp2_common/hardware_sync/sync.c.obj
 *fill*         0x200002f1        0x3 
 .data.default_alarm_pool
                0x200002f4       0x18 CMakeFiles/lora_uart.dir/C_/Users/savao/Documents/Pico/pico-sdk/src/common/pico_time/time.c.obj
 .data.default_alarm_pool_heap
                0x2000030c       0x10 CMakeFiles/lora_uart.dir/C_/Users/savao/Documents/Pico/pico-sdk/src/common/pico_time/time.c.obj
 .data          0x2000031c       0x48 CMakeFiles/lora_uart.dir/C_/Users/savao/Documents/Pico/pico-sdk/src/rp2_common/hardware_irq/irq_handler_chain.S.obj
                0x2000031c                irq_handler_chain_slots
                0x2000034c                irq_handler_chain_first_slot
                0x20000356                irq_handler_chain_remove_tail
 *fill*         0x20000364        0xc 
 .data.aeabi_bits_funcs
                0x20000370       0x10 CMakeFiles/lora_uart.dir/C_/Users/savao/Documents/Pico/pico-sdk/src/rp2_common/pico_bit_ops/bit_ops_aeabi.S.obj
                0x20000370                aeabi_bits_funcs
                0x20000380                aeabi_bits_funcs_end
 .data.aeabi_mem_funcs
                0x20000380       0x10 CMakeFiles/lora_uart.dir/C_/Users/savao/Documents/Pico/pico-sdk/src/rp2_common/pico_mem_ops/mem_ops_aeabi.S.obj
                0x20000380                aeabi_mem_funcs
                0x20000390                aeabi_mem_funcs_end
 .data.stdio_usb
                0x20000390       0x14 CMakeFiles/lora_uart.dir/C_/Users/savao/Documents/Pico/pico-sdk/src/rp2_common/pico_stdio_usb/stdio_usb.c.obj
                0x20000390                stdio_usb
 .data.ep_dir_string
                0x200003a4        0x8 CMakeFiles/lora_uart.dir/C_/Users/savao/Documents/Pico/pico-sdk/lib/tinyusb/src/portable/raspberrypi/rp2040/rp2040_usb.c.obj
                0x200003a4                ep_dir_string
 .data._usbd_qdef
                0x200003ac       0x20 CMakeFiles/lora_uart.dir/C_/Users/savao/Documents/Pico/pico-sdk/lib/tinyusb/src/device/usbd.c.obj
                0x200003ac                _usbd_qdef
                0x200003cc                . = ALIGN (0x4)
 *(.after_data.*)
                0x200003cc                . = ALIGN (0x4)
                0x200003cc                PROVIDE (__mutex_array_start = .)
 *(SORT_BY_NAME(.mutex_array.*))
 *(.mutex_array)
 .mutex_array   0x200003cc        0x8 CMakeFiles/lora_uart.dir/C_/Users/savao/Documents/Pico/pico-sdk/src/rp2_common/pico_stdio/stdio.c.obj
                0x200003d4                PROVIDE (__mutex_array_end = .)
                0x200003d4                . = ALIGN (0x4)
                0x200003d4                PROVIDE (__preinit_array_start = .)
 *(SORT_BY_NAME(.preinit_array.*))
 .preinit_array.00001
                0x200003d4        0x4 CMakeFiles/lora_uart.dir/C_/Users/savao/Documents/Pico/pico-sdk/src/rp2_common/pico_mem_ops/mem_ops_aeabi.S.obj
 .preinit_array.00010
                0x200003d8        0x4 CMakeFiles/lora_uart.dir/C_/Users/savao/Documents/Pico/pico-sdk/src/rp2_common/pico_bit_ops/bit_ops_aeabi.S.obj
 .preinit_array.00020
                0x200003dc        0x4 CMakeFiles/lora_uart.dir/C_/Users/savao/Documents/Pico/pico-sdk/src/rp2_common/pico_double/double_aeabi.S.obj
 .preinit_array.00020
                0x200003e0        0x4 CMakeFiles/lora_uart.dir/C_/Users/savao/Documents/Pico/pico-sdk/src/rp2_common/pico_float/float_aeabi.S.obj
 *(.preinit_array)
                0x200003e4                PROVIDE (__preinit_array_end = .)
                0x200003e4                . = ALIGN (0x4)
                0x200003e4                PROVIDE (__init_array_start = .)
 *(SORT_BY_NAME(.init_array.*))
 *(.init_array)
 .init_array    0x200003e4        0x4 c:/progra~2/gnuarm~1/102020~1/bin/../lib/gcc/arm-none-eabi/10.2.1/thumb/v6-m/nofp/crtbegin.o
                0x200003e8                PROVIDE (__init_array_end = .)
                0x200003e8                . = ALIGN (0x4)
                [!provide]                PROVIDE (__fini_array_start = .)
 *(SORT_BY_NAME(.fini_array.*))
 *(.fini_array)
                [!provide]                PROVIDE (__fini_array_end = .)
 *(.jcr)
                0x200003e8                . = ALIGN (0x4)
                0x200003e8                __data_end__ = .

.igot.plt       0x200003e8        0x0 load address 0x10008540
 .igot.plt      0x200003e8        0x0 c:/progra~2/gnuarm~1/102020~1/bin/../lib/gcc/arm-none-eabi/10.2.1/thumb/v6-m/nofp/crtbegin.o

.uninitialized_data
                0x200003e8        0x0 load address 0x10008540
                0x200003e8                . = ALIGN (0x4)
 *(.uninitialized_data*)

.scratch_x      0x20040000        0x0 load address 0x10008540
                0x20040000                __scratch_x_start__ = .
 *(.scratch_x.*)
                0x20040000                . = ALIGN (0x4)
                0x20040000                __scratch_x_end__ = .
                0x10008540                __scratch_x_source__ = LOADADDR (.scratch_x)

.scratch_y      0x20041000        0x0 load address 0x10008540
                0x20041000                __scratch_y_start__ = .
 *(.scratch_y.*)